[INFO] | 2023-05-29 02:50:45 AM | analyzer.0xfdb27beadad89f8282c51f5e5a4e77c1f19d7220 | Analysis started at: 2023-05-29 02:50:45 AM
[INFO] | 2023-05-29 02:50:45 AM | analyzer.0xfdb27beadad89f8282c51f5e5a4e77c1f19d7220 | Version constraints: ['^0.4.25']
[INFO] | 2023-05-29 02:50:45 AM | analyzer.0xfdb27beadad89f8282c51f5e5a4e77c1f19d7220 | solc version: v0.4.25
[INFO] | 2023-05-29 02:50:45 AM | analyzer.0xfdb27beadad89f8282c51f5e5a4e77c1f19d7220 | Callgraph generation started!
[INFO] | 2023-05-29 02:50:45 AM | analyzer.0xfdb27beadad89f8282c51f5e5a4e77c1f19d7220 | Callgraph generation finished!
[INFO] | 2023-05-29 02:50:45 AM | analyzer.0xfdb27beadad89f8282c51f5e5a4e77c1f19d7220 | Interprocedural CFG generation started!
[INFO] | 2023-05-29 02:50:45 AM | analyzer.0xfdb27beadad89f8282c51f5e5a4e77c1f19d7220 | Interprocedural CFG generation finished!
[INFO] | 2023-05-29 02:50:45 AM | analyzer.0xfdb27beadad89f8282c51f5e5a4e77c1f19d7220 | Storage dependency graph generation started!
[INFO] | 2023-05-29 02:50:45 AM | analyzer.0xfdb27beadad89f8282c51f5e5a4e77c1f19d7220 | Storage dependency graph generation finished!
[INFO] | 2023-05-29 02:50:45 AM | analyzer.0xfdb27beadad89f8282c51f5e5a4e77c1f19d7220 | Value Range Analysis started
[INFO] | 2023-05-29 02:50:45 AM | analyzer.0xfdb27beadad89f8282c51f5e5a4e77c1f19d7220 | Generating return summary for CB_Bank
[INFO] | 2023-05-29 02:50:45 AM | analyzer.0xfdb27beadad89f8282c51f5e5a4e77c1f19d7220 | Return summary generated for CB_Bank
[INFO] | 2023-05-29 02:50:45 AM | analyzer.0xfdb27beadad89f8282c51f5e5a4e77c1f19d7220 | Range graph generated
[INFO] | 2023-05-29 02:50:45 AM | analyzer.0xfdb27beadad89f8282c51f5e5a4e77c1f19d7220 | Processed function CB_Bank
[INFO] | 2023-05-29 02:50:45 AM | analyzer.0xfdb27beadad89f8282c51f5e5a4e77c1f19d7220 | Generating return summary for slitherConstructorVariables
[INFO] | 2023-05-29 02:50:45 AM | analyzer.0xfdb27beadad89f8282c51f5e5a4e77c1f19d7220 | Return summary generated for slitherConstructorVariables
[INFO] | 2023-05-29 02:50:45 AM | analyzer.0xfdb27beadad89f8282c51f5e5a4e77c1f19d7220 | Range graph generated
[INFO] | 2023-05-29 02:50:45 AM | analyzer.0xfdb27beadad89f8282c51f5e5a4e77c1f19d7220 | Processed function slitherConstructorVariables
[INFO] | 2023-05-29 02:50:45 AM | analyzer.0xfdb27beadad89f8282c51f5e5a4e77c1f19d7220 | Generating return summary for AddMessage
[INFO] | 2023-05-29 02:50:45 AM | analyzer.0xfdb27beadad89f8282c51f5e5a4e77c1f19d7220 | Return summary generated for AddMessage
[INFO] | 2023-05-29 02:50:45 AM | analyzer.0xfdb27beadad89f8282c51f5e5a4e77c1f19d7220 | Range graph generated
[INFO] | 2023-05-29 02:50:45 AM | analyzer.0xfdb27beadad89f8282c51f5e5a4e77c1f19d7220 | Processed function AddMessage
[INFO] | 2023-05-29 02:50:45 AM | analyzer.0xfdb27beadad89f8282c51f5e5a4e77c1f19d7220 | Generating return summary for Put
[INFO] | 2023-05-29 02:50:45 AM | analyzer.0xfdb27beadad89f8282c51f5e5a4e77c1f19d7220 | Return summary generated for Put
[INFO] | 2023-05-29 02:50:45 AM | analyzer.0xfdb27beadad89f8282c51f5e5a4e77c1f19d7220 | Range graph generated
[INFO] | 2023-05-29 02:50:45 AM | analyzer.0xfdb27beadad89f8282c51f5e5a4e77c1f19d7220 | Processed function Put
[INFO] | 2023-05-29 02:50:45 AM | analyzer.0xfdb27beadad89f8282c51f5e5a4e77c1f19d7220 | Generating return summary for Collect
[INFO] | 2023-05-29 02:50:45 AM | analyzer.0xfdb27beadad89f8282c51f5e5a4e77c1f19d7220 | Return summary generated for Collect
[INFO] | 2023-05-29 02:50:45 AM | analyzer.0xfdb27beadad89f8282c51f5e5a4e77c1f19d7220 | Range graph generated
[INFO] | 2023-05-29 02:50:45 AM | analyzer.0xfdb27beadad89f8282c51f5e5a4e77c1f19d7220 | Processed function Collect
[INFO] | 2023-05-29 02:50:45 AM | analyzer.0xfdb27beadad89f8282c51f5e5a4e77c1f19d7220 | Generating return summary for fallback
[INFO] | 2023-05-29 02:50:45 AM | analyzer.0xfdb27beadad89f8282c51f5e5a4e77c1f19d7220 | Return summary generated for fallback
[INFO] | 2023-05-29 02:50:45 AM | analyzer.0xfdb27beadad89f8282c51f5e5a4e77c1f19d7220 | Range graph generated
[INFO] | 2023-05-29 02:50:45 AM | analyzer.0xfdb27beadad89f8282c51f5e5a4e77c1f19d7220 | Processed function fallback
[INFO] | 2023-05-29 02:50:45 AM | analyzer.0xfdb27beadad89f8282c51f5e5a4e77c1f19d7220 | Value Range Analysis took 0.007608 seconds
[INFO] | 2023-05-29 02:50:45 AM | analyzer.0xfdb27beadad89f8282c51f5e5a4e77c1f19d7220 | Value Range Analysis finished
[INFO] | 2023-05-29 02:50:45 AM | analyzer.0xfdb27beadad89f8282c51f5e5a4e77c1f19d7220 | Storage dependency graph compostion started!
[INFO] | 2023-05-29 02:50:45 AM | analyzer.0xfdb27beadad89f8282c51f5e5a4e77c1f19d7220 | Storage dependency graph compostion finished!
[INFO] | 2023-05-29 02:50:45 AM | analyzer.0xfdb27beadad89f8282c51f5e5a4e77c1f19d7220 | Dependency detection started!
[INFO] | 2023-05-29 02:50:45 AM | analyzer.0xfdb27beadad89f8282c51f5e5a4e77c1f19d7220 | Dependency detection finished!
[INFO] | 2023-05-29 02:50:45 AM | analyzer.0xfdb27beadad89f8282c51f5e5a4e77c1f19d7220 | Static Analysis took 0.794566 seconds
[INFO] | 2023-05-29 02:50:45 AM | analyzer.0xfdb27beadad89f8282c51f5e5a4e77c1f19d7220 | Dependency does not exist
[INFO] | 2023-05-29 02:50:45 AM | analyzer.0xfdb27beadad89f8282c51f5e5a4e77c1f19d7220 | Symbolic execution is not needed!
[INFO] | 2023-05-29 02:50:45 AM | analyzer.0xfdb27beadad89f8282c51f5e5a4e77c1f19d7220 | Analysis finished!
[INFO] | 2023-05-29 02:50:45 AM | analyzer.0xfdb27beadad89f8282c51f5e5a4e77c1f19d7220 | Analysis took 0.795398 seconds
[INFO] | 2023-05-29 02:50:45 AM | analyzer.0xfdb27beadad89f8282c51f5e5a4e77c1f19d7220 | Analysis finished at: 2023-05-29 02:50:45 AM
