[INFO] | 2023-06-04 02:18:27 PM | analyzer.Overflow-Underflow_buggy_0x4d904f554dfefeb3e55e542f9d6db6bf4da9ed3b | Analysis started at: 2023-06-04 02:18:27 PM
[INFO] | 2023-06-04 02:18:28 PM | analyzer.Overflow-Underflow_buggy_0x4d904f554dfefeb3e55e542f9d6db6bf4da9ed3b | Version constraints: ['^0.4.26']
[INFO] | 2023-06-04 02:18:28 PM | analyzer.Overflow-Underflow_buggy_0x4d904f554dfefeb3e55e542f9d6db6bf4da9ed3b | solc version: v0.4.26
[INFO] | 2023-06-04 02:18:28 PM | analyzer.Overflow-Underflow_buggy_0x4d904f554dfefeb3e55e542f9d6db6bf4da9ed3b | Callgraph generation started!
[INFO] | 2023-06-04 02:18:28 PM | analyzer.Overflow-Underflow_buggy_0x4d904f554dfefeb3e55e542f9d6db6bf4da9ed3b | Callgraph generation finished!
[INFO] | 2023-06-04 02:18:28 PM | analyzer.Overflow-Underflow_buggy_0x4d904f554dfefeb3e55e542f9d6db6bf4da9ed3b | Interprocedural CFG generation started!
[INFO] | 2023-06-04 02:18:28 PM | analyzer.Overflow-Underflow_buggy_0x4d904f554dfefeb3e55e542f9d6db6bf4da9ed3b | Interprocedural CFG generation finished!
[INFO] | 2023-06-04 02:18:28 PM | analyzer.Overflow-Underflow_buggy_0x4d904f554dfefeb3e55e542f9d6db6bf4da9ed3b | Storage dependency graph generation started!
[INFO] | 2023-06-04 02:18:28 PM | analyzer.Overflow-Underflow_buggy_0x4d904f554dfefeb3e55e542f9d6db6bf4da9ed3b | Storage dependency graph generation finished!
[INFO] | 2023-06-04 02:18:28 PM | analyzer.Overflow-Underflow_buggy_0x4d904f554dfefeb3e55e542f9d6db6bf4da9ed3b | Value Range Analysis started
[INFO] | 2023-06-04 02:18:28 PM | analyzer.Overflow-Underflow_buggy_0x4d904f554dfefeb3e55e542f9d6db6bf4da9ed3b | Generating return summary for SimpleERC20Token
[INFO] | 2023-06-04 02:18:28 PM | analyzer.Overflow-Underflow_buggy_0x4d904f554dfefeb3e55e542f9d6db6bf4da9ed3b | Return summary generated for SimpleERC20Token
[INFO] | 2023-06-04 02:18:28 PM | analyzer.Overflow-Underflow_buggy_0x4d904f554dfefeb3e55e542f9d6db6bf4da9ed3b | Range graph generated
[INFO] | 2023-06-04 02:18:28 PM | analyzer.Overflow-Underflow_buggy_0x4d904f554dfefeb3e55e542f9d6db6bf4da9ed3b | Processed function SimpleERC20Token
[INFO] | 2023-06-04 02:18:28 PM | analyzer.Overflow-Underflow_buggy_0x4d904f554dfefeb3e55e542f9d6db6bf4da9ed3b | Generating return summary for transfer
[INFO] | 2023-06-04 02:18:28 PM | analyzer.Overflow-Underflow_buggy_0x4d904f554dfefeb3e55e542f9d6db6bf4da9ed3b | Return summary generated for transfer
[INFO] | 2023-06-04 02:18:28 PM | analyzer.Overflow-Underflow_buggy_0x4d904f554dfefeb3e55e542f9d6db6bf4da9ed3b | Range graph generated
[INFO] | 2023-06-04 02:18:28 PM | analyzer.Overflow-Underflow_buggy_0x4d904f554dfefeb3e55e542f9d6db6bf4da9ed3b | Processed function transfer
[INFO] | 2023-06-04 02:18:28 PM | analyzer.Overflow-Underflow_buggy_0x4d904f554dfefeb3e55e542f9d6db6bf4da9ed3b | Generating return summary for bug_intou3
[INFO] | 2023-06-04 02:18:28 PM | analyzer.Overflow-Underflow_buggy_0x4d904f554dfefeb3e55e542f9d6db6bf4da9ed3b | Return summary generated for bug_intou3
[INFO] | 2023-06-04 02:18:28 PM | analyzer.Overflow-Underflow_buggy_0x4d904f554dfefeb3e55e542f9d6db6bf4da9ed3b | State variable assignement do not exist
[INFO] | 2023-06-04 02:18:28 PM | analyzer.Overflow-Underflow_buggy_0x4d904f554dfefeb3e55e542f9d6db6bf4da9ed3b | Processed function bug_intou3
[INFO] | 2023-06-04 02:18:28 PM | analyzer.Overflow-Underflow_buggy_0x4d904f554dfefeb3e55e542f9d6db6bf4da9ed3b | Generating return summary for approve
[INFO] | 2023-06-04 02:18:28 PM | analyzer.Overflow-Underflow_buggy_0x4d904f554dfefeb3e55e542f9d6db6bf4da9ed3b | Return summary generated for approve
[INFO] | 2023-06-04 02:18:28 PM | analyzer.Overflow-Underflow_buggy_0x4d904f554dfefeb3e55e542f9d6db6bf4da9ed3b | Range graph generated
[INFO] | 2023-06-04 02:18:28 PM | analyzer.Overflow-Underflow_buggy_0x4d904f554dfefeb3e55e542f9d6db6bf4da9ed3b | Processed function approve
[INFO] | 2023-06-04 02:18:28 PM | analyzer.Overflow-Underflow_buggy_0x4d904f554dfefeb3e55e542f9d6db6bf4da9ed3b | Generating return summary for transferFrom
[INFO] | 2023-06-04 02:18:28 PM | analyzer.Overflow-Underflow_buggy_0x4d904f554dfefeb3e55e542f9d6db6bf4da9ed3b | Return summary generated for transferFrom
[INFO] | 2023-06-04 02:18:28 PM | analyzer.Overflow-Underflow_buggy_0x4d904f554dfefeb3e55e542f9d6db6bf4da9ed3b | Range graph generated
[INFO] | 2023-06-04 02:18:28 PM | analyzer.Overflow-Underflow_buggy_0x4d904f554dfefeb3e55e542f9d6db6bf4da9ed3b | Processed function transferFrom
[INFO] | 2023-06-04 02:18:28 PM | analyzer.Overflow-Underflow_buggy_0x4d904f554dfefeb3e55e542f9d6db6bf4da9ed3b | Generating return summary for slitherConstructorVariables
[INFO] | 2023-06-04 02:18:28 PM | analyzer.Overflow-Underflow_buggy_0x4d904f554dfefeb3e55e542f9d6db6bf4da9ed3b | Return summary generated for slitherConstructorVariables
[INFO] | 2023-06-04 02:18:28 PM | analyzer.Overflow-Underflow_buggy_0x4d904f554dfefeb3e55e542f9d6db6bf4da9ed3b | Range graph generated
[INFO] | 2023-06-04 02:18:28 PM | analyzer.Overflow-Underflow_buggy_0x4d904f554dfefeb3e55e542f9d6db6bf4da9ed3b | Processed function slitherConstructorVariables
[INFO] | 2023-06-04 02:18:28 PM | analyzer.Overflow-Underflow_buggy_0x4d904f554dfefeb3e55e542f9d6db6bf4da9ed3b | Value Range Analysis took 0.021183 seconds
[INFO] | 2023-06-04 02:18:28 PM | analyzer.Overflow-Underflow_buggy_0x4d904f554dfefeb3e55e542f9d6db6bf4da9ed3b | Value Range Analysis finished
[INFO] | 2023-06-04 02:18:28 PM | analyzer.Overflow-Underflow_buggy_0x4d904f554dfefeb3e55e542f9d6db6bf4da9ed3b | Storage dependency graph compostion started!
[INFO] | 2023-06-04 02:18:28 PM | analyzer.Overflow-Underflow_buggy_0x4d904f554dfefeb3e55e542f9d6db6bf4da9ed3b | Storage dependency graph compostion finished!
[INFO] | 2023-06-04 02:18:28 PM | analyzer.Overflow-Underflow_buggy_0x4d904f554dfefeb3e55e542f9d6db6bf4da9ed3b | Dependency detection started!
[INFO] | 2023-06-04 02:18:28 PM | analyzer.Overflow-Underflow_buggy_0x4d904f554dfefeb3e55e542f9d6db6bf4da9ed3b | Dependency detection finished!
[INFO] | 2023-06-04 02:18:28 PM | analyzer.Overflow-Underflow_buggy_0x4d904f554dfefeb3e55e542f9d6db6bf4da9ed3b | Static Analysis took 0.355498 seconds
[INFO] | 2023-06-04 02:18:28 PM | analyzer.Overflow-Underflow_buggy_0x4d904f554dfefeb3e55e542f9d6db6bf4da9ed3b | Dependency does not exist
[INFO] | 2023-06-04 02:18:28 PM | analyzer.Overflow-Underflow_buggy_0x4d904f554dfefeb3e55e542f9d6db6bf4da9ed3b | Symbolic execution is not needed!
[INFO] | 2023-06-04 02:18:28 PM | analyzer.Overflow-Underflow_buggy_0x4d904f554dfefeb3e55e542f9d6db6bf4da9ed3b | Analysis finished!
[INFO] | 2023-06-04 02:18:28 PM | analyzer.Overflow-Underflow_buggy_0x4d904f554dfefeb3e55e542f9d6db6bf4da9ed3b | Analysis took 0.356164 seconds
[INFO] | 2023-06-04 02:18:28 PM | analyzer.Overflow-Underflow_buggy_0x4d904f554dfefeb3e55e542f9d6db6bf4da9ed3b | Analysis finished at: 2023-06-04 02:18:28 PM
