[INFO] | 2023-06-04 02:27:36 PM | analyzer.Overflow-Underflow_buggy_0xd13a124b14f7e451cc546cace61d569c8f66a90f | Analysis started at: 2023-06-04 02:27:36 PM
[INFO] | 2023-06-04 02:27:36 PM | analyzer.Overflow-Underflow_buggy_0xd13a124b14f7e451cc546cace61d569c8f66a90f | Version constraints: ['^0.4.26']
[INFO] | 2023-06-04 02:27:36 PM | analyzer.Overflow-Underflow_buggy_0xd13a124b14f7e451cc546cace61d569c8f66a90f | solc version: v0.4.26
[INFO] | 2023-06-04 02:27:36 PM | analyzer.Overflow-Underflow_buggy_0xd13a124b14f7e451cc546cace61d569c8f66a90f | Callgraph generation started!
[INFO] | 2023-06-04 02:27:36 PM | analyzer.Overflow-Underflow_buggy_0xd13a124b14f7e451cc546cace61d569c8f66a90f | Callgraph generation finished!
[INFO] | 2023-06-04 02:27:36 PM | analyzer.Overflow-Underflow_buggy_0xd13a124b14f7e451cc546cace61d569c8f66a90f | Interprocedural CFG generation started!
[INFO] | 2023-06-04 02:27:36 PM | analyzer.Overflow-Underflow_buggy_0xd13a124b14f7e451cc546cace61d569c8f66a90f | Interprocedural CFG generation finished!
[INFO] | 2023-06-04 02:27:36 PM | analyzer.Overflow-Underflow_buggy_0xd13a124b14f7e451cc546cace61d569c8f66a90f | Storage dependency graph generation started!
[INFO] | 2023-06-04 02:27:36 PM | analyzer.Overflow-Underflow_buggy_0xd13a124b14f7e451cc546cace61d569c8f66a90f | Storage dependency graph generation finished!
[INFO] | 2023-06-04 02:27:36 PM | analyzer.Overflow-Underflow_buggy_0xd13a124b14f7e451cc546cace61d569c8f66a90f | Value Range Analysis started
[INFO] | 2023-06-04 02:27:36 PM | analyzer.Overflow-Underflow_buggy_0xd13a124b14f7e451cc546cace61d569c8f66a90f | Generating return summary for slitherConstructorConstantVariables
[INFO] | 2023-06-04 02:27:36 PM | analyzer.Overflow-Underflow_buggy_0xd13a124b14f7e451cc546cace61d569c8f66a90f | Return summary generated for slitherConstructorConstantVariables
[INFO] | 2023-06-04 02:27:36 PM | analyzer.Overflow-Underflow_buggy_0xd13a124b14f7e451cc546cace61d569c8f66a90f | Range graph generated
[INFO] | 2023-06-04 02:27:36 PM | analyzer.Overflow-Underflow_buggy_0xd13a124b14f7e451cc546cace61d569c8f66a90f | Processed function slitherConstructorConstantVariables
[INFO] | 2023-06-04 02:27:36 PM | analyzer.Overflow-Underflow_buggy_0xd13a124b14f7e451cc546cace61d569c8f66a90f | Generating return summary for transfer_intou34
[INFO] | 2023-06-04 02:27:36 PM | analyzer.Overflow-Underflow_buggy_0xd13a124b14f7e451cc546cace61d569c8f66a90f | Return summary generated for transfer_intou34
[INFO] | 2023-06-04 02:27:36 PM | analyzer.Overflow-Underflow_buggy_0xd13a124b14f7e451cc546cace61d569c8f66a90f | Range graph generated
[INFO] | 2023-06-04 02:27:36 PM | analyzer.Overflow-Underflow_buggy_0xd13a124b14f7e451cc546cace61d569c8f66a90f | Processed function transfer_intou34
[INFO] | 2023-06-04 02:27:36 PM | analyzer.Overflow-Underflow_buggy_0xd13a124b14f7e451cc546cace61d569c8f66a90f | Generating return summary for constructor
[INFO] | 2023-06-04 02:27:36 PM | analyzer.Overflow-Underflow_buggy_0xd13a124b14f7e451cc546cace61d569c8f66a90f | Return summary generated for constructor
[INFO] | 2023-06-04 02:27:36 PM | analyzer.Overflow-Underflow_buggy_0xd13a124b14f7e451cc546cace61d569c8f66a90f | Range graph generated
[INFO] | 2023-06-04 02:27:36 PM | analyzer.Overflow-Underflow_buggy_0xd13a124b14f7e451cc546cace61d569c8f66a90f | Processed function constructor
[INFO] | 2023-06-04 02:27:36 PM | analyzer.Overflow-Underflow_buggy_0xd13a124b14f7e451cc546cace61d569c8f66a90f | Generating return summary for totalSupply
[INFO] | 2023-06-04 02:27:36 PM | analyzer.Overflow-Underflow_buggy_0xd13a124b14f7e451cc546cace61d569c8f66a90f | Return summary generated for totalSupply
[INFO] | 2023-06-04 02:27:36 PM | analyzer.Overflow-Underflow_buggy_0xd13a124b14f7e451cc546cace61d569c8f66a90f | State variable assignement do not exist
[INFO] | 2023-06-04 02:27:36 PM | analyzer.Overflow-Underflow_buggy_0xd13a124b14f7e451cc546cace61d569c8f66a90f | Processed function totalSupply
[INFO] | 2023-06-04 02:27:36 PM | analyzer.Overflow-Underflow_buggy_0xd13a124b14f7e451cc546cace61d569c8f66a90f | Generating return summary for balanceOf
[INFO] | 2023-06-04 02:27:36 PM | analyzer.Overflow-Underflow_buggy_0xd13a124b14f7e451cc546cace61d569c8f66a90f | Return summary generated for balanceOf
[INFO] | 2023-06-04 02:27:36 PM | analyzer.Overflow-Underflow_buggy_0xd13a124b14f7e451cc546cace61d569c8f66a90f | State variable assignement do not exist
[INFO] | 2023-06-04 02:27:36 PM | analyzer.Overflow-Underflow_buggy_0xd13a124b14f7e451cc546cace61d569c8f66a90f | Processed function balanceOf
[INFO] | 2023-06-04 02:27:36 PM | analyzer.Overflow-Underflow_buggy_0xd13a124b14f7e451cc546cace61d569c8f66a90f | Generating return summary for approve
[INFO] | 2023-06-04 02:27:36 PM | analyzer.Overflow-Underflow_buggy_0xd13a124b14f7e451cc546cace61d569c8f66a90f | Return summary generated for approve
[INFO] | 2023-06-04 02:27:36 PM | analyzer.Overflow-Underflow_buggy_0xd13a124b14f7e451cc546cace61d569c8f66a90f | Range graph generated
[INFO] | 2023-06-04 02:27:36 PM | analyzer.Overflow-Underflow_buggy_0xd13a124b14f7e451cc546cace61d569c8f66a90f | Processed function approve
[INFO] | 2023-06-04 02:27:36 PM | analyzer.Overflow-Underflow_buggy_0xd13a124b14f7e451cc546cace61d569c8f66a90f | Generating return summary for allowance
[INFO] | 2023-06-04 02:27:36 PM | analyzer.Overflow-Underflow_buggy_0xd13a124b14f7e451cc546cace61d569c8f66a90f | Return summary generated for allowance
[INFO] | 2023-06-04 02:27:36 PM | analyzer.Overflow-Underflow_buggy_0xd13a124b14f7e451cc546cace61d569c8f66a90f | State variable assignement do not exist
[INFO] | 2023-06-04 02:27:36 PM | analyzer.Overflow-Underflow_buggy_0xd13a124b14f7e451cc546cace61d569c8f66a90f | Processed function allowance
[INFO] | 2023-06-04 02:27:36 PM | analyzer.Overflow-Underflow_buggy_0xd13a124b14f7e451cc546cace61d569c8f66a90f | Generating return summary for sub
[INFO] | 2023-06-04 02:27:36 PM | analyzer.Overflow-Underflow_buggy_0xd13a124b14f7e451cc546cace61d569c8f66a90f | Return summary generated for sub
[INFO] | 2023-06-04 02:27:36 PM | analyzer.Overflow-Underflow_buggy_0xd13a124b14f7e451cc546cace61d569c8f66a90f | State variable assignement do not exist
[INFO] | 2023-06-04 02:27:36 PM | analyzer.Overflow-Underflow_buggy_0xd13a124b14f7e451cc546cace61d569c8f66a90f | Processed function sub
[INFO] | 2023-06-04 02:27:36 PM | analyzer.Overflow-Underflow_buggy_0xd13a124b14f7e451cc546cace61d569c8f66a90f | Generating return summary for add
[INFO] | 2023-06-04 02:27:36 PM | analyzer.Overflow-Underflow_buggy_0xd13a124b14f7e451cc546cace61d569c8f66a90f | Return summary generated for add
[INFO] | 2023-06-04 02:27:36 PM | analyzer.Overflow-Underflow_buggy_0xd13a124b14f7e451cc546cace61d569c8f66a90f | State variable assignement do not exist
[INFO] | 2023-06-04 02:27:36 PM | analyzer.Overflow-Underflow_buggy_0xd13a124b14f7e451cc546cace61d569c8f66a90f | Processed function add
[INFO] | 2023-06-04 02:27:36 PM | analyzer.Overflow-Underflow_buggy_0xd13a124b14f7e451cc546cace61d569c8f66a90f | Generating return summary for transfer
[INFO] | 2023-06-04 02:27:36 PM | analyzer.Overflow-Underflow_buggy_0xd13a124b14f7e451cc546cace61d569c8f66a90f | Return summary generated for transfer
[INFO] | 2023-06-04 02:27:36 PM | analyzer.Overflow-Underflow_buggy_0xd13a124b14f7e451cc546cace61d569c8f66a90f | Range graph generated
[INFO] | 2023-06-04 02:27:36 PM | analyzer.Overflow-Underflow_buggy_0xd13a124b14f7e451cc546cace61d569c8f66a90f | Processed function transfer
[INFO] | 2023-06-04 02:27:36 PM | analyzer.Overflow-Underflow_buggy_0xd13a124b14f7e451cc546cace61d569c8f66a90f | Generating return summary for transferFrom
[INFO] | 2023-06-04 02:27:36 PM | analyzer.Overflow-Underflow_buggy_0xd13a124b14f7e451cc546cace61d569c8f66a90f | Return summary generated for transferFrom
[INFO] | 2023-06-04 02:27:36 PM | analyzer.Overflow-Underflow_buggy_0xd13a124b14f7e451cc546cace61d569c8f66a90f | Range graph generated
[INFO] | 2023-06-04 02:27:36 PM | analyzer.Overflow-Underflow_buggy_0xd13a124b14f7e451cc546cace61d569c8f66a90f | Processed function transferFrom
[INFO] | 2023-06-04 02:27:36 PM | analyzer.Overflow-Underflow_buggy_0xd13a124b14f7e451cc546cace61d569c8f66a90f | Value Range Analysis took 0.008174 seconds
[INFO] | 2023-06-04 02:27:36 PM | analyzer.Overflow-Underflow_buggy_0xd13a124b14f7e451cc546cace61d569c8f66a90f | Value Range Analysis finished
[INFO] | 2023-06-04 02:27:36 PM | analyzer.Overflow-Underflow_buggy_0xd13a124b14f7e451cc546cace61d569c8f66a90f | Storage dependency graph compostion started!
[INFO] | 2023-06-04 02:27:36 PM | analyzer.Overflow-Underflow_buggy_0xd13a124b14f7e451cc546cace61d569c8f66a90f | Storage dependency graph compostion finished!
[INFO] | 2023-06-04 02:27:36 PM | analyzer.Overflow-Underflow_buggy_0xd13a124b14f7e451cc546cace61d569c8f66a90f | Dependency detection started!
[INFO] | 2023-06-04 02:27:36 PM | analyzer.Overflow-Underflow_buggy_0xd13a124b14f7e451cc546cace61d569c8f66a90f | Dependency detection finished!
[INFO] | 2023-06-04 02:27:36 PM | analyzer.Overflow-Underflow_buggy_0xd13a124b14f7e451cc546cace61d569c8f66a90f | Static Analysis took 0.486654 seconds
[INFO] | 2023-06-04 02:27:36 PM | analyzer.Overflow-Underflow_buggy_0xd13a124b14f7e451cc546cace61d569c8f66a90f | Dependency does not exist
[INFO] | 2023-06-04 02:27:36 PM | analyzer.Overflow-Underflow_buggy_0xd13a124b14f7e451cc546cace61d569c8f66a90f | Symbolic execution is not needed!
[INFO] | 2023-06-04 02:27:36 PM | analyzer.Overflow-Underflow_buggy_0xd13a124b14f7e451cc546cace61d569c8f66a90f | Analysis finished!
[INFO] | 2023-06-04 02:27:36 PM | analyzer.Overflow-Underflow_buggy_0xd13a124b14f7e451cc546cace61d569c8f66a90f | Analysis took 0.487093 seconds
[INFO] | 2023-06-04 02:27:36 PM | analyzer.Overflow-Underflow_buggy_0xd13a124b14f7e451cc546cace61d569c8f66a90f | Analysis finished at: 2023-06-04 02:27:36 PM
