[INFO] | 2023-06-04 02:23:29 PM | analyzer.Overflow-Underflow_buggy_0xc14b0046a6fdd15834722544e185bb8823fe5410 | Analysis started at: 2023-06-04 02:23:29 PM
[INFO] | 2023-06-04 02:23:29 PM | analyzer.Overflow-Underflow_buggy_0xc14b0046a6fdd15834722544e185bb8823fe5410 | Version constraints: ['^0.4.26']
[INFO] | 2023-06-04 02:23:29 PM | analyzer.Overflow-Underflow_buggy_0xc14b0046a6fdd15834722544e185bb8823fe5410 | solc version: v0.4.26
[INFO] | 2023-06-04 02:23:30 PM | analyzer.Overflow-Underflow_buggy_0xc14b0046a6fdd15834722544e185bb8823fe5410 | Callgraph generation started!
[INFO] | 2023-06-04 02:23:30 PM | analyzer.Overflow-Underflow_buggy_0xc14b0046a6fdd15834722544e185bb8823fe5410 | Callgraph generation finished!
[INFO] | 2023-06-04 02:23:30 PM | analyzer.Overflow-Underflow_buggy_0xc14b0046a6fdd15834722544e185bb8823fe5410 | Interprocedural CFG generation started!
[INFO] | 2023-06-04 02:23:30 PM | analyzer.Overflow-Underflow_buggy_0xc14b0046a6fdd15834722544e185bb8823fe5410 | Interprocedural CFG generation finished!
[INFO] | 2023-06-04 02:23:30 PM | analyzer.Overflow-Underflow_buggy_0xc14b0046a6fdd15834722544e185bb8823fe5410 | Storage dependency graph generation started!
[INFO] | 2023-06-04 02:23:30 PM | analyzer.Overflow-Underflow_buggy_0xc14b0046a6fdd15834722544e185bb8823fe5410 | Storage dependency graph generation finished!
[INFO] | 2023-06-04 02:23:30 PM | analyzer.Overflow-Underflow_buggy_0xc14b0046a6fdd15834722544e185bb8823fe5410 | Value Range Analysis started
[INFO] | 2023-06-04 02:23:30 PM | analyzer.Overflow-Underflow_buggy_0xc14b0046a6fdd15834722544e185bb8823fe5410 | Generating return summary for totalSupply
[INFO] | 2023-06-04 02:23:30 PM | analyzer.Overflow-Underflow_buggy_0xc14b0046a6fdd15834722544e185bb8823fe5410 | Return summary generated for totalSupply
[INFO] | 2023-06-04 02:23:30 PM | analyzer.Overflow-Underflow_buggy_0xc14b0046a6fdd15834722544e185bb8823fe5410 | State variable assignement do not exist
[INFO] | 2023-06-04 02:23:30 PM | analyzer.Overflow-Underflow_buggy_0xc14b0046a6fdd15834722544e185bb8823fe5410 | Processed function totalSupply
[INFO] | 2023-06-04 02:23:30 PM | analyzer.Overflow-Underflow_buggy_0xc14b0046a6fdd15834722544e185bb8823fe5410 | Generating return summary for balanceOf
[INFO] | 2023-06-04 02:23:30 PM | analyzer.Overflow-Underflow_buggy_0xc14b0046a6fdd15834722544e185bb8823fe5410 | Return summary generated for balanceOf
[INFO] | 2023-06-04 02:23:30 PM | analyzer.Overflow-Underflow_buggy_0xc14b0046a6fdd15834722544e185bb8823fe5410 | State variable assignement do not exist
[INFO] | 2023-06-04 02:23:30 PM | analyzer.Overflow-Underflow_buggy_0xc14b0046a6fdd15834722544e185bb8823fe5410 | Processed function balanceOf
[INFO] | 2023-06-04 02:23:30 PM | analyzer.Overflow-Underflow_buggy_0xc14b0046a6fdd15834722544e185bb8823fe5410 | Generating return summary for allowance
[INFO] | 2023-06-04 02:23:30 PM | analyzer.Overflow-Underflow_buggy_0xc14b0046a6fdd15834722544e185bb8823fe5410 | Return summary generated for allowance
[INFO] | 2023-06-04 02:23:30 PM | analyzer.Overflow-Underflow_buggy_0xc14b0046a6fdd15834722544e185bb8823fe5410 | State variable assignement do not exist
[INFO] | 2023-06-04 02:23:30 PM | analyzer.Overflow-Underflow_buggy_0xc14b0046a6fdd15834722544e185bb8823fe5410 | Processed function allowance
[INFO] | 2023-06-04 02:23:30 PM | analyzer.Overflow-Underflow_buggy_0xc14b0046a6fdd15834722544e185bb8823fe5410 | Generating return summary for transfer
[INFO] | 2023-06-04 02:23:30 PM | analyzer.Overflow-Underflow_buggy_0xc14b0046a6fdd15834722544e185bb8823fe5410 | Return summary generated for transfer
[INFO] | 2023-06-04 02:23:30 PM | analyzer.Overflow-Underflow_buggy_0xc14b0046a6fdd15834722544e185bb8823fe5410 | State variable assignement do not exist
[INFO] | 2023-06-04 02:23:30 PM | analyzer.Overflow-Underflow_buggy_0xc14b0046a6fdd15834722544e185bb8823fe5410 | Processed function transfer
[INFO] | 2023-06-04 02:23:30 PM | analyzer.Overflow-Underflow_buggy_0xc14b0046a6fdd15834722544e185bb8823fe5410 | Generating return summary for approve
[INFO] | 2023-06-04 02:23:30 PM | analyzer.Overflow-Underflow_buggy_0xc14b0046a6fdd15834722544e185bb8823fe5410 | Return summary generated for approve
[INFO] | 2023-06-04 02:23:30 PM | analyzer.Overflow-Underflow_buggy_0xc14b0046a6fdd15834722544e185bb8823fe5410 | State variable assignement do not exist
[INFO] | 2023-06-04 02:23:30 PM | analyzer.Overflow-Underflow_buggy_0xc14b0046a6fdd15834722544e185bb8823fe5410 | Processed function approve
[INFO] | 2023-06-04 02:23:30 PM | analyzer.Overflow-Underflow_buggy_0xc14b0046a6fdd15834722544e185bb8823fe5410 | Generating return summary for transferFrom
[INFO] | 2023-06-04 02:23:30 PM | analyzer.Overflow-Underflow_buggy_0xc14b0046a6fdd15834722544e185bb8823fe5410 | Return summary generated for transferFrom
[INFO] | 2023-06-04 02:23:30 PM | analyzer.Overflow-Underflow_buggy_0xc14b0046a6fdd15834722544e185bb8823fe5410 | State variable assignement do not exist
[INFO] | 2023-06-04 02:23:30 PM | analyzer.Overflow-Underflow_buggy_0xc14b0046a6fdd15834722544e185bb8823fe5410 | Processed function transferFrom
[INFO] | 2023-06-04 02:23:30 PM | analyzer.Overflow-Underflow_buggy_0xc14b0046a6fdd15834722544e185bb8823fe5410 | Generating return summary for LLV_v31_4
[INFO] | 2023-06-04 02:23:30 PM | analyzer.Overflow-Underflow_buggy_0xc14b0046a6fdd15834722544e185bb8823fe5410 | Return summary generated for LLV_v31_4
[INFO] | 2023-06-04 02:23:30 PM | analyzer.Overflow-Underflow_buggy_0xc14b0046a6fdd15834722544e185bb8823fe5410 | Range graph generated
[INFO] | 2023-06-04 02:23:30 PM | analyzer.Overflow-Underflow_buggy_0xc14b0046a6fdd15834722544e185bb8823fe5410 | Processed function LLV_v31_4
[INFO] | 2023-06-04 02:23:30 PM | analyzer.Overflow-Underflow_buggy_0xc14b0046a6fdd15834722544e185bb8823fe5410 | Generating return summary for getID
[INFO] | 2023-06-04 02:23:30 PM | analyzer.Overflow-Underflow_buggy_0xc14b0046a6fdd15834722544e185bb8823fe5410 | Return summary generated for getID
[INFO] | 2023-06-04 02:23:30 PM | analyzer.Overflow-Underflow_buggy_0xc14b0046a6fdd15834722544e185bb8823fe5410 | State variable assignement do not exist
[INFO] | 2023-06-04 02:23:30 PM | analyzer.Overflow-Underflow_buggy_0xc14b0046a6fdd15834722544e185bb8823fe5410 | Processed function getID
[INFO] | 2023-06-04 02:23:30 PM | analyzer.Overflow-Underflow_buggy_0xc14b0046a6fdd15834722544e185bb8823fe5410 | Generating return summary for getID_control
[INFO] | 2023-06-04 02:23:30 PM | analyzer.Overflow-Underflow_buggy_0xc14b0046a6fdd15834722544e185bb8823fe5410 | Return summary generated for getID_control
[INFO] | 2023-06-04 02:23:30 PM | analyzer.Overflow-Underflow_buggy_0xc14b0046a6fdd15834722544e185bb8823fe5410 | State variable assignement do not exist
[INFO] | 2023-06-04 02:23:30 PM | analyzer.Overflow-Underflow_buggy_0xc14b0046a6fdd15834722544e185bb8823fe5410 | Processed function getID_control
[INFO] | 2023-06-04 02:23:30 PM | analyzer.Overflow-Underflow_buggy_0xc14b0046a6fdd15834722544e185bb8823fe5410 | Generating return summary for getCmd
[INFO] | 2023-06-04 02:23:30 PM | analyzer.Overflow-Underflow_buggy_0xc14b0046a6fdd15834722544e185bb8823fe5410 | Return summary generated for getCmd
[INFO] | 2023-06-04 02:23:30 PM | analyzer.Overflow-Underflow_buggy_0xc14b0046a6fdd15834722544e185bb8823fe5410 | State variable assignement do not exist
[INFO] | 2023-06-04 02:23:30 PM | analyzer.Overflow-Underflow_buggy_0xc14b0046a6fdd15834722544e185bb8823fe5410 | Processed function getCmd
[INFO] | 2023-06-04 02:23:30 PM | analyzer.Overflow-Underflow_buggy_0xc14b0046a6fdd15834722544e185bb8823fe5410 | Generating return summary for getCmd_control
[INFO] | 2023-06-04 02:23:30 PM | analyzer.Overflow-Underflow_buggy_0xc14b0046a6fdd15834722544e185bb8823fe5410 | Return summary generated for getCmd_control
[INFO] | 2023-06-04 02:23:30 PM | analyzer.Overflow-Underflow_buggy_0xc14b0046a6fdd15834722544e185bb8823fe5410 | State variable assignement do not exist
[INFO] | 2023-06-04 02:23:30 PM | analyzer.Overflow-Underflow_buggy_0xc14b0046a6fdd15834722544e185bb8823fe5410 | Processed function getCmd_control
[INFO] | 2023-06-04 02:23:30 PM | analyzer.Overflow-Underflow_buggy_0xc14b0046a6fdd15834722544e185bb8823fe5410 | Generating return summary for getDepositary_function
[INFO] | 2023-06-04 02:23:30 PM | analyzer.Overflow-Underflow_buggy_0xc14b0046a6fdd15834722544e185bb8823fe5410 | Return summary generated for getDepositary_function
[INFO] | 2023-06-04 02:23:30 PM | analyzer.Overflow-Underflow_buggy_0xc14b0046a6fdd15834722544e185bb8823fe5410 | State variable assignement do not exist
[INFO] | 2023-06-04 02:23:30 PM | analyzer.Overflow-Underflow_buggy_0xc14b0046a6fdd15834722544e185bb8823fe5410 | Processed function getDepositary_function
[INFO] | 2023-06-04 02:23:30 PM | analyzer.Overflow-Underflow_buggy_0xc14b0046a6fdd15834722544e185bb8823fe5410 | Generating return summary for getDepositary_function_control
[INFO] | 2023-06-04 02:23:30 PM | analyzer.Overflow-Underflow_buggy_0xc14b0046a6fdd15834722544e185bb8823fe5410 | Return summary generated for getDepositary_function_control
[INFO] | 2023-06-04 02:23:30 PM | analyzer.Overflow-Underflow_buggy_0xc14b0046a6fdd15834722544e185bb8823fe5410 | State variable assignement do not exist
[INFO] | 2023-06-04 02:23:30 PM | analyzer.Overflow-Underflow_buggy_0xc14b0046a6fdd15834722544e185bb8823fe5410 | Processed function getDepositary_function_control
[INFO] | 2023-06-04 02:23:30 PM | analyzer.Overflow-Underflow_buggy_0xc14b0046a6fdd15834722544e185bb8823fe5410 | Generating return summary for getData_1
[INFO] | 2023-06-04 02:23:30 PM | analyzer.Overflow-Underflow_buggy_0xc14b0046a6fdd15834722544e185bb8823fe5410 | Return summary generated for getData_1
[INFO] | 2023-06-04 02:23:30 PM | analyzer.Overflow-Underflow_buggy_0xc14b0046a6fdd15834722544e185bb8823fe5410 | State variable assignement do not exist
[INFO] | 2023-06-04 02:23:30 PM | analyzer.Overflow-Underflow_buggy_0xc14b0046a6fdd15834722544e185bb8823fe5410 | Processed function getData_1
[INFO] | 2023-06-04 02:23:30 PM | analyzer.Overflow-Underflow_buggy_0xc14b0046a6fdd15834722544e185bb8823fe5410 | Generating return summary for getData_2
[INFO] | 2023-06-04 02:23:30 PM | analyzer.Overflow-Underflow_buggy_0xc14b0046a6fdd15834722544e185bb8823fe5410 | Return summary generated for getData_2
[INFO] | 2023-06-04 02:23:30 PM | analyzer.Overflow-Underflow_buggy_0xc14b0046a6fdd15834722544e185bb8823fe5410 | State variable assignement do not exist
[INFO] | 2023-06-04 02:23:30 PM | analyzer.Overflow-Underflow_buggy_0xc14b0046a6fdd15834722544e185bb8823fe5410 | Processed function getData_2
[INFO] | 2023-06-04 02:23:30 PM | analyzer.Overflow-Underflow_buggy_0xc14b0046a6fdd15834722544e185bb8823fe5410 | Generating return summary for getData_3
[INFO] | 2023-06-04 02:23:30 PM | analyzer.Overflow-Underflow_buggy_0xc14b0046a6fdd15834722544e185bb8823fe5410 | Return summary generated for getData_3
[INFO] | 2023-06-04 02:23:30 PM | analyzer.Overflow-Underflow_buggy_0xc14b0046a6fdd15834722544e185bb8823fe5410 | State variable assignement do not exist
[INFO] | 2023-06-04 02:23:30 PM | analyzer.Overflow-Underflow_buggy_0xc14b0046a6fdd15834722544e185bb8823fe5410 | Processed function getData_3
[INFO] | 2023-06-04 02:23:30 PM | analyzer.Overflow-Underflow_buggy_0xc14b0046a6fdd15834722544e185bb8823fe5410 | Generating return summary for getData_4
[INFO] | 2023-06-04 02:23:30 PM | analyzer.Overflow-Underflow_buggy_0xc14b0046a6fdd15834722544e185bb8823fe5410 | Return summary generated for getData_4
[INFO] | 2023-06-04 02:23:30 PM | analyzer.Overflow-Underflow_buggy_0xc14b0046a6fdd15834722544e185bb8823fe5410 | State variable assignement do not exist
[INFO] | 2023-06-04 02:23:30 PM | analyzer.Overflow-Underflow_buggy_0xc14b0046a6fdd15834722544e185bb8823fe5410 | Processed function getData_4
[INFO] | 2023-06-04 02:23:30 PM | analyzer.Overflow-Underflow_buggy_0xc14b0046a6fdd15834722544e185bb8823fe5410 | Generating return summary for getData_5
[INFO] | 2023-06-04 02:23:30 PM | analyzer.Overflow-Underflow_buggy_0xc14b0046a6fdd15834722544e185bb8823fe5410 | Return summary generated for getData_5
[INFO] | 2023-06-04 02:23:30 PM | analyzer.Overflow-Underflow_buggy_0xc14b0046a6fdd15834722544e185bb8823fe5410 | State variable assignement do not exist
[INFO] | 2023-06-04 02:23:30 PM | analyzer.Overflow-Underflow_buggy_0xc14b0046a6fdd15834722544e185bb8823fe5410 | Processed function getData_5
[INFO] | 2023-06-04 02:23:30 PM | analyzer.Overflow-Underflow_buggy_0xc14b0046a6fdd15834722544e185bb8823fe5410 | Generating return summary for getData_6
[INFO] | 2023-06-04 02:23:30 PM | analyzer.Overflow-Underflow_buggy_0xc14b0046a6fdd15834722544e185bb8823fe5410 | Return summary generated for getData_6
[INFO] | 2023-06-04 02:23:30 PM | analyzer.Overflow-Underflow_buggy_0xc14b0046a6fdd15834722544e185bb8823fe5410 | State variable assignement do not exist
[INFO] | 2023-06-04 02:23:30 PM | analyzer.Overflow-Underflow_buggy_0xc14b0046a6fdd15834722544e185bb8823fe5410 | Processed function getData_6
[INFO] | 2023-06-04 02:23:30 PM | analyzer.Overflow-Underflow_buggy_0xc14b0046a6fdd15834722544e185bb8823fe5410 | Generating return summary for getData_7
[INFO] | 2023-06-04 02:23:30 PM | analyzer.Overflow-Underflow_buggy_0xc14b0046a6fdd15834722544e185bb8823fe5410 | Return summary generated for getData_7
[INFO] | 2023-06-04 02:23:30 PM | analyzer.Overflow-Underflow_buggy_0xc14b0046a6fdd15834722544e185bb8823fe5410 | State variable assignement do not exist
[INFO] | 2023-06-04 02:23:30 PM | analyzer.Overflow-Underflow_buggy_0xc14b0046a6fdd15834722544e185bb8823fe5410 | Processed function getData_7
[INFO] | 2023-06-04 02:23:30 PM | analyzer.Overflow-Underflow_buggy_0xc14b0046a6fdd15834722544e185bb8823fe5410 | Generating return summary for getData_8
[INFO] | 2023-06-04 02:23:30 PM | analyzer.Overflow-Underflow_buggy_0xc14b0046a6fdd15834722544e185bb8823fe5410 | Return summary generated for getData_8
[INFO] | 2023-06-04 02:23:30 PM | analyzer.Overflow-Underflow_buggy_0xc14b0046a6fdd15834722544e185bb8823fe5410 | State variable assignement do not exist
[INFO] | 2023-06-04 02:23:30 PM | analyzer.Overflow-Underflow_buggy_0xc14b0046a6fdd15834722544e185bb8823fe5410 | Processed function getData_8
[INFO] | 2023-06-04 02:23:30 PM | analyzer.Overflow-Underflow_buggy_0xc14b0046a6fdd15834722544e185bb8823fe5410 | Generating return summary for getData_9
[INFO] | 2023-06-04 02:23:30 PM | analyzer.Overflow-Underflow_buggy_0xc14b0046a6fdd15834722544e185bb8823fe5410 | Return summary generated for getData_9
[INFO] | 2023-06-04 02:23:30 PM | analyzer.Overflow-Underflow_buggy_0xc14b0046a6fdd15834722544e185bb8823fe5410 | State variable assignement do not exist
[INFO] | 2023-06-04 02:23:30 PM | analyzer.Overflow-Underflow_buggy_0xc14b0046a6fdd15834722544e185bb8823fe5410 | Processed function getData_9
[INFO] | 2023-06-04 02:23:30 PM | analyzer.Overflow-Underflow_buggy_0xc14b0046a6fdd15834722544e185bb8823fe5410 | Generating return summary for getData_10
[INFO] | 2023-06-04 02:23:30 PM | analyzer.Overflow-Underflow_buggy_0xc14b0046a6fdd15834722544e185bb8823fe5410 | Return summary generated for getData_10
[INFO] | 2023-06-04 02:23:30 PM | analyzer.Overflow-Underflow_buggy_0xc14b0046a6fdd15834722544e185bb8823fe5410 | State variable assignement do not exist
[INFO] | 2023-06-04 02:23:30 PM | analyzer.Overflow-Underflow_buggy_0xc14b0046a6fdd15834722544e185bb8823fe5410 | Processed function getData_10
[INFO] | 2023-06-04 02:23:30 PM | analyzer.Overflow-Underflow_buggy_0xc14b0046a6fdd15834722544e185bb8823fe5410 | Generating return summary for transfer_undrflow2
[INFO] | 2023-06-04 02:23:30 PM | analyzer.Overflow-Underflow_buggy_0xc14b0046a6fdd15834722544e185bb8823fe5410 | Return summary generated for transfer_undrflow2
[INFO] | 2023-06-04 02:23:30 PM | analyzer.Overflow-Underflow_buggy_0xc14b0046a6fdd15834722544e185bb8823fe5410 | Range graph generated
[INFO] | 2023-06-04 02:23:30 PM | analyzer.Overflow-Underflow_buggy_0xc14b0046a6fdd15834722544e185bb8823fe5410 | Processed function transfer_undrflow2
[INFO] | 2023-06-04 02:23:30 PM | analyzer.Overflow-Underflow_buggy_0xc14b0046a6fdd15834722544e185bb8823fe5410 | Generating return summary for slitherConstructorVariables
[INFO] | 2023-06-04 02:23:30 PM | analyzer.Overflow-Underflow_buggy_0xc14b0046a6fdd15834722544e185bb8823fe5410 | Return summary generated for slitherConstructorVariables
[INFO] | 2023-06-04 02:23:30 PM | analyzer.Overflow-Underflow_buggy_0xc14b0046a6fdd15834722544e185bb8823fe5410 | Range graph generated
[INFO] | 2023-06-04 02:23:30 PM | analyzer.Overflow-Underflow_buggy_0xc14b0046a6fdd15834722544e185bb8823fe5410 | Processed function slitherConstructorVariables
[INFO] | 2023-06-04 02:23:30 PM | analyzer.Overflow-Underflow_buggy_0xc14b0046a6fdd15834722544e185bb8823fe5410 | Generating return summary for onlyOwner
[INFO] | 2023-06-04 02:23:30 PM | analyzer.Overflow-Underflow_buggy_0xc14b0046a6fdd15834722544e185bb8823fe5410 | Return summary generated for onlyOwner
[INFO] | 2023-06-04 02:23:30 PM | analyzer.Overflow-Underflow_buggy_0xc14b0046a6fdd15834722544e185bb8823fe5410 | State variable assignement do not exist
[INFO] | 2023-06-04 02:23:30 PM | analyzer.Overflow-Underflow_buggy_0xc14b0046a6fdd15834722544e185bb8823fe5410 | Processed function onlyOwner
[INFO] | 2023-06-04 02:23:30 PM | analyzer.Overflow-Underflow_buggy_0xc14b0046a6fdd15834722544e185bb8823fe5410 | Generating return summary for retrait_1
[INFO] | 2023-06-04 02:23:30 PM | analyzer.Overflow-Underflow_buggy_0xc14b0046a6fdd15834722544e185bb8823fe5410 | Return summary generated for retrait_1
[INFO] | 2023-06-04 02:23:30 PM | analyzer.Overflow-Underflow_buggy_0xc14b0046a6fdd15834722544e185bb8823fe5410 | State variable assignement do not exist
[INFO] | 2023-06-04 02:23:30 PM | analyzer.Overflow-Underflow_buggy_0xc14b0046a6fdd15834722544e185bb8823fe5410 | Processed function retrait_1
[INFO] | 2023-06-04 02:23:30 PM | analyzer.Overflow-Underflow_buggy_0xc14b0046a6fdd15834722544e185bb8823fe5410 | Generating return summary for retrait_2
[INFO] | 2023-06-04 02:23:30 PM | analyzer.Overflow-Underflow_buggy_0xc14b0046a6fdd15834722544e185bb8823fe5410 | Return summary generated for retrait_2
[INFO] | 2023-06-04 02:23:30 PM | analyzer.Overflow-Underflow_buggy_0xc14b0046a6fdd15834722544e185bb8823fe5410 | State variable assignement do not exist
[INFO] | 2023-06-04 02:23:30 PM | analyzer.Overflow-Underflow_buggy_0xc14b0046a6fdd15834722544e185bb8823fe5410 | Processed function retrait_2
[INFO] | 2023-06-04 02:23:30 PM | analyzer.Overflow-Underflow_buggy_0xc14b0046a6fdd15834722544e185bb8823fe5410 | Generating return summary for retrait_3
[INFO] | 2023-06-04 02:23:30 PM | analyzer.Overflow-Underflow_buggy_0xc14b0046a6fdd15834722544e185bb8823fe5410 | Return summary generated for retrait_3
[INFO] | 2023-06-04 02:23:30 PM | analyzer.Overflow-Underflow_buggy_0xc14b0046a6fdd15834722544e185bb8823fe5410 | State variable assignement do not exist
[INFO] | 2023-06-04 02:23:30 PM | analyzer.Overflow-Underflow_buggy_0xc14b0046a6fdd15834722544e185bb8823fe5410 | Processed function retrait_3
[INFO] | 2023-06-04 02:23:30 PM | analyzer.Overflow-Underflow_buggy_0xc14b0046a6fdd15834722544e185bb8823fe5410 | Generating return summary for retrait_4
[INFO] | 2023-06-04 02:23:30 PM | analyzer.Overflow-Underflow_buggy_0xc14b0046a6fdd15834722544e185bb8823fe5410 | Return summary generated for retrait_4
[INFO] | 2023-06-04 02:23:30 PM | analyzer.Overflow-Underflow_buggy_0xc14b0046a6fdd15834722544e185bb8823fe5410 | State variable assignement do not exist
[INFO] | 2023-06-04 02:23:30 PM | analyzer.Overflow-Underflow_buggy_0xc14b0046a6fdd15834722544e185bb8823fe5410 | Processed function retrait_4
[INFO] | 2023-06-04 02:23:30 PM | analyzer.Overflow-Underflow_buggy_0xc14b0046a6fdd15834722544e185bb8823fe5410 | Generating return summary for retrait_5
[INFO] | 2023-06-04 02:23:30 PM | analyzer.Overflow-Underflow_buggy_0xc14b0046a6fdd15834722544e185bb8823fe5410 | Return summary generated for retrait_5
[INFO] | 2023-06-04 02:23:30 PM | analyzer.Overflow-Underflow_buggy_0xc14b0046a6fdd15834722544e185bb8823fe5410 | State variable assignement do not exist
[INFO] | 2023-06-04 02:23:30 PM | analyzer.Overflow-Underflow_buggy_0xc14b0046a6fdd15834722544e185bb8823fe5410 | Processed function retrait_5
[INFO] | 2023-06-04 02:23:30 PM | analyzer.Overflow-Underflow_buggy_0xc14b0046a6fdd15834722544e185bb8823fe5410 | Generating return summary for setID
[INFO] | 2023-06-04 02:23:30 PM | analyzer.Overflow-Underflow_buggy_0xc14b0046a6fdd15834722544e185bb8823fe5410 | Return summary generated for setID
[INFO] | 2023-06-04 02:23:30 PM | analyzer.Overflow-Underflow_buggy_0xc14b0046a6fdd15834722544e185bb8823fe5410 | Range graph generated
[INFO] | 2023-06-04 02:23:30 PM | analyzer.Overflow-Underflow_buggy_0xc14b0046a6fdd15834722544e185bb8823fe5410 | Processed function setID
[INFO] | 2023-06-04 02:23:30 PM | analyzer.Overflow-Underflow_buggy_0xc14b0046a6fdd15834722544e185bb8823fe5410 | Generating return summary for setID_control
[INFO] | 2023-06-04 02:23:30 PM | analyzer.Overflow-Underflow_buggy_0xc14b0046a6fdd15834722544e185bb8823fe5410 | Return summary generated for setID_control
[INFO] | 2023-06-04 02:23:30 PM | analyzer.Overflow-Underflow_buggy_0xc14b0046a6fdd15834722544e185bb8823fe5410 | Range graph generated
[INFO] | 2023-06-04 02:23:30 PM | analyzer.Overflow-Underflow_buggy_0xc14b0046a6fdd15834722544e185bb8823fe5410 | Processed function setID_control
[INFO] | 2023-06-04 02:23:30 PM | analyzer.Overflow-Underflow_buggy_0xc14b0046a6fdd15834722544e185bb8823fe5410 | Generating return summary for setCmd
[INFO] | 2023-06-04 02:23:30 PM | analyzer.Overflow-Underflow_buggy_0xc14b0046a6fdd15834722544e185bb8823fe5410 | Return summary generated for setCmd
[INFO] | 2023-06-04 02:23:30 PM | analyzer.Overflow-Underflow_buggy_0xc14b0046a6fdd15834722544e185bb8823fe5410 | Range graph generated
[INFO] | 2023-06-04 02:23:30 PM | analyzer.Overflow-Underflow_buggy_0xc14b0046a6fdd15834722544e185bb8823fe5410 | Processed function setCmd
[INFO] | 2023-06-04 02:23:30 PM | analyzer.Overflow-Underflow_buggy_0xc14b0046a6fdd15834722544e185bb8823fe5410 | Generating return summary for setCmd_control
[INFO] | 2023-06-04 02:23:30 PM | analyzer.Overflow-Underflow_buggy_0xc14b0046a6fdd15834722544e185bb8823fe5410 | Return summary generated for setCmd_control
[INFO] | 2023-06-04 02:23:30 PM | analyzer.Overflow-Underflow_buggy_0xc14b0046a6fdd15834722544e185bb8823fe5410 | Range graph generated
[INFO] | 2023-06-04 02:23:30 PM | analyzer.Overflow-Underflow_buggy_0xc14b0046a6fdd15834722544e185bb8823fe5410 | Processed function setCmd_control
[INFO] | 2023-06-04 02:23:30 PM | analyzer.Overflow-Underflow_buggy_0xc14b0046a6fdd15834722544e185bb8823fe5410 | Generating return summary for setDepositary_function
[INFO] | 2023-06-04 02:23:30 PM | analyzer.Overflow-Underflow_buggy_0xc14b0046a6fdd15834722544e185bb8823fe5410 | Return summary generated for setDepositary_function
[INFO] | 2023-06-04 02:23:30 PM | analyzer.Overflow-Underflow_buggy_0xc14b0046a6fdd15834722544e185bb8823fe5410 | Range graph generated
[INFO] | 2023-06-04 02:23:30 PM | analyzer.Overflow-Underflow_buggy_0xc14b0046a6fdd15834722544e185bb8823fe5410 | Processed function setDepositary_function
[INFO] | 2023-06-04 02:23:30 PM | analyzer.Overflow-Underflow_buggy_0xc14b0046a6fdd15834722544e185bb8823fe5410 | Generating return summary for setDepositary_function_control
[INFO] | 2023-06-04 02:23:30 PM | analyzer.Overflow-Underflow_buggy_0xc14b0046a6fdd15834722544e185bb8823fe5410 | Return summary generated for setDepositary_function_control
[INFO] | 2023-06-04 02:23:30 PM | analyzer.Overflow-Underflow_buggy_0xc14b0046a6fdd15834722544e185bb8823fe5410 | Range graph generated
[INFO] | 2023-06-04 02:23:30 PM | analyzer.Overflow-Underflow_buggy_0xc14b0046a6fdd15834722544e185bb8823fe5410 | Processed function setDepositary_function_control
[INFO] | 2023-06-04 02:23:30 PM | analyzer.Overflow-Underflow_buggy_0xc14b0046a6fdd15834722544e185bb8823fe5410 | Generating return summary for Eligibility_Group_1
[INFO] | 2023-06-04 02:23:30 PM | analyzer.Overflow-Underflow_buggy_0xc14b0046a6fdd15834722544e185bb8823fe5410 | Return summary generated for Eligibility_Group_1
[INFO] | 2023-06-04 02:23:30 PM | analyzer.Overflow-Underflow_buggy_0xc14b0046a6fdd15834722544e185bb8823fe5410 | Range graph generated
[INFO] | 2023-06-04 02:23:30 PM | analyzer.Overflow-Underflow_buggy_0xc14b0046a6fdd15834722544e185bb8823fe5410 | Processed function Eligibility_Group_1
[INFO] | 2023-06-04 02:23:30 PM | analyzer.Overflow-Underflow_buggy_0xc14b0046a6fdd15834722544e185bb8823fe5410 | Generating return summary for Eligibility_Group_2
[INFO] | 2023-06-04 02:23:30 PM | analyzer.Overflow-Underflow_buggy_0xc14b0046a6fdd15834722544e185bb8823fe5410 | Return summary generated for Eligibility_Group_2
[INFO] | 2023-06-04 02:23:30 PM | analyzer.Overflow-Underflow_buggy_0xc14b0046a6fdd15834722544e185bb8823fe5410 | Range graph generated
[INFO] | 2023-06-04 02:23:30 PM | analyzer.Overflow-Underflow_buggy_0xc14b0046a6fdd15834722544e185bb8823fe5410 | Processed function Eligibility_Group_2
[INFO] | 2023-06-04 02:23:30 PM | analyzer.Overflow-Underflow_buggy_0xc14b0046a6fdd15834722544e185bb8823fe5410 | Generating return summary for Eligibility_Group_3
[INFO] | 2023-06-04 02:23:30 PM | analyzer.Overflow-Underflow_buggy_0xc14b0046a6fdd15834722544e185bb8823fe5410 | Return summary generated for Eligibility_Group_3
[INFO] | 2023-06-04 02:23:30 PM | analyzer.Overflow-Underflow_buggy_0xc14b0046a6fdd15834722544e185bb8823fe5410 | Range graph generated
[INFO] | 2023-06-04 02:23:30 PM | analyzer.Overflow-Underflow_buggy_0xc14b0046a6fdd15834722544e185bb8823fe5410 | Processed function Eligibility_Group_3
[INFO] | 2023-06-04 02:23:30 PM | analyzer.Overflow-Underflow_buggy_0xc14b0046a6fdd15834722544e185bb8823fe5410 | Generating return summary for Eligibility_Group_4
[INFO] | 2023-06-04 02:23:30 PM | analyzer.Overflow-Underflow_buggy_0xc14b0046a6fdd15834722544e185bb8823fe5410 | Return summary generated for Eligibility_Group_4
[INFO] | 2023-06-04 02:23:30 PM | analyzer.Overflow-Underflow_buggy_0xc14b0046a6fdd15834722544e185bb8823fe5410 | Range graph generated
[INFO] | 2023-06-04 02:23:30 PM | analyzer.Overflow-Underflow_buggy_0xc14b0046a6fdd15834722544e185bb8823fe5410 | Processed function Eligibility_Group_4
[INFO] | 2023-06-04 02:23:30 PM | analyzer.Overflow-Underflow_buggy_0xc14b0046a6fdd15834722544e185bb8823fe5410 | Generating return summary for Eligibility_Group_5
[INFO] | 2023-06-04 02:23:30 PM | analyzer.Overflow-Underflow_buggy_0xc14b0046a6fdd15834722544e185bb8823fe5410 | Return summary generated for Eligibility_Group_5
[INFO] | 2023-06-04 02:23:30 PM | analyzer.Overflow-Underflow_buggy_0xc14b0046a6fdd15834722544e185bb8823fe5410 | Range graph generated
[INFO] | 2023-06-04 02:23:30 PM | analyzer.Overflow-Underflow_buggy_0xc14b0046a6fdd15834722544e185bb8823fe5410 | Processed function Eligibility_Group_5
[INFO] | 2023-06-04 02:23:30 PM | analyzer.Overflow-Underflow_buggy_0xc14b0046a6fdd15834722544e185bb8823fe5410 | Generating return summary for setData_1
[INFO] | 2023-06-04 02:23:30 PM | analyzer.Overflow-Underflow_buggy_0xc14b0046a6fdd15834722544e185bb8823fe5410 | Return summary generated for setData_1
[INFO] | 2023-06-04 02:23:30 PM | analyzer.Overflow-Underflow_buggy_0xc14b0046a6fdd15834722544e185bb8823fe5410 | Range graph generated
[INFO] | 2023-06-04 02:23:30 PM | analyzer.Overflow-Underflow_buggy_0xc14b0046a6fdd15834722544e185bb8823fe5410 | Processed function setData_1
[INFO] | 2023-06-04 02:23:30 PM | analyzer.Overflow-Underflow_buggy_0xc14b0046a6fdd15834722544e185bb8823fe5410 | Generating return summary for setData_2
[INFO] | 2023-06-04 02:23:30 PM | analyzer.Overflow-Underflow_buggy_0xc14b0046a6fdd15834722544e185bb8823fe5410 | Return summary generated for setData_2
[INFO] | 2023-06-04 02:23:30 PM | analyzer.Overflow-Underflow_buggy_0xc14b0046a6fdd15834722544e185bb8823fe5410 | Range graph generated
[INFO] | 2023-06-04 02:23:30 PM | analyzer.Overflow-Underflow_buggy_0xc14b0046a6fdd15834722544e185bb8823fe5410 | Processed function setData_2
[INFO] | 2023-06-04 02:23:30 PM | analyzer.Overflow-Underflow_buggy_0xc14b0046a6fdd15834722544e185bb8823fe5410 | Generating return summary for setData_3
[INFO] | 2023-06-04 02:23:30 PM | analyzer.Overflow-Underflow_buggy_0xc14b0046a6fdd15834722544e185bb8823fe5410 | Return summary generated for setData_3
[INFO] | 2023-06-04 02:23:30 PM | analyzer.Overflow-Underflow_buggy_0xc14b0046a6fdd15834722544e185bb8823fe5410 | Range graph generated
[INFO] | 2023-06-04 02:23:30 PM | analyzer.Overflow-Underflow_buggy_0xc14b0046a6fdd15834722544e185bb8823fe5410 | Processed function setData_3
[INFO] | 2023-06-04 02:23:30 PM | analyzer.Overflow-Underflow_buggy_0xc14b0046a6fdd15834722544e185bb8823fe5410 | Generating return summary for setData_4
[INFO] | 2023-06-04 02:23:30 PM | analyzer.Overflow-Underflow_buggy_0xc14b0046a6fdd15834722544e185bb8823fe5410 | Return summary generated for setData_4
[INFO] | 2023-06-04 02:23:30 PM | analyzer.Overflow-Underflow_buggy_0xc14b0046a6fdd15834722544e185bb8823fe5410 | Range graph generated
[INFO] | 2023-06-04 02:23:30 PM | analyzer.Overflow-Underflow_buggy_0xc14b0046a6fdd15834722544e185bb8823fe5410 | Processed function setData_4
[INFO] | 2023-06-04 02:23:30 PM | analyzer.Overflow-Underflow_buggy_0xc14b0046a6fdd15834722544e185bb8823fe5410 | Generating return summary for setData_5
[INFO] | 2023-06-04 02:23:30 PM | analyzer.Overflow-Underflow_buggy_0xc14b0046a6fdd15834722544e185bb8823fe5410 | Return summary generated for setData_5
[INFO] | 2023-06-04 02:23:30 PM | analyzer.Overflow-Underflow_buggy_0xc14b0046a6fdd15834722544e185bb8823fe5410 | Range graph generated
[INFO] | 2023-06-04 02:23:30 PM | analyzer.Overflow-Underflow_buggy_0xc14b0046a6fdd15834722544e185bb8823fe5410 | Processed function setData_5
[INFO] | 2023-06-04 02:23:30 PM | analyzer.Overflow-Underflow_buggy_0xc14b0046a6fdd15834722544e185bb8823fe5410 | Generating return summary for setData_6
[INFO] | 2023-06-04 02:23:30 PM | analyzer.Overflow-Underflow_buggy_0xc14b0046a6fdd15834722544e185bb8823fe5410 | Return summary generated for setData_6
[INFO] | 2023-06-04 02:23:30 PM | analyzer.Overflow-Underflow_buggy_0xc14b0046a6fdd15834722544e185bb8823fe5410 | Range graph generated
[INFO] | 2023-06-04 02:23:30 PM | analyzer.Overflow-Underflow_buggy_0xc14b0046a6fdd15834722544e185bb8823fe5410 | Processed function setData_6
[INFO] | 2023-06-04 02:23:30 PM | analyzer.Overflow-Underflow_buggy_0xc14b0046a6fdd15834722544e185bb8823fe5410 | Generating return summary for setData_7
[INFO] | 2023-06-04 02:23:30 PM | analyzer.Overflow-Underflow_buggy_0xc14b0046a6fdd15834722544e185bb8823fe5410 | Return summary generated for setData_7
[INFO] | 2023-06-04 02:23:30 PM | analyzer.Overflow-Underflow_buggy_0xc14b0046a6fdd15834722544e185bb8823fe5410 | Range graph generated
[INFO] | 2023-06-04 02:23:30 PM | analyzer.Overflow-Underflow_buggy_0xc14b0046a6fdd15834722544e185bb8823fe5410 | Processed function setData_7
[INFO] | 2023-06-04 02:23:30 PM | analyzer.Overflow-Underflow_buggy_0xc14b0046a6fdd15834722544e185bb8823fe5410 | Generating return summary for setData_8
[INFO] | 2023-06-04 02:23:30 PM | analyzer.Overflow-Underflow_buggy_0xc14b0046a6fdd15834722544e185bb8823fe5410 | Return summary generated for setData_8
[INFO] | 2023-06-04 02:23:30 PM | analyzer.Overflow-Underflow_buggy_0xc14b0046a6fdd15834722544e185bb8823fe5410 | Range graph generated
[INFO] | 2023-06-04 02:23:30 PM | analyzer.Overflow-Underflow_buggy_0xc14b0046a6fdd15834722544e185bb8823fe5410 | Processed function setData_8
[INFO] | 2023-06-04 02:23:30 PM | analyzer.Overflow-Underflow_buggy_0xc14b0046a6fdd15834722544e185bb8823fe5410 | Generating return summary for setData_9
[INFO] | 2023-06-04 02:23:30 PM | analyzer.Overflow-Underflow_buggy_0xc14b0046a6fdd15834722544e185bb8823fe5410 | Return summary generated for setData_9
[INFO] | 2023-06-04 02:23:30 PM | analyzer.Overflow-Underflow_buggy_0xc14b0046a6fdd15834722544e185bb8823fe5410 | Range graph generated
[INFO] | 2023-06-04 02:23:30 PM | analyzer.Overflow-Underflow_buggy_0xc14b0046a6fdd15834722544e185bb8823fe5410 | Processed function setData_9
[INFO] | 2023-06-04 02:23:30 PM | analyzer.Overflow-Underflow_buggy_0xc14b0046a6fdd15834722544e185bb8823fe5410 | Generating return summary for setData_10
[INFO] | 2023-06-04 02:23:30 PM | analyzer.Overflow-Underflow_buggy_0xc14b0046a6fdd15834722544e185bb8823fe5410 | Return summary generated for setData_10
[INFO] | 2023-06-04 02:23:30 PM | analyzer.Overflow-Underflow_buggy_0xc14b0046a6fdd15834722544e185bb8823fe5410 | Range graph generated
[INFO] | 2023-06-04 02:23:30 PM | analyzer.Overflow-Underflow_buggy_0xc14b0046a6fdd15834722544e185bb8823fe5410 | Processed function setData_10
[INFO] | 2023-06-04 02:23:30 PM | analyzer.Overflow-Underflow_buggy_0xc14b0046a6fdd15834722544e185bb8823fe5410 | Value Range Analysis took 0.038380 seconds
[INFO] | 2023-06-04 02:23:30 PM | analyzer.Overflow-Underflow_buggy_0xc14b0046a6fdd15834722544e185bb8823fe5410 | Value Range Analysis finished
[INFO] | 2023-06-04 02:23:30 PM | analyzer.Overflow-Underflow_buggy_0xc14b0046a6fdd15834722544e185bb8823fe5410 | Storage dependency graph compostion started!
[INFO] | 2023-06-04 02:23:30 PM | analyzer.Overflow-Underflow_buggy_0xc14b0046a6fdd15834722544e185bb8823fe5410 | Storage dependency graph compostion finished!
[INFO] | 2023-06-04 02:23:30 PM | analyzer.Overflow-Underflow_buggy_0xc14b0046a6fdd15834722544e185bb8823fe5410 | Dependency detection started!
[INFO] | 2023-06-04 02:23:30 PM | analyzer.Overflow-Underflow_buggy_0xc14b0046a6fdd15834722544e185bb8823fe5410 | Dependency detection finished!
[INFO] | 2023-06-04 02:23:30 PM | analyzer.Overflow-Underflow_buggy_0xc14b0046a6fdd15834722544e185bb8823fe5410 | Static Analysis took 0.774306 seconds
[INFO] | 2023-06-04 02:23:30 PM | analyzer.Overflow-Underflow_buggy_0xc14b0046a6fdd15834722544e185bb8823fe5410 | Dependency does not exist
[INFO] | 2023-06-04 02:23:30 PM | analyzer.Overflow-Underflow_buggy_0xc14b0046a6fdd15834722544e185bb8823fe5410 | Symbolic execution is not needed!
[INFO] | 2023-06-04 02:23:30 PM | analyzer.Overflow-Underflow_buggy_0xc14b0046a6fdd15834722544e185bb8823fe5410 | Analysis finished!
[INFO] | 2023-06-04 02:23:30 PM | analyzer.Overflow-Underflow_buggy_0xc14b0046a6fdd15834722544e185bb8823fe5410 | Analysis took 0.774753 seconds
[INFO] | 2023-06-04 02:23:30 PM | analyzer.Overflow-Underflow_buggy_0xc14b0046a6fdd15834722544e185bb8823fe5410 | Analysis finished at: 2023-06-04 02:23:30 PM
