[INFO] | 2023-06-04 02:33:31 PM | analyzer.Overflow-Underflow_buggy_0xef906c48b8fde48f5f2ceb448b1163bf964ef4ac | Analysis started at: 2023-06-04 02:33:31 PM
[INFO] | 2023-06-04 02:33:31 PM | analyzer.Overflow-Underflow_buggy_0xef906c48b8fde48f5f2ceb448b1163bf964ef4ac | Version constraints: ['^0.4.26']
[INFO] | 2023-06-04 02:33:31 PM | analyzer.Overflow-Underflow_buggy_0xef906c48b8fde48f5f2ceb448b1163bf964ef4ac | solc version: v0.4.26
[INFO] | 2023-06-04 02:33:31 PM | analyzer.Overflow-Underflow_buggy_0xef906c48b8fde48f5f2ceb448b1163bf964ef4ac | Callgraph generation started!
[INFO] | 2023-06-04 02:33:31 PM | analyzer.Overflow-Underflow_buggy_0xef906c48b8fde48f5f2ceb448b1163bf964ef4ac | Callgraph generation finished!
[INFO] | 2023-06-04 02:33:31 PM | analyzer.Overflow-Underflow_buggy_0xef906c48b8fde48f5f2ceb448b1163bf964ef4ac | Interprocedural CFG generation started!
[INFO] | 2023-06-04 02:33:31 PM | analyzer.Overflow-Underflow_buggy_0xef906c48b8fde48f5f2ceb448b1163bf964ef4ac | Interprocedural CFG generation finished!
[INFO] | 2023-06-04 02:33:31 PM | analyzer.Overflow-Underflow_buggy_0xef906c48b8fde48f5f2ceb448b1163bf964ef4ac | Storage dependency graph generation started!
[INFO] | 2023-06-04 02:33:31 PM | analyzer.Overflow-Underflow_buggy_0xef906c48b8fde48f5f2ceb448b1163bf964ef4ac | Storage dependency graph generation finished!
[INFO] | 2023-06-04 02:33:31 PM | analyzer.Overflow-Underflow_buggy_0xef906c48b8fde48f5f2ceb448b1163bf964ef4ac | Value Range Analysis started
[INFO] | 2023-06-04 02:33:31 PM | analyzer.Overflow-Underflow_buggy_0xef906c48b8fde48f5f2ceb448b1163bf964ef4ac | Generating return summary for SimpleERC20Token
[INFO] | 2023-06-04 02:33:31 PM | analyzer.Overflow-Underflow_buggy_0xef906c48b8fde48f5f2ceb448b1163bf964ef4ac | Return summary generated for SimpleERC20Token
[INFO] | 2023-06-04 02:33:31 PM | analyzer.Overflow-Underflow_buggy_0xef906c48b8fde48f5f2ceb448b1163bf964ef4ac | Range graph generated
[INFO] | 2023-06-04 02:33:31 PM | analyzer.Overflow-Underflow_buggy_0xef906c48b8fde48f5f2ceb448b1163bf964ef4ac | Processed function SimpleERC20Token
[INFO] | 2023-06-04 02:33:31 PM | analyzer.Overflow-Underflow_buggy_0xef906c48b8fde48f5f2ceb448b1163bf964ef4ac | Generating return summary for transfer
[INFO] | 2023-06-04 02:33:31 PM | analyzer.Overflow-Underflow_buggy_0xef906c48b8fde48f5f2ceb448b1163bf964ef4ac | Return summary generated for transfer
[INFO] | 2023-06-04 02:33:31 PM | analyzer.Overflow-Underflow_buggy_0xef906c48b8fde48f5f2ceb448b1163bf964ef4ac | Range graph generated
[INFO] | 2023-06-04 02:33:31 PM | analyzer.Overflow-Underflow_buggy_0xef906c48b8fde48f5f2ceb448b1163bf964ef4ac | Processed function transfer
[INFO] | 2023-06-04 02:33:31 PM | analyzer.Overflow-Underflow_buggy_0xef906c48b8fde48f5f2ceb448b1163bf964ef4ac | Generating return summary for transfer_undrflow2
[INFO] | 2023-06-04 02:33:31 PM | analyzer.Overflow-Underflow_buggy_0xef906c48b8fde48f5f2ceb448b1163bf964ef4ac | Return summary generated for transfer_undrflow2
[INFO] | 2023-06-04 02:33:31 PM | analyzer.Overflow-Underflow_buggy_0xef906c48b8fde48f5f2ceb448b1163bf964ef4ac | Range graph generated
[INFO] | 2023-06-04 02:33:31 PM | analyzer.Overflow-Underflow_buggy_0xef906c48b8fde48f5f2ceb448b1163bf964ef4ac | Processed function transfer_undrflow2
[INFO] | 2023-06-04 02:33:31 PM | analyzer.Overflow-Underflow_buggy_0xef906c48b8fde48f5f2ceb448b1163bf964ef4ac | Generating return summary for approve
[INFO] | 2023-06-04 02:33:31 PM | analyzer.Overflow-Underflow_buggy_0xef906c48b8fde48f5f2ceb448b1163bf964ef4ac | Return summary generated for approve
[INFO] | 2023-06-04 02:33:31 PM | analyzer.Overflow-Underflow_buggy_0xef906c48b8fde48f5f2ceb448b1163bf964ef4ac | Range graph generated
[INFO] | 2023-06-04 02:33:31 PM | analyzer.Overflow-Underflow_buggy_0xef906c48b8fde48f5f2ceb448b1163bf964ef4ac | Processed function approve
[INFO] | 2023-06-04 02:33:31 PM | analyzer.Overflow-Underflow_buggy_0xef906c48b8fde48f5f2ceb448b1163bf964ef4ac | Generating return summary for transferFrom
[INFO] | 2023-06-04 02:33:31 PM | analyzer.Overflow-Underflow_buggy_0xef906c48b8fde48f5f2ceb448b1163bf964ef4ac | Return summary generated for transferFrom
[INFO] | 2023-06-04 02:33:31 PM | analyzer.Overflow-Underflow_buggy_0xef906c48b8fde48f5f2ceb448b1163bf964ef4ac | Range graph generated
[INFO] | 2023-06-04 02:33:31 PM | analyzer.Overflow-Underflow_buggy_0xef906c48b8fde48f5f2ceb448b1163bf964ef4ac | Processed function transferFrom
[INFO] | 2023-06-04 02:33:31 PM | analyzer.Overflow-Underflow_buggy_0xef906c48b8fde48f5f2ceb448b1163bf964ef4ac | Generating return summary for slitherConstructorVariables
[INFO] | 2023-06-04 02:33:31 PM | analyzer.Overflow-Underflow_buggy_0xef906c48b8fde48f5f2ceb448b1163bf964ef4ac | Return summary generated for slitherConstructorVariables
[INFO] | 2023-06-04 02:33:31 PM | analyzer.Overflow-Underflow_buggy_0xef906c48b8fde48f5f2ceb448b1163bf964ef4ac | Range graph generated
[INFO] | 2023-06-04 02:33:31 PM | analyzer.Overflow-Underflow_buggy_0xef906c48b8fde48f5f2ceb448b1163bf964ef4ac | Processed function slitherConstructorVariables
[INFO] | 2023-06-04 02:33:31 PM | analyzer.Overflow-Underflow_buggy_0xef906c48b8fde48f5f2ceb448b1163bf964ef4ac | Value Range Analysis took 0.010412 seconds
[INFO] | 2023-06-04 02:33:31 PM | analyzer.Overflow-Underflow_buggy_0xef906c48b8fde48f5f2ceb448b1163bf964ef4ac | Value Range Analysis finished
[INFO] | 2023-06-04 02:33:31 PM | analyzer.Overflow-Underflow_buggy_0xef906c48b8fde48f5f2ceb448b1163bf964ef4ac | Storage dependency graph compostion started!
[INFO] | 2023-06-04 02:33:31 PM | analyzer.Overflow-Underflow_buggy_0xef906c48b8fde48f5f2ceb448b1163bf964ef4ac | Storage dependency graph compostion finished!
[INFO] | 2023-06-04 02:33:31 PM | analyzer.Overflow-Underflow_buggy_0xef906c48b8fde48f5f2ceb448b1163bf964ef4ac | Dependency detection started!
[INFO] | 2023-06-04 02:33:31 PM | analyzer.Overflow-Underflow_buggy_0xef906c48b8fde48f5f2ceb448b1163bf964ef4ac | Dependency detection finished!
[INFO] | 2023-06-04 02:33:31 PM | analyzer.Overflow-Underflow_buggy_0xef906c48b8fde48f5f2ceb448b1163bf964ef4ac | Static Analysis took 0.378503 seconds
[INFO] | 2023-06-04 02:33:31 PM | analyzer.Overflow-Underflow_buggy_0xef906c48b8fde48f5f2ceb448b1163bf964ef4ac | Dependency does not exist
[INFO] | 2023-06-04 02:33:31 PM | analyzer.Overflow-Underflow_buggy_0xef906c48b8fde48f5f2ceb448b1163bf964ef4ac | Symbolic execution is not needed!
[INFO] | 2023-06-04 02:33:31 PM | analyzer.Overflow-Underflow_buggy_0xef906c48b8fde48f5f2ceb448b1163bf964ef4ac | Analysis finished!
[INFO] | 2023-06-04 02:33:31 PM | analyzer.Overflow-Underflow_buggy_0xef906c48b8fde48f5f2ceb448b1163bf964ef4ac | Analysis took 0.378951 seconds
[INFO] | 2023-06-04 02:33:31 PM | analyzer.Overflow-Underflow_buggy_0xef906c48b8fde48f5f2ceb448b1163bf964ef4ac | Analysis finished at: 2023-06-04 02:33:31 PM
