[INFO] | 2023-06-04 02:31:21 PM | analyzer.Timestamp-Dependency_buggy_0x9425503158208603dff6fcd82de4dee425290ba1 | Analysis started at: 2023-06-04 02:31:21 PM
[INFO] | 2023-06-04 02:31:22 PM | analyzer.Timestamp-Dependency_buggy_0x9425503158208603dff6fcd82de4dee425290ba1 | Version constraints: ['^0.4.26']
[INFO] | 2023-06-04 02:31:22 PM | analyzer.Timestamp-Dependency_buggy_0x9425503158208603dff6fcd82de4dee425290ba1 | solc version: v0.4.26
[INFO] | 2023-06-04 02:31:22 PM | analyzer.Timestamp-Dependency_buggy_0x9425503158208603dff6fcd82de4dee425290ba1 | Callgraph generation started!
[INFO] | 2023-06-04 02:31:22 PM | analyzer.Timestamp-Dependency_buggy_0x9425503158208603dff6fcd82de4dee425290ba1 | Callgraph generation finished!
[INFO] | 2023-06-04 02:31:22 PM | analyzer.Timestamp-Dependency_buggy_0x9425503158208603dff6fcd82de4dee425290ba1 | Interprocedural CFG generation started!
[INFO] | 2023-06-04 02:31:22 PM | analyzer.Timestamp-Dependency_buggy_0x9425503158208603dff6fcd82de4dee425290ba1 | Interprocedural CFG generation finished!
[INFO] | 2023-06-04 02:31:22 PM | analyzer.Timestamp-Dependency_buggy_0x9425503158208603dff6fcd82de4dee425290ba1 | Storage dependency graph generation started!
[INFO] | 2023-06-04 02:31:22 PM | analyzer.Timestamp-Dependency_buggy_0x9425503158208603dff6fcd82de4dee425290ba1 | Storage dependency graph generation finished!
[INFO] | 2023-06-04 02:31:22 PM | analyzer.Timestamp-Dependency_buggy_0x9425503158208603dff6fcd82de4dee425290ba1 | Value Range Analysis started
[INFO] | 2023-06-04 02:31:22 PM | analyzer.Timestamp-Dependency_buggy_0x9425503158208603dff6fcd82de4dee425290ba1 | Generating return summary for play_tmstmp6
[INFO] | 2023-06-04 02:31:22 PM | analyzer.Timestamp-Dependency_buggy_0x9425503158208603dff6fcd82de4dee425290ba1 | Return summary generated for play_tmstmp6
[INFO] | 2023-06-04 02:31:22 PM | analyzer.Timestamp-Dependency_buggy_0x9425503158208603dff6fcd82de4dee425290ba1 | Range graph generated
[INFO] | 2023-06-04 02:31:22 PM | analyzer.Timestamp-Dependency_buggy_0x9425503158208603dff6fcd82de4dee425290ba1 | Processed function play_tmstmp6
[INFO] | 2023-06-04 02:31:22 PM | analyzer.Timestamp-Dependency_buggy_0x9425503158208603dff6fcd82de4dee425290ba1 | Generating return summary for Game
[INFO] | 2023-06-04 02:31:22 PM | analyzer.Timestamp-Dependency_buggy_0x9425503158208603dff6fcd82de4dee425290ba1 | Return summary generated for Game
[INFO] | 2023-06-04 02:31:22 PM | analyzer.Timestamp-Dependency_buggy_0x9425503158208603dff6fcd82de4dee425290ba1 | Range graph generated
[INFO] | 2023-06-04 02:31:22 PM | analyzer.Timestamp-Dependency_buggy_0x9425503158208603dff6fcd82de4dee425290ba1 | Processed function Game
[INFO] | 2023-06-04 02:31:22 PM | analyzer.Timestamp-Dependency_buggy_0x9425503158208603dff6fcd82de4dee425290ba1 | Generating return summary for sha
[INFO] | 2023-06-04 02:31:22 PM | analyzer.Timestamp-Dependency_buggy_0x9425503158208603dff6fcd82de4dee425290ba1 | Return summary generated for sha
[INFO] | 2023-06-04 02:31:22 PM | analyzer.Timestamp-Dependency_buggy_0x9425503158208603dff6fcd82de4dee425290ba1 | State variable assignement do not exist
[INFO] | 2023-06-04 02:31:22 PM | analyzer.Timestamp-Dependency_buggy_0x9425503158208603dff6fcd82de4dee425290ba1 | Processed function sha
[INFO] | 2023-06-04 02:31:22 PM | analyzer.Timestamp-Dependency_buggy_0x9425503158208603dff6fcd82de4dee425290ba1 | Generating return summary for slitherConstructorVariables
[INFO] | 2023-06-04 02:31:22 PM | analyzer.Timestamp-Dependency_buggy_0x9425503158208603dff6fcd82de4dee425290ba1 | Return summary generated for slitherConstructorVariables
[INFO] | 2023-06-04 02:31:22 PM | analyzer.Timestamp-Dependency_buggy_0x9425503158208603dff6fcd82de4dee425290ba1 | Range graph generated
[INFO] | 2023-06-04 02:31:22 PM | analyzer.Timestamp-Dependency_buggy_0x9425503158208603dff6fcd82de4dee425290ba1 | Processed function slitherConstructorVariables
[INFO] | 2023-06-04 02:31:22 PM | analyzer.Timestamp-Dependency_buggy_0x9425503158208603dff6fcd82de4dee425290ba1 | Generating return summary for bet
[INFO] | 2023-06-04 02:31:22 PM | analyzer.Timestamp-Dependency_buggy_0x9425503158208603dff6fcd82de4dee425290ba1 | Return summary generated for bet
[INFO] | 2023-06-04 02:31:22 PM | analyzer.Timestamp-Dependency_buggy_0x9425503158208603dff6fcd82de4dee425290ba1 | Range graph generated
[INFO] | 2023-06-04 02:31:22 PM | analyzer.Timestamp-Dependency_buggy_0x9425503158208603dff6fcd82de4dee425290ba1 | Processed function bet
[INFO] | 2023-06-04 02:31:22 PM | analyzer.Timestamp-Dependency_buggy_0x9425503158208603dff6fcd82de4dee425290ba1 | Value Range Analysis took 0.007824 seconds
[INFO] | 2023-06-04 02:31:22 PM | analyzer.Timestamp-Dependency_buggy_0x9425503158208603dff6fcd82de4dee425290ba1 | Value Range Analysis finished
[INFO] | 2023-06-04 02:31:22 PM | analyzer.Timestamp-Dependency_buggy_0x9425503158208603dff6fcd82de4dee425290ba1 | Storage dependency graph compostion started!
[INFO] | 2023-06-04 02:31:22 PM | analyzer.Timestamp-Dependency_buggy_0x9425503158208603dff6fcd82de4dee425290ba1 | Storage dependency graph compostion finished!
[INFO] | 2023-06-04 02:31:22 PM | analyzer.Timestamp-Dependency_buggy_0x9425503158208603dff6fcd82de4dee425290ba1 | Dependency detection started!
[INFO] | 2023-06-04 02:31:22 PM | analyzer.Timestamp-Dependency_buggy_0x9425503158208603dff6fcd82de4dee425290ba1 | TOD dependency detected in file Timestamp-Dependency_buggy_0x9425503158208603dff6fcd82de4dee425290ba1.sol in contract Game in by composing functions bet and bet
[INFO] | 2023-06-04 02:31:23 PM | analyzer.Timestamp-Dependency_buggy_0x9425503158208603dff6fcd82de4dee425290ba1 | TOD dependency detected in file Timestamp-Dependency_buggy_0x9425503158208603dff6fcd82de4dee425290ba1.sol in contract Game in by composing functions bet and bet
[INFO] | 2023-06-04 02:31:23 PM | analyzer.Timestamp-Dependency_buggy_0x9425503158208603dff6fcd82de4dee425290ba1 | TOD dependency detected in file Timestamp-Dependency_buggy_0x9425503158208603dff6fcd82de4dee425290ba1.sol in contract Game in by composing functions bet and bet
[INFO] | 2023-06-04 02:31:23 PM | analyzer.Timestamp-Dependency_buggy_0x9425503158208603dff6fcd82de4dee425290ba1 | TOD dependency detected in file Timestamp-Dependency_buggy_0x9425503158208603dff6fcd82de4dee425290ba1.sol in contract Game in by composing functions bet and bet
[INFO] | 2023-06-04 02:31:24 PM | analyzer.Timestamp-Dependency_buggy_0x9425503158208603dff6fcd82de4dee425290ba1 | TOD dependency detected in file Timestamp-Dependency_buggy_0x9425503158208603dff6fcd82de4dee425290ba1.sol in contract Game in by composing functions bet and bet
[INFO] | 2023-06-04 02:31:24 PM | analyzer.Timestamp-Dependency_buggy_0x9425503158208603dff6fcd82de4dee425290ba1 | Dependency detection finished!
[INFO] | 2023-06-04 02:31:24 PM | analyzer.Timestamp-Dependency_buggy_0x9425503158208603dff6fcd82de4dee425290ba1 | Static Analysis took 2.415801 seconds
[INFO] | 2023-06-04 02:31:24 PM | analyzer.Timestamp-Dependency_buggy_0x9425503158208603dff6fcd82de4dee425290ba1 | Dependency exists
[INFO] | 2023-06-04 02:31:24 PM | analyzer.Timestamp-Dependency_buggy_0x9425503158208603dff6fcd82de4dee425290ba1 | Invoking symbolic executor!
[INFO] | 2023-06-04 02:31:32 PM | analyzer.Timestamp-Dependency_buggy_0x9425503158208603dff6fcd82de4dee425290ba1 | Symbolic execution took 8.186747 seconds
[INFO] | 2023-06-04 02:31:32 PM | analyzer.Timestamp-Dependency_buggy_0x9425503158208603dff6fcd82de4dee425290ba1 | Symbolic execution finished!
[INFO] | 2023-06-04 02:31:32 PM | analyzer.Timestamp-Dependency_buggy_0x9425503158208603dff6fcd82de4dee425290ba1 | Analysis finished!
[INFO] | 2023-06-04 02:31:32 PM | analyzer.Timestamp-Dependency_buggy_0x9425503158208603dff6fcd82de4dee425290ba1 | Analysis took 10.604162 seconds
[INFO] | 2023-06-04 02:31:32 PM | analyzer.Timestamp-Dependency_buggy_0x9425503158208603dff6fcd82de4dee425290ba1 | Analysis finished at: 2023-06-04 02:31:32 PM
