[INFO] | 2023-06-04 02:28:58 PM | analyzer.Re-entrancy_buggy_0x1cbd296ad51cacd77a3f4750027ab15057b7b5e4 | Analysis started at: 2023-06-04 02:28:58 PM
[INFO] | 2023-06-04 02:28:58 PM | analyzer.Re-entrancy_buggy_0x1cbd296ad51cacd77a3f4750027ab15057b7b5e4 | Version constraints: ['^0.4.26']
[INFO] | 2023-06-04 02:28:58 PM | analyzer.Re-entrancy_buggy_0x1cbd296ad51cacd77a3f4750027ab15057b7b5e4 | solc version: v0.4.26
[INFO] | 2023-06-04 02:28:59 PM | analyzer.Re-entrancy_buggy_0x1cbd296ad51cacd77a3f4750027ab15057b7b5e4 | Callgraph generation started!
[INFO] | 2023-06-04 02:28:59 PM | analyzer.Re-entrancy_buggy_0x1cbd296ad51cacd77a3f4750027ab15057b7b5e4 | Callgraph generation finished!
[INFO] | 2023-06-04 02:28:59 PM | analyzer.Re-entrancy_buggy_0x1cbd296ad51cacd77a3f4750027ab15057b7b5e4 | Interprocedural CFG generation started!
[INFO] | 2023-06-04 02:28:59 PM | analyzer.Re-entrancy_buggy_0x1cbd296ad51cacd77a3f4750027ab15057b7b5e4 | Interprocedural CFG generation finished!
[INFO] | 2023-06-04 02:28:59 PM | analyzer.Re-entrancy_buggy_0x1cbd296ad51cacd77a3f4750027ab15057b7b5e4 | Storage dependency graph generation started!
[INFO] | 2023-06-04 02:28:59 PM | analyzer.Re-entrancy_buggy_0x1cbd296ad51cacd77a3f4750027ab15057b7b5e4 | Storage dependency graph generation finished!
[INFO] | 2023-06-04 02:28:59 PM | analyzer.Re-entrancy_buggy_0x1cbd296ad51cacd77a3f4750027ab15057b7b5e4 | Value Range Analysis started
[INFO] | 2023-06-04 02:28:59 PM | analyzer.Re-entrancy_buggy_0x1cbd296ad51cacd77a3f4750027ab15057b7b5e4 | Generating return summary for claimReward_re_ent4
[INFO] | 2023-06-04 02:28:59 PM | analyzer.Re-entrancy_buggy_0x1cbd296ad51cacd77a3f4750027ab15057b7b5e4 | Return summary generated for claimReward_re_ent4
[INFO] | 2023-06-04 02:28:59 PM | analyzer.Re-entrancy_buggy_0x1cbd296ad51cacd77a3f4750027ab15057b7b5e4 | Range graph generated
[INFO] | 2023-06-04 02:28:59 PM | analyzer.Re-entrancy_buggy_0x1cbd296ad51cacd77a3f4750027ab15057b7b5e4 | Processed function claimReward_re_ent4
[INFO] | 2023-06-04 02:28:59 PM | analyzer.Re-entrancy_buggy_0x1cbd296ad51cacd77a3f4750027ab15057b7b5e4 | Generating return summary for MEMESToken
[INFO] | 2023-06-04 02:28:59 PM | analyzer.Re-entrancy_buggy_0x1cbd296ad51cacd77a3f4750027ab15057b7b5e4 | Return summary generated for MEMESToken
[INFO] | 2023-06-04 02:28:59 PM | analyzer.Re-entrancy_buggy_0x1cbd296ad51cacd77a3f4750027ab15057b7b5e4 | Range graph generated
[INFO] | 2023-06-04 02:28:59 PM | analyzer.Re-entrancy_buggy_0x1cbd296ad51cacd77a3f4750027ab15057b7b5e4 | Processed function MEMESToken
[INFO] | 2023-06-04 02:28:59 PM | analyzer.Re-entrancy_buggy_0x1cbd296ad51cacd77a3f4750027ab15057b7b5e4 | Generating return summary for _transfer
[INFO] | 2023-06-04 02:28:59 PM | analyzer.Re-entrancy_buggy_0x1cbd296ad51cacd77a3f4750027ab15057b7b5e4 | Return summary generated for _transfer
[INFO] | 2023-06-04 02:28:59 PM | analyzer.Re-entrancy_buggy_0x1cbd296ad51cacd77a3f4750027ab15057b7b5e4 | Range graph generated
[INFO] | 2023-06-04 02:28:59 PM | analyzer.Re-entrancy_buggy_0x1cbd296ad51cacd77a3f4750027ab15057b7b5e4 | Processed function _transfer
[INFO] | 2023-06-04 02:28:59 PM | analyzer.Re-entrancy_buggy_0x1cbd296ad51cacd77a3f4750027ab15057b7b5e4 | Generating return summary for approve
[INFO] | 2023-06-04 02:28:59 PM | analyzer.Re-entrancy_buggy_0x1cbd296ad51cacd77a3f4750027ab15057b7b5e4 | Return summary generated for approve
[INFO] | 2023-06-04 02:28:59 PM | analyzer.Re-entrancy_buggy_0x1cbd296ad51cacd77a3f4750027ab15057b7b5e4 | Range graph generated
[INFO] | 2023-06-04 02:28:59 PM | analyzer.Re-entrancy_buggy_0x1cbd296ad51cacd77a3f4750027ab15057b7b5e4 | Processed function approve
[INFO] | 2023-06-04 02:28:59 PM | analyzer.Re-entrancy_buggy_0x1cbd296ad51cacd77a3f4750027ab15057b7b5e4 | Generating return summary for burn
[INFO] | 2023-06-04 02:28:59 PM | analyzer.Re-entrancy_buggy_0x1cbd296ad51cacd77a3f4750027ab15057b7b5e4 | Return summary generated for burn
[INFO] | 2023-06-04 02:28:59 PM | analyzer.Re-entrancy_buggy_0x1cbd296ad51cacd77a3f4750027ab15057b7b5e4 | Range graph generated
[INFO] | 2023-06-04 02:28:59 PM | analyzer.Re-entrancy_buggy_0x1cbd296ad51cacd77a3f4750027ab15057b7b5e4 | Processed function burn
[INFO] | 2023-06-04 02:28:59 PM | analyzer.Re-entrancy_buggy_0x1cbd296ad51cacd77a3f4750027ab15057b7b5e4 | Generating return summary for burnFrom
[INFO] | 2023-06-04 02:28:59 PM | analyzer.Re-entrancy_buggy_0x1cbd296ad51cacd77a3f4750027ab15057b7b5e4 | Return summary generated for burnFrom
[INFO] | 2023-06-04 02:28:59 PM | analyzer.Re-entrancy_buggy_0x1cbd296ad51cacd77a3f4750027ab15057b7b5e4 | Range graph generated
[INFO] | 2023-06-04 02:28:59 PM | analyzer.Re-entrancy_buggy_0x1cbd296ad51cacd77a3f4750027ab15057b7b5e4 | Processed function burnFrom
[INFO] | 2023-06-04 02:28:59 PM | analyzer.Re-entrancy_buggy_0x1cbd296ad51cacd77a3f4750027ab15057b7b5e4 | Generating return summary for slitherConstructorVariables
[INFO] | 2023-06-04 02:28:59 PM | analyzer.Re-entrancy_buggy_0x1cbd296ad51cacd77a3f4750027ab15057b7b5e4 | Return summary generated for slitherConstructorVariables
[INFO] | 2023-06-04 02:28:59 PM | analyzer.Re-entrancy_buggy_0x1cbd296ad51cacd77a3f4750027ab15057b7b5e4 | Range graph generated
[INFO] | 2023-06-04 02:28:59 PM | analyzer.Re-entrancy_buggy_0x1cbd296ad51cacd77a3f4750027ab15057b7b5e4 | Processed function slitherConstructorVariables
[INFO] | 2023-06-04 02:28:59 PM | analyzer.Re-entrancy_buggy_0x1cbd296ad51cacd77a3f4750027ab15057b7b5e4 | Generating return summary for transfer
[INFO] | 2023-06-04 02:28:59 PM | analyzer.Re-entrancy_buggy_0x1cbd296ad51cacd77a3f4750027ab15057b7b5e4 | Return summary generated for transfer
[INFO] | 2023-06-04 02:28:59 PM | analyzer.Re-entrancy_buggy_0x1cbd296ad51cacd77a3f4750027ab15057b7b5e4 | Range graph generated
[INFO] | 2023-06-04 02:28:59 PM | analyzer.Re-entrancy_buggy_0x1cbd296ad51cacd77a3f4750027ab15057b7b5e4 | Processed function transfer
[INFO] | 2023-06-04 02:28:59 PM | analyzer.Re-entrancy_buggy_0x1cbd296ad51cacd77a3f4750027ab15057b7b5e4 | Generating return summary for transferFrom
[INFO] | 2023-06-04 02:28:59 PM | analyzer.Re-entrancy_buggy_0x1cbd296ad51cacd77a3f4750027ab15057b7b5e4 | Return summary generated for transferFrom
[INFO] | 2023-06-04 02:28:59 PM | analyzer.Re-entrancy_buggy_0x1cbd296ad51cacd77a3f4750027ab15057b7b5e4 | Range graph generated
[INFO] | 2023-06-04 02:28:59 PM | analyzer.Re-entrancy_buggy_0x1cbd296ad51cacd77a3f4750027ab15057b7b5e4 | Processed function transferFrom
[INFO] | 2023-06-04 02:28:59 PM | analyzer.Re-entrancy_buggy_0x1cbd296ad51cacd77a3f4750027ab15057b7b5e4 | Value Range Analysis took 0.009143 seconds
[INFO] | 2023-06-04 02:28:59 PM | analyzer.Re-entrancy_buggy_0x1cbd296ad51cacd77a3f4750027ab15057b7b5e4 | Value Range Analysis finished
[INFO] | 2023-06-04 02:28:59 PM | analyzer.Re-entrancy_buggy_0x1cbd296ad51cacd77a3f4750027ab15057b7b5e4 | Storage dependency graph compostion started!
[INFO] | 2023-06-04 02:28:59 PM | analyzer.Re-entrancy_buggy_0x1cbd296ad51cacd77a3f4750027ab15057b7b5e4 | Storage dependency graph compostion finished!
[INFO] | 2023-06-04 02:28:59 PM | analyzer.Re-entrancy_buggy_0x1cbd296ad51cacd77a3f4750027ab15057b7b5e4 | Dependency detection started!
[INFO] | 2023-06-04 02:28:59 PM | analyzer.Re-entrancy_buggy_0x1cbd296ad51cacd77a3f4750027ab15057b7b5e4 | DAO dependency detected in file Re-entrancy_buggy_0x1cbd296ad51cacd77a3f4750027ab15057b7b5e4.sol in contract MEMESToken in by composing functions claimReward_re_ent4 and claimReward_re_ent4
[INFO] | 2023-06-04 02:28:59 PM | analyzer.Re-entrancy_buggy_0x1cbd296ad51cacd77a3f4750027ab15057b7b5e4 | TOD dependency detected in file Re-entrancy_buggy_0x1cbd296ad51cacd77a3f4750027ab15057b7b5e4.sol in contract MEMESToken in by composing functions claimReward_re_ent4 and claimReward_re_ent4
[INFO] | 2023-06-04 02:28:59 PM | analyzer.Re-entrancy_buggy_0x1cbd296ad51cacd77a3f4750027ab15057b7b5e4 | Dependency detection finished!
[INFO] | 2023-06-04 02:28:59 PM | analyzer.Re-entrancy_buggy_0x1cbd296ad51cacd77a3f4750027ab15057b7b5e4 | Static Analysis took 0.617074 seconds
[INFO] | 2023-06-04 02:28:59 PM | analyzer.Re-entrancy_buggy_0x1cbd296ad51cacd77a3f4750027ab15057b7b5e4 | Dependency exists
[INFO] | 2023-06-04 02:28:59 PM | analyzer.Re-entrancy_buggy_0x1cbd296ad51cacd77a3f4750027ab15057b7b5e4 | Invoking symbolic executor!
[INFO] | 2023-06-04 02:29:01 PM | analyzer.Re-entrancy_buggy_0x1cbd296ad51cacd77a3f4750027ab15057b7b5e4 | Symbolic execution took 2.806014 seconds
[INFO] | 2023-06-04 02:29:01 PM | analyzer.Re-entrancy_buggy_0x1cbd296ad51cacd77a3f4750027ab15057b7b5e4 | Symbolic execution finished!
[INFO] | 2023-06-04 02:29:01 PM | analyzer.Re-entrancy_buggy_0x1cbd296ad51cacd77a3f4750027ab15057b7b5e4 | Analysis finished!
[INFO] | 2023-06-04 02:29:01 PM | analyzer.Re-entrancy_buggy_0x1cbd296ad51cacd77a3f4750027ab15057b7b5e4 | Analysis took 3.425164 seconds
[INFO] | 2023-06-04 02:29:01 PM | analyzer.Re-entrancy_buggy_0x1cbd296ad51cacd77a3f4750027ab15057b7b5e4 | Analysis finished at: 2023-06-04 02:29:01 PM
