[INFO] | 2023-06-04 02:34:29 PM | analyzer.Re-entrancy_buggy_0x608290f553c26616111ca5d5cb0c1e451c09dfe2 | Analysis started at: 2023-06-04 02:34:29 PM
[INFO] | 2023-06-04 02:34:29 PM | analyzer.Re-entrancy_buggy_0x608290f553c26616111ca5d5cb0c1e451c09dfe2 | Version constraints: ['^0.4.26']
[INFO] | 2023-06-04 02:34:29 PM | analyzer.Re-entrancy_buggy_0x608290f553c26616111ca5d5cb0c1e451c09dfe2 | solc version: v0.4.26
[INFO] | 2023-06-04 02:34:29 PM | analyzer.Re-entrancy_buggy_0x608290f553c26616111ca5d5cb0c1e451c09dfe2 | Callgraph generation started!
[INFO] | 2023-06-04 02:34:29 PM | analyzer.Re-entrancy_buggy_0x608290f553c26616111ca5d5cb0c1e451c09dfe2 | Callgraph generation finished!
[INFO] | 2023-06-04 02:34:29 PM | analyzer.Re-entrancy_buggy_0x608290f553c26616111ca5d5cb0c1e451c09dfe2 | Interprocedural CFG generation started!
[INFO] | 2023-06-04 02:34:29 PM | analyzer.Re-entrancy_buggy_0x608290f553c26616111ca5d5cb0c1e451c09dfe2 | Interprocedural CFG generation finished!
[INFO] | 2023-06-04 02:34:29 PM | analyzer.Re-entrancy_buggy_0x608290f553c26616111ca5d5cb0c1e451c09dfe2 | Storage dependency graph generation started!
[INFO] | 2023-06-04 02:34:30 PM | analyzer.Re-entrancy_buggy_0x608290f553c26616111ca5d5cb0c1e451c09dfe2 | Storage dependency graph generation finished!
[INFO] | 2023-06-04 02:34:30 PM | analyzer.Re-entrancy_buggy_0x608290f553c26616111ca5d5cb0c1e451c09dfe2 | Value Range Analysis started
[INFO] | 2023-06-04 02:34:30 PM | analyzer.Re-entrancy_buggy_0x608290f553c26616111ca5d5cb0c1e451c09dfe2 | Generating return summary for totalSupply
[INFO] | 2023-06-04 02:34:30 PM | analyzer.Re-entrancy_buggy_0x608290f553c26616111ca5d5cb0c1e451c09dfe2 | Return summary generated for totalSupply
[INFO] | 2023-06-04 02:34:30 PM | analyzer.Re-entrancy_buggy_0x608290f553c26616111ca5d5cb0c1e451c09dfe2 | State variable assignement do not exist
[INFO] | 2023-06-04 02:34:30 PM | analyzer.Re-entrancy_buggy_0x608290f553c26616111ca5d5cb0c1e451c09dfe2 | Processed function totalSupply
[INFO] | 2023-06-04 02:34:30 PM | analyzer.Re-entrancy_buggy_0x608290f553c26616111ca5d5cb0c1e451c09dfe2 | Generating return summary for balanceOf
[INFO] | 2023-06-04 02:34:30 PM | analyzer.Re-entrancy_buggy_0x608290f553c26616111ca5d5cb0c1e451c09dfe2 | Return summary generated for balanceOf
[INFO] | 2023-06-04 02:34:30 PM | analyzer.Re-entrancy_buggy_0x608290f553c26616111ca5d5cb0c1e451c09dfe2 | State variable assignement do not exist
[INFO] | 2023-06-04 02:34:30 PM | analyzer.Re-entrancy_buggy_0x608290f553c26616111ca5d5cb0c1e451c09dfe2 | Processed function balanceOf
[INFO] | 2023-06-04 02:34:30 PM | analyzer.Re-entrancy_buggy_0x608290f553c26616111ca5d5cb0c1e451c09dfe2 | Generating return summary for allowance
[INFO] | 2023-06-04 02:34:30 PM | analyzer.Re-entrancy_buggy_0x608290f553c26616111ca5d5cb0c1e451c09dfe2 | Return summary generated for allowance
[INFO] | 2023-06-04 02:34:30 PM | analyzer.Re-entrancy_buggy_0x608290f553c26616111ca5d5cb0c1e451c09dfe2 | State variable assignement do not exist
[INFO] | 2023-06-04 02:34:30 PM | analyzer.Re-entrancy_buggy_0x608290f553c26616111ca5d5cb0c1e451c09dfe2 | Processed function allowance
[INFO] | 2023-06-04 02:34:30 PM | analyzer.Re-entrancy_buggy_0x608290f553c26616111ca5d5cb0c1e451c09dfe2 | Generating return summary for transfer
[INFO] | 2023-06-04 02:34:30 PM | analyzer.Re-entrancy_buggy_0x608290f553c26616111ca5d5cb0c1e451c09dfe2 | Return summary generated for transfer
[INFO] | 2023-06-04 02:34:30 PM | analyzer.Re-entrancy_buggy_0x608290f553c26616111ca5d5cb0c1e451c09dfe2 | State variable assignement do not exist
[INFO] | 2023-06-04 02:34:30 PM | analyzer.Re-entrancy_buggy_0x608290f553c26616111ca5d5cb0c1e451c09dfe2 | Processed function transfer
[INFO] | 2023-06-04 02:34:30 PM | analyzer.Re-entrancy_buggy_0x608290f553c26616111ca5d5cb0c1e451c09dfe2 | Generating return summary for approve
[INFO] | 2023-06-04 02:34:30 PM | analyzer.Re-entrancy_buggy_0x608290f553c26616111ca5d5cb0c1e451c09dfe2 | Return summary generated for approve
[INFO] | 2023-06-04 02:34:30 PM | analyzer.Re-entrancy_buggy_0x608290f553c26616111ca5d5cb0c1e451c09dfe2 | State variable assignement do not exist
[INFO] | 2023-06-04 02:34:30 PM | analyzer.Re-entrancy_buggy_0x608290f553c26616111ca5d5cb0c1e451c09dfe2 | Processed function approve
[INFO] | 2023-06-04 02:34:30 PM | analyzer.Re-entrancy_buggy_0x608290f553c26616111ca5d5cb0c1e451c09dfe2 | Generating return summary for transferFrom
[INFO] | 2023-06-04 02:34:30 PM | analyzer.Re-entrancy_buggy_0x608290f553c26616111ca5d5cb0c1e451c09dfe2 | Return summary generated for transferFrom
[INFO] | 2023-06-04 02:34:30 PM | analyzer.Re-entrancy_buggy_0x608290f553c26616111ca5d5cb0c1e451c09dfe2 | State variable assignement do not exist
[INFO] | 2023-06-04 02:34:30 PM | analyzer.Re-entrancy_buggy_0x608290f553c26616111ca5d5cb0c1e451c09dfe2 | Processed function transferFrom
[INFO] | 2023-06-04 02:34:30 PM | analyzer.Re-entrancy_buggy_0x608290f553c26616111ca5d5cb0c1e451c09dfe2 | Generating return summary for PI_NBI_II_P2
[INFO] | 2023-06-04 02:34:30 PM | analyzer.Re-entrancy_buggy_0x608290f553c26616111ca5d5cb0c1e451c09dfe2 | Return summary generated for PI_NBI_II_P2
[INFO] | 2023-06-04 02:34:30 PM | analyzer.Re-entrancy_buggy_0x608290f553c26616111ca5d5cb0c1e451c09dfe2 | Range graph generated
[INFO] | 2023-06-04 02:34:30 PM | analyzer.Re-entrancy_buggy_0x608290f553c26616111ca5d5cb0c1e451c09dfe2 | Processed function PI_NBI_II_P2
[INFO] | 2023-06-04 02:34:30 PM | analyzer.Re-entrancy_buggy_0x608290f553c26616111ca5d5cb0c1e451c09dfe2 | Generating return summary for getSinistre
[INFO] | 2023-06-04 02:34:30 PM | analyzer.Re-entrancy_buggy_0x608290f553c26616111ca5d5cb0c1e451c09dfe2 | Return summary generated for getSinistre
[INFO] | 2023-06-04 02:34:30 PM | analyzer.Re-entrancy_buggy_0x608290f553c26616111ca5d5cb0c1e451c09dfe2 | State variable assignement do not exist
[INFO] | 2023-06-04 02:34:30 PM | analyzer.Re-entrancy_buggy_0x608290f553c26616111ca5d5cb0c1e451c09dfe2 | Processed function getSinistre
[INFO] | 2023-06-04 02:34:30 PM | analyzer.Re-entrancy_buggy_0x608290f553c26616111ca5d5cb0c1e451c09dfe2 | Generating return summary for getSinistre_effectif
[INFO] | 2023-06-04 02:34:30 PM | analyzer.Re-entrancy_buggy_0x608290f553c26616111ca5d5cb0c1e451c09dfe2 | Return summary generated for getSinistre_effectif
[INFO] | 2023-06-04 02:34:30 PM | analyzer.Re-entrancy_buggy_0x608290f553c26616111ca5d5cb0c1e451c09dfe2 | State variable assignement do not exist
[INFO] | 2023-06-04 02:34:30 PM | analyzer.Re-entrancy_buggy_0x608290f553c26616111ca5d5cb0c1e451c09dfe2 | Processed function getSinistre_effectif
[INFO] | 2023-06-04 02:34:30 PM | analyzer.Re-entrancy_buggy_0x608290f553c26616111ca5d5cb0c1e451c09dfe2 | Generating return summary for getRealisation
[INFO] | 2023-06-04 02:34:30 PM | analyzer.Re-entrancy_buggy_0x608290f553c26616111ca5d5cb0c1e451c09dfe2 | Return summary generated for getRealisation
[INFO] | 2023-06-04 02:34:30 PM | analyzer.Re-entrancy_buggy_0x608290f553c26616111ca5d5cb0c1e451c09dfe2 | State variable assignement do not exist
[INFO] | 2023-06-04 02:34:30 PM | analyzer.Re-entrancy_buggy_0x608290f553c26616111ca5d5cb0c1e451c09dfe2 | Processed function getRealisation
[INFO] | 2023-06-04 02:34:30 PM | analyzer.Re-entrancy_buggy_0x608290f553c26616111ca5d5cb0c1e451c09dfe2 | Generating return summary for getRealisation_effective
[INFO] | 2023-06-04 02:34:30 PM | analyzer.Re-entrancy_buggy_0x608290f553c26616111ca5d5cb0c1e451c09dfe2 | Return summary generated for getRealisation_effective
[INFO] | 2023-06-04 02:34:30 PM | analyzer.Re-entrancy_buggy_0x608290f553c26616111ca5d5cb0c1e451c09dfe2 | State variable assignement do not exist
[INFO] | 2023-06-04 02:34:30 PM | analyzer.Re-entrancy_buggy_0x608290f553c26616111ca5d5cb0c1e451c09dfe2 | Processed function getRealisation_effective
[INFO] | 2023-06-04 02:34:30 PM | analyzer.Re-entrancy_buggy_0x608290f553c26616111ca5d5cb0c1e451c09dfe2 | Generating return summary for getOuverture_des_droits
[INFO] | 2023-06-04 02:34:30 PM | analyzer.Re-entrancy_buggy_0x608290f553c26616111ca5d5cb0c1e451c09dfe2 | Return summary generated for getOuverture_des_droits
[INFO] | 2023-06-04 02:34:30 PM | analyzer.Re-entrancy_buggy_0x608290f553c26616111ca5d5cb0c1e451c09dfe2 | State variable assignement do not exist
[INFO] | 2023-06-04 02:34:30 PM | analyzer.Re-entrancy_buggy_0x608290f553c26616111ca5d5cb0c1e451c09dfe2 | Processed function getOuverture_des_droits
[INFO] | 2023-06-04 02:34:30 PM | analyzer.Re-entrancy_buggy_0x608290f553c26616111ca5d5cb0c1e451c09dfe2 | Generating return summary for getOuverture_effective
[INFO] | 2023-06-04 02:34:30 PM | analyzer.Re-entrancy_buggy_0x608290f553c26616111ca5d5cb0c1e451c09dfe2 | Return summary generated for getOuverture_effective
[INFO] | 2023-06-04 02:34:30 PM | analyzer.Re-entrancy_buggy_0x608290f553c26616111ca5d5cb0c1e451c09dfe2 | State variable assignement do not exist
[INFO] | 2023-06-04 02:34:30 PM | analyzer.Re-entrancy_buggy_0x608290f553c26616111ca5d5cb0c1e451c09dfe2 | Processed function getOuverture_effective
[INFO] | 2023-06-04 02:34:30 PM | analyzer.Re-entrancy_buggy_0x608290f553c26616111ca5d5cb0c1e451c09dfe2 | Generating return summary for bug_re_ent41
[INFO] | 2023-06-04 02:34:30 PM | analyzer.Re-entrancy_buggy_0x608290f553c26616111ca5d5cb0c1e451c09dfe2 | Return summary generated for bug_re_ent41
[INFO] | 2023-06-04 02:34:30 PM | analyzer.Re-entrancy_buggy_0x608290f553c26616111ca5d5cb0c1e451c09dfe2 | Range graph generated
[INFO] | 2023-06-04 02:34:30 PM | analyzer.Re-entrancy_buggy_0x608290f553c26616111ca5d5cb0c1e451c09dfe2 | Processed function bug_re_ent41
[INFO] | 2023-06-04 02:34:30 PM | analyzer.Re-entrancy_buggy_0x608290f553c26616111ca5d5cb0c1e451c09dfe2 | Generating return summary for slitherConstructorVariables
[INFO] | 2023-06-04 02:34:30 PM | analyzer.Re-entrancy_buggy_0x608290f553c26616111ca5d5cb0c1e451c09dfe2 | Return summary generated for slitherConstructorVariables
[INFO] | 2023-06-04 02:34:30 PM | analyzer.Re-entrancy_buggy_0x608290f553c26616111ca5d5cb0c1e451c09dfe2 | Range graph generated
[INFO] | 2023-06-04 02:34:30 PM | analyzer.Re-entrancy_buggy_0x608290f553c26616111ca5d5cb0c1e451c09dfe2 | Processed function slitherConstructorVariables
[INFO] | 2023-06-04 02:34:30 PM | analyzer.Re-entrancy_buggy_0x608290f553c26616111ca5d5cb0c1e451c09dfe2 | Generating return summary for onlyOwner
[INFO] | 2023-06-04 02:34:30 PM | analyzer.Re-entrancy_buggy_0x608290f553c26616111ca5d5cb0c1e451c09dfe2 | Return summary generated for onlyOwner
[INFO] | 2023-06-04 02:34:30 PM | analyzer.Re-entrancy_buggy_0x608290f553c26616111ca5d5cb0c1e451c09dfe2 | State variable assignement do not exist
[INFO] | 2023-06-04 02:34:30 PM | analyzer.Re-entrancy_buggy_0x608290f553c26616111ca5d5cb0c1e451c09dfe2 | Processed function onlyOwner
[INFO] | 2023-06-04 02:34:30 PM | analyzer.Re-entrancy_buggy_0x608290f553c26616111ca5d5cb0c1e451c09dfe2 | Generating return summary for Indemnisation_1
[INFO] | 2023-06-04 02:34:30 PM | analyzer.Re-entrancy_buggy_0x608290f553c26616111ca5d5cb0c1e451c09dfe2 | Return summary generated for Indemnisation_1
[INFO] | 2023-06-04 02:34:30 PM | analyzer.Re-entrancy_buggy_0x608290f553c26616111ca5d5cb0c1e451c09dfe2 | State variable assignement do not exist
[INFO] | 2023-06-04 02:34:30 PM | analyzer.Re-entrancy_buggy_0x608290f553c26616111ca5d5cb0c1e451c09dfe2 | Processed function Indemnisation_1
[INFO] | 2023-06-04 02:34:30 PM | analyzer.Re-entrancy_buggy_0x608290f553c26616111ca5d5cb0c1e451c09dfe2 | Generating return summary for Indemnisation_2
[INFO] | 2023-06-04 02:34:30 PM | analyzer.Re-entrancy_buggy_0x608290f553c26616111ca5d5cb0c1e451c09dfe2 | Return summary generated for Indemnisation_2
[INFO] | 2023-06-04 02:34:30 PM | analyzer.Re-entrancy_buggy_0x608290f553c26616111ca5d5cb0c1e451c09dfe2 | State variable assignement do not exist
[INFO] | 2023-06-04 02:34:30 PM | analyzer.Re-entrancy_buggy_0x608290f553c26616111ca5d5cb0c1e451c09dfe2 | Processed function Indemnisation_2
[INFO] | 2023-06-04 02:34:30 PM | analyzer.Re-entrancy_buggy_0x608290f553c26616111ca5d5cb0c1e451c09dfe2 | Generating return summary for Indemnisation_3
[INFO] | 2023-06-04 02:34:30 PM | analyzer.Re-entrancy_buggy_0x608290f553c26616111ca5d5cb0c1e451c09dfe2 | Return summary generated for Indemnisation_3
[INFO] | 2023-06-04 02:34:30 PM | analyzer.Re-entrancy_buggy_0x608290f553c26616111ca5d5cb0c1e451c09dfe2 | State variable assignement do not exist
[INFO] | 2023-06-04 02:34:30 PM | analyzer.Re-entrancy_buggy_0x608290f553c26616111ca5d5cb0c1e451c09dfe2 | Processed function Indemnisation_3
[INFO] | 2023-06-04 02:34:30 PM | analyzer.Re-entrancy_buggy_0x608290f553c26616111ca5d5cb0c1e451c09dfe2 | Generating return summary for Indemnisation_4
[INFO] | 2023-06-04 02:34:30 PM | analyzer.Re-entrancy_buggy_0x608290f553c26616111ca5d5cb0c1e451c09dfe2 | Return summary generated for Indemnisation_4
[INFO] | 2023-06-04 02:34:30 PM | analyzer.Re-entrancy_buggy_0x608290f553c26616111ca5d5cb0c1e451c09dfe2 | State variable assignement do not exist
[INFO] | 2023-06-04 02:34:30 PM | analyzer.Re-entrancy_buggy_0x608290f553c26616111ca5d5cb0c1e451c09dfe2 | Processed function Indemnisation_4
[INFO] | 2023-06-04 02:34:30 PM | analyzer.Re-entrancy_buggy_0x608290f553c26616111ca5d5cb0c1e451c09dfe2 | Generating return summary for Indemnisation_5
[INFO] | 2023-06-04 02:34:30 PM | analyzer.Re-entrancy_buggy_0x608290f553c26616111ca5d5cb0c1e451c09dfe2 | Return summary generated for Indemnisation_5
[INFO] | 2023-06-04 02:34:30 PM | analyzer.Re-entrancy_buggy_0x608290f553c26616111ca5d5cb0c1e451c09dfe2 | State variable assignement do not exist
[INFO] | 2023-06-04 02:34:30 PM | analyzer.Re-entrancy_buggy_0x608290f553c26616111ca5d5cb0c1e451c09dfe2 | Processed function Indemnisation_5
[INFO] | 2023-06-04 02:34:30 PM | analyzer.Re-entrancy_buggy_0x608290f553c26616111ca5d5cb0c1e451c09dfe2 | Generating return summary for setSinistre
[INFO] | 2023-06-04 02:34:30 PM | analyzer.Re-entrancy_buggy_0x608290f553c26616111ca5d5cb0c1e451c09dfe2 | Return summary generated for setSinistre
[INFO] | 2023-06-04 02:34:30 PM | analyzer.Re-entrancy_buggy_0x608290f553c26616111ca5d5cb0c1e451c09dfe2 | Range graph generated
[INFO] | 2023-06-04 02:34:30 PM | analyzer.Re-entrancy_buggy_0x608290f553c26616111ca5d5cb0c1e451c09dfe2 | Processed function setSinistre
[INFO] | 2023-06-04 02:34:30 PM | analyzer.Re-entrancy_buggy_0x608290f553c26616111ca5d5cb0c1e451c09dfe2 | Generating return summary for setSinistre_effectif
[INFO] | 2023-06-04 02:34:30 PM | analyzer.Re-entrancy_buggy_0x608290f553c26616111ca5d5cb0c1e451c09dfe2 | Return summary generated for setSinistre_effectif
[INFO] | 2023-06-04 02:34:30 PM | analyzer.Re-entrancy_buggy_0x608290f553c26616111ca5d5cb0c1e451c09dfe2 | Range graph generated
[INFO] | 2023-06-04 02:34:30 PM | analyzer.Re-entrancy_buggy_0x608290f553c26616111ca5d5cb0c1e451c09dfe2 | Processed function setSinistre_effectif
[INFO] | 2023-06-04 02:34:30 PM | analyzer.Re-entrancy_buggy_0x608290f553c26616111ca5d5cb0c1e451c09dfe2 | Generating return summary for setRealisation
[INFO] | 2023-06-04 02:34:30 PM | analyzer.Re-entrancy_buggy_0x608290f553c26616111ca5d5cb0c1e451c09dfe2 | Return summary generated for setRealisation
[INFO] | 2023-06-04 02:34:30 PM | analyzer.Re-entrancy_buggy_0x608290f553c26616111ca5d5cb0c1e451c09dfe2 | Range graph generated
[INFO] | 2023-06-04 02:34:30 PM | analyzer.Re-entrancy_buggy_0x608290f553c26616111ca5d5cb0c1e451c09dfe2 | Processed function setRealisation
[INFO] | 2023-06-04 02:34:30 PM | analyzer.Re-entrancy_buggy_0x608290f553c26616111ca5d5cb0c1e451c09dfe2 | Generating return summary for setRealisation_effective
[INFO] | 2023-06-04 02:34:30 PM | analyzer.Re-entrancy_buggy_0x608290f553c26616111ca5d5cb0c1e451c09dfe2 | Return summary generated for setRealisation_effective
[INFO] | 2023-06-04 02:34:30 PM | analyzer.Re-entrancy_buggy_0x608290f553c26616111ca5d5cb0c1e451c09dfe2 | Range graph generated
[INFO] | 2023-06-04 02:34:30 PM | analyzer.Re-entrancy_buggy_0x608290f553c26616111ca5d5cb0c1e451c09dfe2 | Processed function setRealisation_effective
[INFO] | 2023-06-04 02:34:30 PM | analyzer.Re-entrancy_buggy_0x608290f553c26616111ca5d5cb0c1e451c09dfe2 | Generating return summary for setOuverture_des_droits
[INFO] | 2023-06-04 02:34:30 PM | analyzer.Re-entrancy_buggy_0x608290f553c26616111ca5d5cb0c1e451c09dfe2 | Return summary generated for setOuverture_des_droits
[INFO] | 2023-06-04 02:34:30 PM | analyzer.Re-entrancy_buggy_0x608290f553c26616111ca5d5cb0c1e451c09dfe2 | Range graph generated
[INFO] | 2023-06-04 02:34:30 PM | analyzer.Re-entrancy_buggy_0x608290f553c26616111ca5d5cb0c1e451c09dfe2 | Processed function setOuverture_des_droits
[INFO] | 2023-06-04 02:34:30 PM | analyzer.Re-entrancy_buggy_0x608290f553c26616111ca5d5cb0c1e451c09dfe2 | Generating return summary for setOuverture_effective
[INFO] | 2023-06-04 02:34:30 PM | analyzer.Re-entrancy_buggy_0x608290f553c26616111ca5d5cb0c1e451c09dfe2 | Return summary generated for setOuverture_effective
[INFO] | 2023-06-04 02:34:30 PM | analyzer.Re-entrancy_buggy_0x608290f553c26616111ca5d5cb0c1e451c09dfe2 | Range graph generated
[INFO] | 2023-06-04 02:34:30 PM | analyzer.Re-entrancy_buggy_0x608290f553c26616111ca5d5cb0c1e451c09dfe2 | Processed function setOuverture_effective
[INFO] | 2023-06-04 02:34:30 PM | analyzer.Re-entrancy_buggy_0x608290f553c26616111ca5d5cb0c1e451c09dfe2 | Generating return summary for Admissibilite_1
[INFO] | 2023-06-04 02:34:30 PM | analyzer.Re-entrancy_buggy_0x608290f553c26616111ca5d5cb0c1e451c09dfe2 | Return summary generated for Admissibilite_1
[INFO] | 2023-06-04 02:34:30 PM | analyzer.Re-entrancy_buggy_0x608290f553c26616111ca5d5cb0c1e451c09dfe2 | Range graph generated
[INFO] | 2023-06-04 02:34:30 PM | analyzer.Re-entrancy_buggy_0x608290f553c26616111ca5d5cb0c1e451c09dfe2 | Processed function Admissibilite_1
[INFO] | 2023-06-04 02:34:30 PM | analyzer.Re-entrancy_buggy_0x608290f553c26616111ca5d5cb0c1e451c09dfe2 | Generating return summary for Admissibilite_2
[INFO] | 2023-06-04 02:34:30 PM | analyzer.Re-entrancy_buggy_0x608290f553c26616111ca5d5cb0c1e451c09dfe2 | Return summary generated for Admissibilite_2
[INFO] | 2023-06-04 02:34:30 PM | analyzer.Re-entrancy_buggy_0x608290f553c26616111ca5d5cb0c1e451c09dfe2 | Range graph generated
[INFO] | 2023-06-04 02:34:30 PM | analyzer.Re-entrancy_buggy_0x608290f553c26616111ca5d5cb0c1e451c09dfe2 | Processed function Admissibilite_2
[INFO] | 2023-06-04 02:34:30 PM | analyzer.Re-entrancy_buggy_0x608290f553c26616111ca5d5cb0c1e451c09dfe2 | Generating return summary for Admissibilite_3
[INFO] | 2023-06-04 02:34:30 PM | analyzer.Re-entrancy_buggy_0x608290f553c26616111ca5d5cb0c1e451c09dfe2 | Return summary generated for Admissibilite_3
[INFO] | 2023-06-04 02:34:30 PM | analyzer.Re-entrancy_buggy_0x608290f553c26616111ca5d5cb0c1e451c09dfe2 | Range graph generated
[INFO] | 2023-06-04 02:34:30 PM | analyzer.Re-entrancy_buggy_0x608290f553c26616111ca5d5cb0c1e451c09dfe2 | Processed function Admissibilite_3
[INFO] | 2023-06-04 02:34:30 PM | analyzer.Re-entrancy_buggy_0x608290f553c26616111ca5d5cb0c1e451c09dfe2 | Generating return summary for Admissibilite_4
[INFO] | 2023-06-04 02:34:30 PM | analyzer.Re-entrancy_buggy_0x608290f553c26616111ca5d5cb0c1e451c09dfe2 | Return summary generated for Admissibilite_4
[INFO] | 2023-06-04 02:34:30 PM | analyzer.Re-entrancy_buggy_0x608290f553c26616111ca5d5cb0c1e451c09dfe2 | Range graph generated
[INFO] | 2023-06-04 02:34:30 PM | analyzer.Re-entrancy_buggy_0x608290f553c26616111ca5d5cb0c1e451c09dfe2 | Processed function Admissibilite_4
[INFO] | 2023-06-04 02:34:30 PM | analyzer.Re-entrancy_buggy_0x608290f553c26616111ca5d5cb0c1e451c09dfe2 | Generating return summary for Admissibilite_5
[INFO] | 2023-06-04 02:34:30 PM | analyzer.Re-entrancy_buggy_0x608290f553c26616111ca5d5cb0c1e451c09dfe2 | Return summary generated for Admissibilite_5
[INFO] | 2023-06-04 02:34:30 PM | analyzer.Re-entrancy_buggy_0x608290f553c26616111ca5d5cb0c1e451c09dfe2 | Range graph generated
[INFO] | 2023-06-04 02:34:30 PM | analyzer.Re-entrancy_buggy_0x608290f553c26616111ca5d5cb0c1e451c09dfe2 | Processed function Admissibilite_5
[INFO] | 2023-06-04 02:34:30 PM | analyzer.Re-entrancy_buggy_0x608290f553c26616111ca5d5cb0c1e451c09dfe2 | Value Range Analysis took 0.023474 seconds
[INFO] | 2023-06-04 02:34:30 PM | analyzer.Re-entrancy_buggy_0x608290f553c26616111ca5d5cb0c1e451c09dfe2 | Value Range Analysis finished
[INFO] | 2023-06-04 02:34:30 PM | analyzer.Re-entrancy_buggy_0x608290f553c26616111ca5d5cb0c1e451c09dfe2 | Storage dependency graph compostion started!
[INFO] | 2023-06-04 02:34:30 PM | analyzer.Re-entrancy_buggy_0x608290f553c26616111ca5d5cb0c1e451c09dfe2 | Storage dependency graph compostion finished!
[INFO] | 2023-06-04 02:34:30 PM | analyzer.Re-entrancy_buggy_0x608290f553c26616111ca5d5cb0c1e451c09dfe2 | Dependency detection started!
[INFO] | 2023-06-04 02:34:30 PM | analyzer.Re-entrancy_buggy_0x608290f553c26616111ca5d5cb0c1e451c09dfe2 | DAO dependency detected in file Re-entrancy_buggy_0x608290f553c26616111ca5d5cb0c1e451c09dfe2.sol in contract PI_NBI_II_P2 in by composing functions bug_re_ent41 and bug_re_ent41
[INFO] | 2023-06-04 02:34:30 PM | analyzer.Re-entrancy_buggy_0x608290f553c26616111ca5d5cb0c1e451c09dfe2 | TOD dependency detected in file Re-entrancy_buggy_0x608290f553c26616111ca5d5cb0c1e451c09dfe2.sol in contract PI_NBI_II_P2 in by composing functions bug_re_ent41 and bug_re_ent41
[INFO] | 2023-06-04 02:34:30 PM | analyzer.Re-entrancy_buggy_0x608290f553c26616111ca5d5cb0c1e451c09dfe2 | Dependency detection finished!
[INFO] | 2023-06-04 02:34:30 PM | analyzer.Re-entrancy_buggy_0x608290f553c26616111ca5d5cb0c1e451c09dfe2 | Static Analysis took 0.676179 seconds
[INFO] | 2023-06-04 02:34:30 PM | analyzer.Re-entrancy_buggy_0x608290f553c26616111ca5d5cb0c1e451c09dfe2 | Dependency exists
[INFO] | 2023-06-04 02:34:30 PM | analyzer.Re-entrancy_buggy_0x608290f553c26616111ca5d5cb0c1e451c09dfe2 | Invoking symbolic executor!
[INFO] | 2023-06-04 02:34:32 PM | analyzer.Re-entrancy_buggy_0x608290f553c26616111ca5d5cb0c1e451c09dfe2 | Symbolic execution took 2.688085 seconds
[INFO] | 2023-06-04 02:34:32 PM | analyzer.Re-entrancy_buggy_0x608290f553c26616111ca5d5cb0c1e451c09dfe2 | Symbolic execution finished!
[INFO] | 2023-06-04 02:34:32 PM | analyzer.Re-entrancy_buggy_0x608290f553c26616111ca5d5cb0c1e451c09dfe2 | Analysis finished!
[INFO] | 2023-06-04 02:34:32 PM | analyzer.Re-entrancy_buggy_0x608290f553c26616111ca5d5cb0c1e451c09dfe2 | Analysis took 3.365526 seconds
[INFO] | 2023-06-04 02:34:32 PM | analyzer.Re-entrancy_buggy_0x608290f553c26616111ca5d5cb0c1e451c09dfe2 | Analysis finished at: 2023-06-04 02:34:32 PM
