[INFO] | 2023-05-29 03:00:16 AM | analyzer.0xc0ffee0505d21342cd503bc57ed33fc2cec7f225 | Analysis started at: 2023-05-29 03:00:16 AM
[INFO] | 2023-05-29 03:00:19 AM | analyzer.0xc0ffee0505d21342cd503bc57ed33fc2cec7f225 | Version constraints: ['^0.4.9']
[INFO] | 2023-05-29 03:00:19 AM | analyzer.0xc0ffee0505d21342cd503bc57ed33fc2cec7f225 | solc version: v0.4.9
[INFO] | 2023-05-29 03:00:20 AM | analyzer.0xc0ffee0505d21342cd503bc57ed33fc2cec7f225 | Callgraph generation started!
[INFO] | 2023-05-29 03:00:20 AM | analyzer.0xc0ffee0505d21342cd503bc57ed33fc2cec7f225 | Callgraph generation finished!
[INFO] | 2023-05-29 03:00:20 AM | analyzer.0xc0ffee0505d21342cd503bc57ed33fc2cec7f225 | Interprocedural CFG generation started!
[INFO] | 2023-05-29 03:00:20 AM | analyzer.0xc0ffee0505d21342cd503bc57ed33fc2cec7f225 | Interprocedural CFG generation finished!
[INFO] | 2023-05-29 03:00:20 AM | analyzer.0xc0ffee0505d21342cd503bc57ed33fc2cec7f225 | Storage dependency graph generation started!
[WARNING] | 2023-05-29 03:00:20 AM | analyzer.0xc0ffee0505d21342cd503bc57ed33fc2cec7f225 | Issues with getting the high level call destination address
[INFO] | 2023-05-29 03:00:20 AM | analyzer.0xc0ffee0505d21342cd503bc57ed33fc2cec7f225 | Storage dependency graph generation finished!
[INFO] | 2023-05-29 03:00:20 AM | analyzer.0xc0ffee0505d21342cd503bc57ed33fc2cec7f225 | Value Range Analysis started
[INFO] | 2023-05-29 03:00:20 AM | analyzer.0xc0ffee0505d21342cd503bc57ed33fc2cec7f225 | Generating return summary for revoke
[INFO] | 2023-05-29 03:00:20 AM | analyzer.0xc0ffee0505d21342cd503bc57ed33fc2cec7f225 | Return summary generated for revoke
[INFO] | 2023-05-29 03:00:20 AM | analyzer.0xc0ffee0505d21342cd503bc57ed33fc2cec7f225 | State variable assignement do not exist
[INFO] | 2023-05-29 03:00:20 AM | analyzer.0xc0ffee0505d21342cd503bc57ed33fc2cec7f225 | Processed function revoke
[INFO] | 2023-05-29 03:00:20 AM | analyzer.0xc0ffee0505d21342cd503bc57ed33fc2cec7f225 | Generating return summary for changeOwner
[INFO] | 2023-05-29 03:00:20 AM | analyzer.0xc0ffee0505d21342cd503bc57ed33fc2cec7f225 | Return summary generated for changeOwner
[INFO] | 2023-05-29 03:00:20 AM | analyzer.0xc0ffee0505d21342cd503bc57ed33fc2cec7f225 | State variable assignement do not exist
[INFO] | 2023-05-29 03:00:20 AM | analyzer.0xc0ffee0505d21342cd503bc57ed33fc2cec7f225 | Processed function changeOwner
[INFO] | 2023-05-29 03:00:20 AM | analyzer.0xc0ffee0505d21342cd503bc57ed33fc2cec7f225 | Generating return summary for addOwner
[INFO] | 2023-05-29 03:00:20 AM | analyzer.0xc0ffee0505d21342cd503bc57ed33fc2cec7f225 | Return summary generated for addOwner
[INFO] | 2023-05-29 03:00:20 AM | analyzer.0xc0ffee0505d21342cd503bc57ed33fc2cec7f225 | State variable assignement do not exist
[INFO] | 2023-05-29 03:00:20 AM | analyzer.0xc0ffee0505d21342cd503bc57ed33fc2cec7f225 | Processed function addOwner
[INFO] | 2023-05-29 03:00:20 AM | analyzer.0xc0ffee0505d21342cd503bc57ed33fc2cec7f225 | Generating return summary for removeOwner
[INFO] | 2023-05-29 03:00:20 AM | analyzer.0xc0ffee0505d21342cd503bc57ed33fc2cec7f225 | Return summary generated for removeOwner
[INFO] | 2023-05-29 03:00:20 AM | analyzer.0xc0ffee0505d21342cd503bc57ed33fc2cec7f225 | State variable assignement do not exist
[INFO] | 2023-05-29 03:00:20 AM | analyzer.0xc0ffee0505d21342cd503bc57ed33fc2cec7f225 | Processed function removeOwner
[INFO] | 2023-05-29 03:00:20 AM | analyzer.0xc0ffee0505d21342cd503bc57ed33fc2cec7f225 | Generating return summary for changeRequirement
[INFO] | 2023-05-29 03:00:20 AM | analyzer.0xc0ffee0505d21342cd503bc57ed33fc2cec7f225 | Return summary generated for changeRequirement
[INFO] | 2023-05-29 03:00:20 AM | analyzer.0xc0ffee0505d21342cd503bc57ed33fc2cec7f225 | State variable assignement do not exist
[INFO] | 2023-05-29 03:00:20 AM | analyzer.0xc0ffee0505d21342cd503bc57ed33fc2cec7f225 | Processed function changeRequirement
[INFO] | 2023-05-29 03:00:20 AM | analyzer.0xc0ffee0505d21342cd503bc57ed33fc2cec7f225 | Generating return summary for isOwner
[INFO] | 2023-05-29 03:00:20 AM | analyzer.0xc0ffee0505d21342cd503bc57ed33fc2cec7f225 | Return summary generated for isOwner
[INFO] | 2023-05-29 03:00:20 AM | analyzer.0xc0ffee0505d21342cd503bc57ed33fc2cec7f225 | State variable assignement do not exist
[INFO] | 2023-05-29 03:00:20 AM | analyzer.0xc0ffee0505d21342cd503bc57ed33fc2cec7f225 | Processed function isOwner
[INFO] | 2023-05-29 03:00:20 AM | analyzer.0xc0ffee0505d21342cd503bc57ed33fc2cec7f225 | Generating return summary for hasConfirmed
[INFO] | 2023-05-29 03:00:20 AM | analyzer.0xc0ffee0505d21342cd503bc57ed33fc2cec7f225 | Return summary generated for hasConfirmed
[INFO] | 2023-05-29 03:00:20 AM | analyzer.0xc0ffee0505d21342cd503bc57ed33fc2cec7f225 | State variable assignement do not exist
[INFO] | 2023-05-29 03:00:20 AM | analyzer.0xc0ffee0505d21342cd503bc57ed33fc2cec7f225 | Processed function hasConfirmed
[INFO] | 2023-05-29 03:00:20 AM | analyzer.0xc0ffee0505d21342cd503bc57ed33fc2cec7f225 | Generating return summary for setDailyLimit
[INFO] | 2023-05-29 03:00:20 AM | analyzer.0xc0ffee0505d21342cd503bc57ed33fc2cec7f225 | Return summary generated for setDailyLimit
[INFO] | 2023-05-29 03:00:20 AM | analyzer.0xc0ffee0505d21342cd503bc57ed33fc2cec7f225 | State variable assignement do not exist
[INFO] | 2023-05-29 03:00:20 AM | analyzer.0xc0ffee0505d21342cd503bc57ed33fc2cec7f225 | Processed function setDailyLimit
[INFO] | 2023-05-29 03:00:20 AM | analyzer.0xc0ffee0505d21342cd503bc57ed33fc2cec7f225 | Generating return summary for execute
[INFO] | 2023-05-29 03:00:20 AM | analyzer.0xc0ffee0505d21342cd503bc57ed33fc2cec7f225 | Return summary generated for execute
[INFO] | 2023-05-29 03:00:20 AM | analyzer.0xc0ffee0505d21342cd503bc57ed33fc2cec7f225 | State variable assignement do not exist
[INFO] | 2023-05-29 03:00:20 AM | analyzer.0xc0ffee0505d21342cd503bc57ed33fc2cec7f225 | Processed function execute
[INFO] | 2023-05-29 03:00:20 AM | analyzer.0xc0ffee0505d21342cd503bc57ed33fc2cec7f225 | Generating return summary for confirm
[INFO] | 2023-05-29 03:00:20 AM | analyzer.0xc0ffee0505d21342cd503bc57ed33fc2cec7f225 | Return summary generated for confirm
[INFO] | 2023-05-29 03:00:20 AM | analyzer.0xc0ffee0505d21342cd503bc57ed33fc2cec7f225 | State variable assignement do not exist
[INFO] | 2023-05-29 03:00:20 AM | analyzer.0xc0ffee0505d21342cd503bc57ed33fc2cec7f225 | Processed function confirm
[INFO] | 2023-05-29 03:00:20 AM | analyzer.0xc0ffee0505d21342cd503bc57ed33fc2cec7f225 | Generating return summary for fallback
[INFO] | 2023-05-29 03:00:20 AM | analyzer.0xc0ffee0505d21342cd503bc57ed33fc2cec7f225 | Return summary generated for fallback
[INFO] | 2023-05-29 03:00:20 AM | analyzer.0xc0ffee0505d21342cd503bc57ed33fc2cec7f225 | State variable assignement do not exist
[INFO] | 2023-05-29 03:00:20 AM | analyzer.0xc0ffee0505d21342cd503bc57ed33fc2cec7f225 | Processed function fallback
[INFO] | 2023-05-29 03:00:20 AM | analyzer.0xc0ffee0505d21342cd503bc57ed33fc2cec7f225 | Generating return summary for initMultiowned
[INFO] | 2023-05-29 03:00:20 AM | analyzer.0xc0ffee0505d21342cd503bc57ed33fc2cec7f225 | Return summary generated for initMultiowned
[INFO] | 2023-05-29 03:00:20 AM | analyzer.0xc0ffee0505d21342cd503bc57ed33fc2cec7f225 | Range graph generated
[INFO] | 2023-05-29 03:00:20 AM | analyzer.0xc0ffee0505d21342cd503bc57ed33fc2cec7f225 | Processed function initMultiowned
[INFO] | 2023-05-29 03:00:20 AM | analyzer.0xc0ffee0505d21342cd503bc57ed33fc2cec7f225 | Generating return summary for revoke
[INFO] | 2023-05-29 03:00:20 AM | analyzer.0xc0ffee0505d21342cd503bc57ed33fc2cec7f225 | Return summary generated for revoke
[INFO] | 2023-05-29 03:00:20 AM | analyzer.0xc0ffee0505d21342cd503bc57ed33fc2cec7f225 | State variable assignement do not exist
[INFO] | 2023-05-29 03:00:20 AM | analyzer.0xc0ffee0505d21342cd503bc57ed33fc2cec7f225 | Processed function revoke
[INFO] | 2023-05-29 03:00:20 AM | analyzer.0xc0ffee0505d21342cd503bc57ed33fc2cec7f225 | Generating return summary for getOwner
[INFO] | 2023-05-29 03:00:20 AM | analyzer.0xc0ffee0505d21342cd503bc57ed33fc2cec7f225 | Return summary generated for getOwner
[INFO] | 2023-05-29 03:00:20 AM | analyzer.0xc0ffee0505d21342cd503bc57ed33fc2cec7f225 | State variable assignement do not exist
[INFO] | 2023-05-29 03:00:20 AM | analyzer.0xc0ffee0505d21342cd503bc57ed33fc2cec7f225 | Processed function getOwner
[INFO] | 2023-05-29 03:00:20 AM | analyzer.0xc0ffee0505d21342cd503bc57ed33fc2cec7f225 | Generating return summary for isOwner
[INFO] | 2023-05-29 03:00:20 AM | analyzer.0xc0ffee0505d21342cd503bc57ed33fc2cec7f225 | Return summary generated for isOwner
[INFO] | 2023-05-29 03:00:20 AM | analyzer.0xc0ffee0505d21342cd503bc57ed33fc2cec7f225 | State variable assignement do not exist
[INFO] | 2023-05-29 03:00:20 AM | analyzer.0xc0ffee0505d21342cd503bc57ed33fc2cec7f225 | Processed function isOwner
[INFO] | 2023-05-29 03:00:20 AM | analyzer.0xc0ffee0505d21342cd503bc57ed33fc2cec7f225 | Generating return summary for hasConfirmed
[INFO] | 2023-05-29 03:00:20 AM | analyzer.0xc0ffee0505d21342cd503bc57ed33fc2cec7f225 | Return summary generated for hasConfirmed
[INFO] | 2023-05-29 03:00:20 AM | analyzer.0xc0ffee0505d21342cd503bc57ed33fc2cec7f225 | State variable assignement do not exist
[INFO] | 2023-05-29 03:00:20 AM | analyzer.0xc0ffee0505d21342cd503bc57ed33fc2cec7f225 | Processed function hasConfirmed
[INFO] | 2023-05-29 03:00:20 AM | analyzer.0xc0ffee0505d21342cd503bc57ed33fc2cec7f225 | Generating return summary for create
[INFO] | 2023-05-29 03:00:20 AM | analyzer.0xc0ffee0505d21342cd503bc57ed33fc2cec7f225 | Return summary generated for create
[INFO] | 2023-05-29 03:00:20 AM | analyzer.0xc0ffee0505d21342cd503bc57ed33fc2cec7f225 | State variable assignement do not exist
[INFO] | 2023-05-29 03:00:20 AM | analyzer.0xc0ffee0505d21342cd503bc57ed33fc2cec7f225 | Processed function create
[INFO] | 2023-05-29 03:00:20 AM | analyzer.0xc0ffee0505d21342cd503bc57ed33fc2cec7f225 | Generating return summary for confirmAndCheck
[INFO] | 2023-05-29 03:00:20 AM | analyzer.0xc0ffee0505d21342cd503bc57ed33fc2cec7f225 | Return summary generated for confirmAndCheck
[INFO] | 2023-05-29 03:00:20 AM | analyzer.0xc0ffee0505d21342cd503bc57ed33fc2cec7f225 | Range graph generated
[INFO] | 2023-05-29 03:00:20 AM | analyzer.0xc0ffee0505d21342cd503bc57ed33fc2cec7f225 | Processed function confirmAndCheck
[INFO] | 2023-05-29 03:00:20 AM | analyzer.0xc0ffee0505d21342cd503bc57ed33fc2cec7f225 | Generating return summary for reorganizeOwners
[INFO] | 2023-05-29 03:00:20 AM | analyzer.0xc0ffee0505d21342cd503bc57ed33fc2cec7f225 | Return summary generated for reorganizeOwners
[INFO] | 2023-05-29 03:00:20 AM | analyzer.0xc0ffee0505d21342cd503bc57ed33fc2cec7f225 | Range graph generated
[INFO] | 2023-05-29 03:00:20 AM | analyzer.0xc0ffee0505d21342cd503bc57ed33fc2cec7f225 | Processed function reorganizeOwners
[INFO] | 2023-05-29 03:00:20 AM | analyzer.0xc0ffee0505d21342cd503bc57ed33fc2cec7f225 | Generating return summary for today
[INFO] | 2023-05-29 03:00:20 AM | analyzer.0xc0ffee0505d21342cd503bc57ed33fc2cec7f225 | Return summary generated for today
[INFO] | 2023-05-29 03:00:20 AM | analyzer.0xc0ffee0505d21342cd503bc57ed33fc2cec7f225 | State variable assignement do not exist
[INFO] | 2023-05-29 03:00:20 AM | analyzer.0xc0ffee0505d21342cd503bc57ed33fc2cec7f225 | Processed function today
[INFO] | 2023-05-29 03:00:20 AM | analyzer.0xc0ffee0505d21342cd503bc57ed33fc2cec7f225 | Generating return summary for clearPending
[INFO] | 2023-05-29 03:00:20 AM | analyzer.0xc0ffee0505d21342cd503bc57ed33fc2cec7f225 | Return summary generated for clearPending
[INFO] | 2023-05-29 03:00:20 AM | analyzer.0xc0ffee0505d21342cd503bc57ed33fc2cec7f225 | State variable assignement do not exist
[INFO] | 2023-05-29 03:00:20 AM | analyzer.0xc0ffee0505d21342cd503bc57ed33fc2cec7f225 | Processed function clearPending
[INFO] | 2023-05-29 03:00:20 AM | analyzer.0xc0ffee0505d21342cd503bc57ed33fc2cec7f225 | Generating return summary for slitherConstructorVariables
[INFO] | 2023-05-29 03:00:20 AM | analyzer.0xc0ffee0505d21342cd503bc57ed33fc2cec7f225 | Return summary generated for slitherConstructorVariables
[INFO] | 2023-05-29 03:00:20 AM | analyzer.0xc0ffee0505d21342cd503bc57ed33fc2cec7f225 | Range graph generated
[INFO] | 2023-05-29 03:00:20 AM | analyzer.0xc0ffee0505d21342cd503bc57ed33fc2cec7f225 | Processed function slitherConstructorVariables
[INFO] | 2023-05-29 03:00:20 AM | analyzer.0xc0ffee0505d21342cd503bc57ed33fc2cec7f225 | Generating return summary for onlymanyowners
[INFO] | 2023-05-29 03:00:20 AM | analyzer.0xc0ffee0505d21342cd503bc57ed33fc2cec7f225 | Return summary generated for onlymanyowners
[INFO] | 2023-05-29 03:00:20 AM | analyzer.0xc0ffee0505d21342cd503bc57ed33fc2cec7f225 | Range graph generated
[INFO] | 2023-05-29 03:00:20 AM | analyzer.0xc0ffee0505d21342cd503bc57ed33fc2cec7f225 | Processed function onlymanyowners
[INFO] | 2023-05-29 03:00:20 AM | analyzer.0xc0ffee0505d21342cd503bc57ed33fc2cec7f225 | Generating return summary for onlyowner
[INFO] | 2023-05-29 03:00:20 AM | analyzer.0xc0ffee0505d21342cd503bc57ed33fc2cec7f225 | Return summary generated for onlyowner
[INFO] | 2023-05-29 03:00:20 AM | analyzer.0xc0ffee0505d21342cd503bc57ed33fc2cec7f225 | State variable assignement do not exist
[INFO] | 2023-05-29 03:00:20 AM | analyzer.0xc0ffee0505d21342cd503bc57ed33fc2cec7f225 | Processed function onlyowner
[INFO] | 2023-05-29 03:00:20 AM | analyzer.0xc0ffee0505d21342cd503bc57ed33fc2cec7f225 | Generating return summary for Wallet
[INFO] | 2023-05-29 03:00:20 AM | analyzer.0xc0ffee0505d21342cd503bc57ed33fc2cec7f225 | Return summary generated for Wallet
[INFO] | 2023-05-29 03:00:20 AM | analyzer.0xc0ffee0505d21342cd503bc57ed33fc2cec7f225 | State variable assignement do not exist
[INFO] | 2023-05-29 03:00:20 AM | analyzer.0xc0ffee0505d21342cd503bc57ed33fc2cec7f225 | Processed function Wallet
[INFO] | 2023-05-29 03:00:20 AM | analyzer.0xc0ffee0505d21342cd503bc57ed33fc2cec7f225 | Generating return summary for fallback
[INFO] | 2023-05-29 03:00:20 AM | analyzer.0xc0ffee0505d21342cd503bc57ed33fc2cec7f225 | Return summary generated for fallback
[INFO] | 2023-05-29 03:00:20 AM | analyzer.0xc0ffee0505d21342cd503bc57ed33fc2cec7f225 | State variable assignement do not exist
[INFO] | 2023-05-29 03:00:20 AM | analyzer.0xc0ffee0505d21342cd503bc57ed33fc2cec7f225 | Processed function fallback
[INFO] | 2023-05-29 03:00:20 AM | analyzer.0xc0ffee0505d21342cd503bc57ed33fc2cec7f225 | Generating return summary for getOwner
[INFO] | 2023-05-29 03:00:20 AM | analyzer.0xc0ffee0505d21342cd503bc57ed33fc2cec7f225 | Return summary generated for getOwner
[INFO] | 2023-05-29 03:00:20 AM | analyzer.0xc0ffee0505d21342cd503bc57ed33fc2cec7f225 | State variable assignement do not exist
[INFO] | 2023-05-29 03:00:20 AM | analyzer.0xc0ffee0505d21342cd503bc57ed33fc2cec7f225 | Processed function getOwner
[INFO] | 2023-05-29 03:00:20 AM | analyzer.0xc0ffee0505d21342cd503bc57ed33fc2cec7f225 | Generating return summary for hasConfirmed
[INFO] | 2023-05-29 03:00:20 AM | analyzer.0xc0ffee0505d21342cd503bc57ed33fc2cec7f225 | Return summary generated for hasConfirmed
[INFO] | 2023-05-29 03:00:20 AM | analyzer.0xc0ffee0505d21342cd503bc57ed33fc2cec7f225 | State variable assignement do not exist
[INFO] | 2023-05-29 03:00:20 AM | analyzer.0xc0ffee0505d21342cd503bc57ed33fc2cec7f225 | Processed function hasConfirmed
[INFO] | 2023-05-29 03:00:20 AM | analyzer.0xc0ffee0505d21342cd503bc57ed33fc2cec7f225 | Generating return summary for isOwner
[INFO] | 2023-05-29 03:00:20 AM | analyzer.0xc0ffee0505d21342cd503bc57ed33fc2cec7f225 | Return summary generated for isOwner
[INFO] | 2023-05-29 03:00:20 AM | analyzer.0xc0ffee0505d21342cd503bc57ed33fc2cec7f225 | State variable assignement do not exist
[INFO] | 2023-05-29 03:00:20 AM | analyzer.0xc0ffee0505d21342cd503bc57ed33fc2cec7f225 | Processed function isOwner
[INFO] | 2023-05-29 03:00:20 AM | analyzer.0xc0ffee0505d21342cd503bc57ed33fc2cec7f225 | Generating return summary for slitherConstructorVariables
[INFO] | 2023-05-29 03:00:20 AM | analyzer.0xc0ffee0505d21342cd503bc57ed33fc2cec7f225 | Return summary generated for slitherConstructorVariables
[INFO] | 2023-05-29 03:00:20 AM | analyzer.0xc0ffee0505d21342cd503bc57ed33fc2cec7f225 | Range graph generated
[INFO] | 2023-05-29 03:00:20 AM | analyzer.0xc0ffee0505d21342cd503bc57ed33fc2cec7f225 | Processed function slitherConstructorVariables
[INFO] | 2023-05-29 03:00:20 AM | analyzer.0xc0ffee0505d21342cd503bc57ed33fc2cec7f225 | Generating return summary for changeOwner
[INFO] | 2023-05-29 03:00:20 AM | analyzer.0xc0ffee0505d21342cd503bc57ed33fc2cec7f225 | Return summary generated for changeOwner
[INFO] | 2023-05-29 03:00:20 AM | analyzer.0xc0ffee0505d21342cd503bc57ed33fc2cec7f225 | Range graph generated
[INFO] | 2023-05-29 03:00:20 AM | analyzer.0xc0ffee0505d21342cd503bc57ed33fc2cec7f225 | Processed function changeOwner
[INFO] | 2023-05-29 03:00:20 AM | analyzer.0xc0ffee0505d21342cd503bc57ed33fc2cec7f225 | Generating return summary for addOwner
[INFO] | 2023-05-29 03:00:20 AM | analyzer.0xc0ffee0505d21342cd503bc57ed33fc2cec7f225 | Return summary generated for addOwner
[INFO] | 2023-05-29 03:00:20 AM | analyzer.0xc0ffee0505d21342cd503bc57ed33fc2cec7f225 | Range graph generated
[INFO] | 2023-05-29 03:00:20 AM | analyzer.0xc0ffee0505d21342cd503bc57ed33fc2cec7f225 | Processed function addOwner
[INFO] | 2023-05-29 03:00:20 AM | analyzer.0xc0ffee0505d21342cd503bc57ed33fc2cec7f225 | Generating return summary for confirm
[INFO] | 2023-05-29 03:00:20 AM | analyzer.0xc0ffee0505d21342cd503bc57ed33fc2cec7f225 | Return summary generated for confirm
[INFO] | 2023-05-29 03:00:20 AM | analyzer.0xc0ffee0505d21342cd503bc57ed33fc2cec7f225 | State variable assignement do not exist
[INFO] | 2023-05-29 03:00:20 AM | analyzer.0xc0ffee0505d21342cd503bc57ed33fc2cec7f225 | Processed function confirm
[INFO] | 2023-05-29 03:00:20 AM | analyzer.0xc0ffee0505d21342cd503bc57ed33fc2cec7f225 | Generating return summary for removeOwner
[INFO] | 2023-05-29 03:00:20 AM | analyzer.0xc0ffee0505d21342cd503bc57ed33fc2cec7f225 | Return summary generated for removeOwner
[INFO] | 2023-05-29 03:00:20 AM | analyzer.0xc0ffee0505d21342cd503bc57ed33fc2cec7f225 | Range graph generated
[INFO] | 2023-05-29 03:00:20 AM | analyzer.0xc0ffee0505d21342cd503bc57ed33fc2cec7f225 | Processed function removeOwner
[INFO] | 2023-05-29 03:00:20 AM | analyzer.0xc0ffee0505d21342cd503bc57ed33fc2cec7f225 | Generating return summary for initDaylimit
[INFO] | 2023-05-29 03:00:20 AM | analyzer.0xc0ffee0505d21342cd503bc57ed33fc2cec7f225 | Return summary generated for initDaylimit
[INFO] | 2023-05-29 03:00:20 AM | analyzer.0xc0ffee0505d21342cd503bc57ed33fc2cec7f225 | Range graph generated
[INFO] | 2023-05-29 03:00:20 AM | analyzer.0xc0ffee0505d21342cd503bc57ed33fc2cec7f225 | Processed function initDaylimit
[INFO] | 2023-05-29 03:00:20 AM | analyzer.0xc0ffee0505d21342cd503bc57ed33fc2cec7f225 | Generating return summary for underLimit
[INFO] | 2023-05-29 03:00:20 AM | analyzer.0xc0ffee0505d21342cd503bc57ed33fc2cec7f225 | Return summary generated for underLimit
[INFO] | 2023-05-29 03:00:20 AM | analyzer.0xc0ffee0505d21342cd503bc57ed33fc2cec7f225 | Range graph generated
[INFO] | 2023-05-29 03:00:20 AM | analyzer.0xc0ffee0505d21342cd503bc57ed33fc2cec7f225 | Processed function underLimit
[INFO] | 2023-05-29 03:00:20 AM | analyzer.0xc0ffee0505d21342cd503bc57ed33fc2cec7f225 | Generating return summary for changeRequirement
[INFO] | 2023-05-29 03:00:20 AM | analyzer.0xc0ffee0505d21342cd503bc57ed33fc2cec7f225 | Return summary generated for changeRequirement
[INFO] | 2023-05-29 03:00:20 AM | analyzer.0xc0ffee0505d21342cd503bc57ed33fc2cec7f225 | Range graph generated
[INFO] | 2023-05-29 03:00:20 AM | analyzer.0xc0ffee0505d21342cd503bc57ed33fc2cec7f225 | Processed function changeRequirement
[INFO] | 2023-05-29 03:00:20 AM | analyzer.0xc0ffee0505d21342cd503bc57ed33fc2cec7f225 | Generating return summary for setDailyLimit
[INFO] | 2023-05-29 03:00:20 AM | analyzer.0xc0ffee0505d21342cd503bc57ed33fc2cec7f225 | Return summary generated for setDailyLimit
[INFO] | 2023-05-29 03:00:20 AM | analyzer.0xc0ffee0505d21342cd503bc57ed33fc2cec7f225 | Range graph generated
[INFO] | 2023-05-29 03:00:20 AM | analyzer.0xc0ffee0505d21342cd503bc57ed33fc2cec7f225 | Processed function setDailyLimit
[INFO] | 2023-05-29 03:00:20 AM | analyzer.0xc0ffee0505d21342cd503bc57ed33fc2cec7f225 | Generating return summary for resetSpentToday
[INFO] | 2023-05-29 03:00:20 AM | analyzer.0xc0ffee0505d21342cd503bc57ed33fc2cec7f225 | Return summary generated for resetSpentToday
[INFO] | 2023-05-29 03:00:20 AM | analyzer.0xc0ffee0505d21342cd503bc57ed33fc2cec7f225 | Range graph generated
[INFO] | 2023-05-29 03:00:20 AM | analyzer.0xc0ffee0505d21342cd503bc57ed33fc2cec7f225 | Processed function resetSpentToday
[INFO] | 2023-05-29 03:00:20 AM | analyzer.0xc0ffee0505d21342cd503bc57ed33fc2cec7f225 | Generating return summary for kill
[INFO] | 2023-05-29 03:00:20 AM | analyzer.0xc0ffee0505d21342cd503bc57ed33fc2cec7f225 | Return summary generated for kill
[INFO] | 2023-05-29 03:00:20 AM | analyzer.0xc0ffee0505d21342cd503bc57ed33fc2cec7f225 | State variable assignement do not exist
[INFO] | 2023-05-29 03:00:20 AM | analyzer.0xc0ffee0505d21342cd503bc57ed33fc2cec7f225 | Processed function kill
[INFO] | 2023-05-29 03:00:20 AM | analyzer.0xc0ffee0505d21342cd503bc57ed33fc2cec7f225 | Generating return summary for initWallet
[INFO] | 2023-05-29 03:00:20 AM | analyzer.0xc0ffee0505d21342cd503bc57ed33fc2cec7f225 | Return summary generated for initWallet
[INFO] | 2023-05-29 03:00:20 AM | analyzer.0xc0ffee0505d21342cd503bc57ed33fc2cec7f225 | Range graph generated
[INFO] | 2023-05-29 03:00:20 AM | analyzer.0xc0ffee0505d21342cd503bc57ed33fc2cec7f225 | Processed function initWallet
[INFO] | 2023-05-29 03:00:20 AM | analyzer.0xc0ffee0505d21342cd503bc57ed33fc2cec7f225 | Generating return summary for execute
[WARNING] | 2023-05-29 03:00:20 AM | analyzer.0xc0ffee0505d21342cd503bc57ed33fc2cec7f225 | No lvalue eligible assignment, is this some bug!
[INFO] | 2023-05-29 03:00:20 AM | analyzer.0xc0ffee0505d21342cd503bc57ed33fc2cec7f225 | Return summary generated for execute
[INFO] | 2023-05-29 03:00:20 AM | analyzer.0xc0ffee0505d21342cd503bc57ed33fc2cec7f225 | Range graph generated
[INFO] | 2023-05-29 03:00:20 AM | analyzer.0xc0ffee0505d21342cd503bc57ed33fc2cec7f225 | Processed function execute
[INFO] | 2023-05-29 03:00:20 AM | analyzer.0xc0ffee0505d21342cd503bc57ed33fc2cec7f225 | Value Range Analysis took 0.069278 seconds
[INFO] | 2023-05-29 03:00:20 AM | analyzer.0xc0ffee0505d21342cd503bc57ed33fc2cec7f225 | Value Range Analysis finished
[INFO] | 2023-05-29 03:00:20 AM | analyzer.0xc0ffee0505d21342cd503bc57ed33fc2cec7f225 | Storage dependency graph compostion started!
[INFO] | 2023-05-29 03:00:20 AM | analyzer.0xc0ffee0505d21342cd503bc57ed33fc2cec7f225 | Storage dependency graph compostion finished!
[INFO] | 2023-05-29 03:00:20 AM | analyzer.0xc0ffee0505d21342cd503bc57ed33fc2cec7f225 | Dependency detection started!
[INFO] | 2023-05-29 03:00:21 AM | analyzer.0xc0ffee0505d21342cd503bc57ed33fc2cec7f225 | TOD dependency detected in file 0xc0ffee0505d21342cd503bc57ed33fc2cec7f225.sol in contract WalletLibrary in by composing functions execute and initMultiowned
[INFO] | 2023-05-29 03:00:24 AM | analyzer.0xc0ffee0505d21342cd503bc57ed33fc2cec7f225 | TOD dependency detected in file 0xc0ffee0505d21342cd503bc57ed33fc2cec7f225.sol in contract WalletLibrary in by composing functions execute and initMultiowned
[INFO] | 2023-05-29 03:00:25 AM | analyzer.0xc0ffee0505d21342cd503bc57ed33fc2cec7f225 | TOD dependency detected in file 0xc0ffee0505d21342cd503bc57ed33fc2cec7f225.sol in contract WalletLibrary in by composing functions execute and changeOwner
[INFO] | 2023-05-29 03:00:28 AM | analyzer.0xc0ffee0505d21342cd503bc57ed33fc2cec7f225 | TOD dependency detected in file 0xc0ffee0505d21342cd503bc57ed33fc2cec7f225.sol in contract WalletLibrary in by composing functions execute and changeOwner
[INFO] | 2023-05-29 03:00:29 AM | analyzer.0xc0ffee0505d21342cd503bc57ed33fc2cec7f225 | TOD dependency detected in file 0xc0ffee0505d21342cd503bc57ed33fc2cec7f225.sol in contract WalletLibrary in by composing functions execute and addOwner
[INFO] | 2023-05-29 03:00:31 AM | analyzer.0xc0ffee0505d21342cd503bc57ed33fc2cec7f225 | TOD dependency detected in file 0xc0ffee0505d21342cd503bc57ed33fc2cec7f225.sol in contract WalletLibrary in by composing functions execute and addOwner
[INFO] | 2023-05-29 03:00:32 AM | analyzer.0xc0ffee0505d21342cd503bc57ed33fc2cec7f225 | TOD dependency detected in file 0xc0ffee0505d21342cd503bc57ed33fc2cec7f225.sol in contract WalletLibrary in by composing functions execute and removeOwner
[INFO] | 2023-05-29 03:00:35 AM | analyzer.0xc0ffee0505d21342cd503bc57ed33fc2cec7f225 | TOD dependency detected in file 0xc0ffee0505d21342cd503bc57ed33fc2cec7f225.sol in contract WalletLibrary in by composing functions execute and removeOwner
[INFO] | 2023-05-29 03:00:35 AM | analyzer.0xc0ffee0505d21342cd503bc57ed33fc2cec7f225 | TOD dependency detected in file 0xc0ffee0505d21342cd503bc57ed33fc2cec7f225.sol in contract WalletLibrary in by composing functions execute and changeRequirement
[INFO] | 2023-05-29 03:00:36 AM | analyzer.0xc0ffee0505d21342cd503bc57ed33fc2cec7f225 | TOD dependency detected in file 0xc0ffee0505d21342cd503bc57ed33fc2cec7f225.sol in contract WalletLibrary in by composing functions execute and changeRequirement
[INFO] | 2023-05-29 03:00:37 AM | analyzer.0xc0ffee0505d21342cd503bc57ed33fc2cec7f225 | TOD dependency detected in file 0xc0ffee0505d21342cd503bc57ed33fc2cec7f225.sol in contract WalletLibrary in by composing functions execute and initDaylimit
[INFO] | 2023-05-29 03:00:37 AM | analyzer.0xc0ffee0505d21342cd503bc57ed33fc2cec7f225 | TOD dependency detected in file 0xc0ffee0505d21342cd503bc57ed33fc2cec7f225.sol in contract WalletLibrary in by composing functions execute and initDaylimit
[INFO] | 2023-05-29 03:00:37 AM | analyzer.0xc0ffee0505d21342cd503bc57ed33fc2cec7f225 | TOD dependency detected in file 0xc0ffee0505d21342cd503bc57ed33fc2cec7f225.sol in contract WalletLibrary in by composing functions execute and setDailyLimit
[INFO] | 2023-05-29 03:00:38 AM | analyzer.0xc0ffee0505d21342cd503bc57ed33fc2cec7f225 | TOD dependency detected in file 0xc0ffee0505d21342cd503bc57ed33fc2cec7f225.sol in contract WalletLibrary in by composing functions execute and setDailyLimit
[INFO] | 2023-05-29 03:00:38 AM | analyzer.0xc0ffee0505d21342cd503bc57ed33fc2cec7f225 | TOD dependency detected in file 0xc0ffee0505d21342cd503bc57ed33fc2cec7f225.sol in contract WalletLibrary in by composing functions execute and resetSpentToday
[INFO] | 2023-05-29 03:00:38 AM | analyzer.0xc0ffee0505d21342cd503bc57ed33fc2cec7f225 | TOD dependency detected in file 0xc0ffee0505d21342cd503bc57ed33fc2cec7f225.sol in contract WalletLibrary in by composing functions execute and resetSpentToday
[INFO] | 2023-05-29 03:00:40 AM | analyzer.0xc0ffee0505d21342cd503bc57ed33fc2cec7f225 | TOD dependency detected in file 0xc0ffee0505d21342cd503bc57ed33fc2cec7f225.sol in contract WalletLibrary in by composing functions execute and initWallet
[INFO] | 2023-05-29 03:00:43 AM | analyzer.0xc0ffee0505d21342cd503bc57ed33fc2cec7f225 | TOD dependency detected in file 0xc0ffee0505d21342cd503bc57ed33fc2cec7f225.sol in contract WalletLibrary in by composing functions execute and initWallet
[INFO] | 2023-05-29 03:00:43 AM | analyzer.0xc0ffee0505d21342cd503bc57ed33fc2cec7f225 | TOD dependency detected in file 0xc0ffee0505d21342cd503bc57ed33fc2cec7f225.sol in contract WalletLibrary in by composing functions execute and kill
[INFO] | 2023-05-29 03:00:44 AM | analyzer.0xc0ffee0505d21342cd503bc57ed33fc2cec7f225 | TOD dependency detected in file 0xc0ffee0505d21342cd503bc57ed33fc2cec7f225.sol in contract WalletLibrary in by composing functions execute and execute
[INFO] | 2023-05-29 03:00:48 AM | analyzer.0xc0ffee0505d21342cd503bc57ed33fc2cec7f225 | TOD dependency detected in file 0xc0ffee0505d21342cd503bc57ed33fc2cec7f225.sol in contract WalletLibrary in by composing functions execute and execute
[INFO] | 2023-05-29 03:00:50 AM | analyzer.0xc0ffee0505d21342cd503bc57ed33fc2cec7f225 | TOD dependency detected in file 0xc0ffee0505d21342cd503bc57ed33fc2cec7f225.sol in contract WalletLibrary in by composing functions execute and confirm
[INFO] | 2023-05-29 03:00:51 AM | analyzer.0xc0ffee0505d21342cd503bc57ed33fc2cec7f225 | TOD dependency detected in file 0xc0ffee0505d21342cd503bc57ed33fc2cec7f225.sol in contract WalletLibrary in by composing functions confirm and initMultiowned
[INFO] | 2023-05-29 03:00:53 AM | analyzer.0xc0ffee0505d21342cd503bc57ed33fc2cec7f225 | TOD dependency detected in file 0xc0ffee0505d21342cd503bc57ed33fc2cec7f225.sol in contract WalletLibrary in by composing functions confirm and changeOwner
[INFO] | 2023-05-29 03:00:56 AM | analyzer.0xc0ffee0505d21342cd503bc57ed33fc2cec7f225 | TOD dependency detected in file 0xc0ffee0505d21342cd503bc57ed33fc2cec7f225.sol in contract WalletLibrary in by composing functions confirm and addOwner
[INFO] | 2023-05-29 03:00:59 AM | analyzer.0xc0ffee0505d21342cd503bc57ed33fc2cec7f225 | TOD dependency detected in file 0xc0ffee0505d21342cd503bc57ed33fc2cec7f225.sol in contract WalletLibrary in by composing functions confirm and removeOwner
[INFO] | 2023-05-29 03:01:00 AM | analyzer.0xc0ffee0505d21342cd503bc57ed33fc2cec7f225 | TOD dependency detected in file 0xc0ffee0505d21342cd503bc57ed33fc2cec7f225.sol in contract WalletLibrary in by composing functions confirm and changeRequirement
[INFO] | 2023-05-29 03:01:00 AM | analyzer.0xc0ffee0505d21342cd503bc57ed33fc2cec7f225 | TOD dependency detected in file 0xc0ffee0505d21342cd503bc57ed33fc2cec7f225.sol in contract WalletLibrary in by composing functions confirm and setDailyLimit
[INFO] | 2023-05-29 03:01:00 AM | analyzer.0xc0ffee0505d21342cd503bc57ed33fc2cec7f225 | TOD dependency detected in file 0xc0ffee0505d21342cd503bc57ed33fc2cec7f225.sol in contract WalletLibrary in by composing functions confirm and resetSpentToday
[INFO] | 2023-05-29 03:01:01 AM | analyzer.0xc0ffee0505d21342cd503bc57ed33fc2cec7f225 | TOD dependency detected in file 0xc0ffee0505d21342cd503bc57ed33fc2cec7f225.sol in contract WalletLibrary in by composing functions confirm and initWallet
[INFO] | 2023-05-29 03:01:01 AM | analyzer.0xc0ffee0505d21342cd503bc57ed33fc2cec7f225 | TOD dependency detected in file 0xc0ffee0505d21342cd503bc57ed33fc2cec7f225.sol in contract WalletLibrary in by composing functions confirm and kill
[INFO] | 2023-05-29 03:01:04 AM | analyzer.0xc0ffee0505d21342cd503bc57ed33fc2cec7f225 | TOD dependency detected in file 0xc0ffee0505d21342cd503bc57ed33fc2cec7f225.sol in contract WalletLibrary in by composing functions confirm and execute
[INFO] | 2023-05-29 03:01:06 AM | analyzer.0xc0ffee0505d21342cd503bc57ed33fc2cec7f225 | TOD dependency detected in file 0xc0ffee0505d21342cd503bc57ed33fc2cec7f225.sol in contract WalletLibrary in by composing functions confirm and confirm
[INFO] | 2023-05-29 03:01:06 AM | analyzer.0xc0ffee0505d21342cd503bc57ed33fc2cec7f225 | Dependency detection finished!
[INFO] | 2023-05-29 03:01:06 AM | analyzer.0xc0ffee0505d21342cd503bc57ed33fc2cec7f225 | Static Analysis took 49.643259 seconds
[INFO] | 2023-05-29 03:01:06 AM | analyzer.0xc0ffee0505d21342cd503bc57ed33fc2cec7f225 | Dependency exists
[INFO] | 2023-05-29 03:01:06 AM | analyzer.0xc0ffee0505d21342cd503bc57ed33fc2cec7f225 | Invoking symbolic executor!
[INFO] | 2023-05-29 03:02:15 AM | analyzer.0xc0ffee0505d21342cd503bc57ed33fc2cec7f225 | Symbolic execution took 69.442085 seconds
[INFO] | 2023-05-29 03:02:15 AM | analyzer.0xc0ffee0505d21342cd503bc57ed33fc2cec7f225 | Symbolic execution finished!
[INFO] | 2023-05-29 03:02:15 AM | analyzer.0xc0ffee0505d21342cd503bc57ed33fc2cec7f225 | Analysis finished!
[INFO] | 2023-05-29 03:02:15 AM | analyzer.0xc0ffee0505d21342cd503bc57ed33fc2cec7f225 | Analysis took 119.087269 seconds
[INFO] | 2023-05-29 03:02:15 AM | analyzer.0xc0ffee0505d21342cd503bc57ed33fc2cec7f225 | Analysis finished at: 2023-05-29 03:02:15 AM
