[INFO] | 2023-06-04 02:23:04 PM | analyzer.tx.origin_buggy_0x850c206043382e2c7615710846554c154425b1c6 | Analysis started at: 2023-06-04 02:23:04 PM
[INFO] | 2023-06-04 02:23:04 PM | analyzer.tx.origin_buggy_0x850c206043382e2c7615710846554c154425b1c6 | Version constraints: ['^0.4.26']
[INFO] | 2023-06-04 02:23:04 PM | analyzer.tx.origin_buggy_0x850c206043382e2c7615710846554c154425b1c6 | solc version: v0.4.26
[INFO] | 2023-06-04 02:23:05 PM | analyzer.tx.origin_buggy_0x850c206043382e2c7615710846554c154425b1c6 | Callgraph generation started!
[INFO] | 2023-06-04 02:23:05 PM | analyzer.tx.origin_buggy_0x850c206043382e2c7615710846554c154425b1c6 | Callgraph generation finished!
[INFO] | 2023-06-04 02:23:05 PM | analyzer.tx.origin_buggy_0x850c206043382e2c7615710846554c154425b1c6 | Interprocedural CFG generation started!
[INFO] | 2023-06-04 02:23:05 PM | analyzer.tx.origin_buggy_0x850c206043382e2c7615710846554c154425b1c6 | Interprocedural CFG generation finished!
[INFO] | 2023-06-04 02:23:05 PM | analyzer.tx.origin_buggy_0x850c206043382e2c7615710846554c154425b1c6 | Storage dependency graph generation started!
[INFO] | 2023-06-04 02:23:05 PM | analyzer.tx.origin_buggy_0x850c206043382e2c7615710846554c154425b1c6 | Storage dependency graph generation finished!
[INFO] | 2023-06-04 02:23:05 PM | analyzer.tx.origin_buggy_0x850c206043382e2c7615710846554c154425b1c6 | Value Range Analysis started
[INFO] | 2023-06-04 02:23:05 PM | analyzer.tx.origin_buggy_0x850c206043382e2c7615710846554c154425b1c6 | Generating return summary for BIMI_0001
[INFO] | 2023-06-04 02:23:05 PM | analyzer.tx.origin_buggy_0x850c206043382e2c7615710846554c154425b1c6 | Return summary generated for BIMI_0001
[INFO] | 2023-06-04 02:23:05 PM | analyzer.tx.origin_buggy_0x850c206043382e2c7615710846554c154425b1c6 | Range graph generated
[INFO] | 2023-06-04 02:23:05 PM | analyzer.tx.origin_buggy_0x850c206043382e2c7615710846554c154425b1c6 | Processed function BIMI_0001
[INFO] | 2023-06-04 02:23:05 PM | analyzer.tx.origin_buggy_0x850c206043382e2c7615710846554c154425b1c6 | Generating return summary for getData_1
[INFO] | 2023-06-04 02:23:05 PM | analyzer.tx.origin_buggy_0x850c206043382e2c7615710846554c154425b1c6 | Return summary generated for getData_1
[INFO] | 2023-06-04 02:23:05 PM | analyzer.tx.origin_buggy_0x850c206043382e2c7615710846554c154425b1c6 | State variable assignement do not exist
[INFO] | 2023-06-04 02:23:05 PM | analyzer.tx.origin_buggy_0x850c206043382e2c7615710846554c154425b1c6 | Processed function getData_1
[INFO] | 2023-06-04 02:23:05 PM | analyzer.tx.origin_buggy_0x850c206043382e2c7615710846554c154425b1c6 | Generating return summary for getData_2
[INFO] | 2023-06-04 02:23:05 PM | analyzer.tx.origin_buggy_0x850c206043382e2c7615710846554c154425b1c6 | Return summary generated for getData_2
[INFO] | 2023-06-04 02:23:05 PM | analyzer.tx.origin_buggy_0x850c206043382e2c7615710846554c154425b1c6 | State variable assignement do not exist
[INFO] | 2023-06-04 02:23:05 PM | analyzer.tx.origin_buggy_0x850c206043382e2c7615710846554c154425b1c6 | Processed function getData_2
[INFO] | 2023-06-04 02:23:05 PM | analyzer.tx.origin_buggy_0x850c206043382e2c7615710846554c154425b1c6 | Generating return summary for getData_3
[INFO] | 2023-06-04 02:23:05 PM | analyzer.tx.origin_buggy_0x850c206043382e2c7615710846554c154425b1c6 | Return summary generated for getData_3
[INFO] | 2023-06-04 02:23:05 PM | analyzer.tx.origin_buggy_0x850c206043382e2c7615710846554c154425b1c6 | State variable assignement do not exist
[INFO] | 2023-06-04 02:23:05 PM | analyzer.tx.origin_buggy_0x850c206043382e2c7615710846554c154425b1c6 | Processed function getData_3
[INFO] | 2023-06-04 02:23:05 PM | analyzer.tx.origin_buggy_0x850c206043382e2c7615710846554c154425b1c6 | Generating return summary for getData_4
[INFO] | 2023-06-04 02:23:05 PM | analyzer.tx.origin_buggy_0x850c206043382e2c7615710846554c154425b1c6 | Return summary generated for getData_4
[INFO] | 2023-06-04 02:23:05 PM | analyzer.tx.origin_buggy_0x850c206043382e2c7615710846554c154425b1c6 | State variable assignement do not exist
[INFO] | 2023-06-04 02:23:05 PM | analyzer.tx.origin_buggy_0x850c206043382e2c7615710846554c154425b1c6 | Processed function getData_4
[INFO] | 2023-06-04 02:23:05 PM | analyzer.tx.origin_buggy_0x850c206043382e2c7615710846554c154425b1c6 | Generating return summary for getData_5
[INFO] | 2023-06-04 02:23:05 PM | analyzer.tx.origin_buggy_0x850c206043382e2c7615710846554c154425b1c6 | Return summary generated for getData_5
[INFO] | 2023-06-04 02:23:05 PM | analyzer.tx.origin_buggy_0x850c206043382e2c7615710846554c154425b1c6 | State variable assignement do not exist
[INFO] | 2023-06-04 02:23:05 PM | analyzer.tx.origin_buggy_0x850c206043382e2c7615710846554c154425b1c6 | Processed function getData_5
[INFO] | 2023-06-04 02:23:05 PM | analyzer.tx.origin_buggy_0x850c206043382e2c7615710846554c154425b1c6 | Generating return summary for getData_6
[INFO] | 2023-06-04 02:23:05 PM | analyzer.tx.origin_buggy_0x850c206043382e2c7615710846554c154425b1c6 | Return summary generated for getData_6
[INFO] | 2023-06-04 02:23:05 PM | analyzer.tx.origin_buggy_0x850c206043382e2c7615710846554c154425b1c6 | State variable assignement do not exist
[INFO] | 2023-06-04 02:23:05 PM | analyzer.tx.origin_buggy_0x850c206043382e2c7615710846554c154425b1c6 | Processed function getData_6
[INFO] | 2023-06-04 02:23:05 PM | analyzer.tx.origin_buggy_0x850c206043382e2c7615710846554c154425b1c6 | Generating return summary for getData_7
[INFO] | 2023-06-04 02:23:05 PM | analyzer.tx.origin_buggy_0x850c206043382e2c7615710846554c154425b1c6 | Return summary generated for getData_7
[INFO] | 2023-06-04 02:23:05 PM | analyzer.tx.origin_buggy_0x850c206043382e2c7615710846554c154425b1c6 | State variable assignement do not exist
[INFO] | 2023-06-04 02:23:05 PM | analyzer.tx.origin_buggy_0x850c206043382e2c7615710846554c154425b1c6 | Processed function getData_7
[INFO] | 2023-06-04 02:23:05 PM | analyzer.tx.origin_buggy_0x850c206043382e2c7615710846554c154425b1c6 | Generating return summary for getData_8
[INFO] | 2023-06-04 02:23:05 PM | analyzer.tx.origin_buggy_0x850c206043382e2c7615710846554c154425b1c6 | Return summary generated for getData_8
[INFO] | 2023-06-04 02:23:05 PM | analyzer.tx.origin_buggy_0x850c206043382e2c7615710846554c154425b1c6 | State variable assignement do not exist
[INFO] | 2023-06-04 02:23:05 PM | analyzer.tx.origin_buggy_0x850c206043382e2c7615710846554c154425b1c6 | Processed function getData_8
[INFO] | 2023-06-04 02:23:05 PM | analyzer.tx.origin_buggy_0x850c206043382e2c7615710846554c154425b1c6 | Generating return summary for getData_9
[INFO] | 2023-06-04 02:23:05 PM | analyzer.tx.origin_buggy_0x850c206043382e2c7615710846554c154425b1c6 | Return summary generated for getData_9
[INFO] | 2023-06-04 02:23:05 PM | analyzer.tx.origin_buggy_0x850c206043382e2c7615710846554c154425b1c6 | State variable assignement do not exist
[INFO] | 2023-06-04 02:23:05 PM | analyzer.tx.origin_buggy_0x850c206043382e2c7615710846554c154425b1c6 | Processed function getData_9
[INFO] | 2023-06-04 02:23:05 PM | analyzer.tx.origin_buggy_0x850c206043382e2c7615710846554c154425b1c6 | Generating return summary for getData_10
[INFO] | 2023-06-04 02:23:05 PM | analyzer.tx.origin_buggy_0x850c206043382e2c7615710846554c154425b1c6 | Return summary generated for getData_10
[INFO] | 2023-06-04 02:23:05 PM | analyzer.tx.origin_buggy_0x850c206043382e2c7615710846554c154425b1c6 | State variable assignement do not exist
[INFO] | 2023-06-04 02:23:05 PM | analyzer.tx.origin_buggy_0x850c206043382e2c7615710846554c154425b1c6 | Processed function getData_10
[INFO] | 2023-06-04 02:23:05 PM | analyzer.tx.origin_buggy_0x850c206043382e2c7615710846554c154425b1c6 | Generating return summary for getData_11
[INFO] | 2023-06-04 02:23:05 PM | analyzer.tx.origin_buggy_0x850c206043382e2c7615710846554c154425b1c6 | Return summary generated for getData_11
[INFO] | 2023-06-04 02:23:05 PM | analyzer.tx.origin_buggy_0x850c206043382e2c7615710846554c154425b1c6 | State variable assignement do not exist
[INFO] | 2023-06-04 02:23:05 PM | analyzer.tx.origin_buggy_0x850c206043382e2c7615710846554c154425b1c6 | Processed function getData_11
[INFO] | 2023-06-04 02:23:05 PM | analyzer.tx.origin_buggy_0x850c206043382e2c7615710846554c154425b1c6 | Generating return summary for getData_12
[INFO] | 2023-06-04 02:23:05 PM | analyzer.tx.origin_buggy_0x850c206043382e2c7615710846554c154425b1c6 | Return summary generated for getData_12
[INFO] | 2023-06-04 02:23:05 PM | analyzer.tx.origin_buggy_0x850c206043382e2c7615710846554c154425b1c6 | State variable assignement do not exist
[INFO] | 2023-06-04 02:23:05 PM | analyzer.tx.origin_buggy_0x850c206043382e2c7615710846554c154425b1c6 | Processed function getData_12
[INFO] | 2023-06-04 02:23:05 PM | analyzer.tx.origin_buggy_0x850c206043382e2c7615710846554c154425b1c6 | Generating return summary for getData_13
[INFO] | 2023-06-04 02:23:05 PM | analyzer.tx.origin_buggy_0x850c206043382e2c7615710846554c154425b1c6 | Return summary generated for getData_13
[INFO] | 2023-06-04 02:23:05 PM | analyzer.tx.origin_buggy_0x850c206043382e2c7615710846554c154425b1c6 | State variable assignement do not exist
[INFO] | 2023-06-04 02:23:05 PM | analyzer.tx.origin_buggy_0x850c206043382e2c7615710846554c154425b1c6 | Processed function getData_13
[INFO] | 2023-06-04 02:23:05 PM | analyzer.tx.origin_buggy_0x850c206043382e2c7615710846554c154425b1c6 | Generating return summary for getData_14
[INFO] | 2023-06-04 02:23:05 PM | analyzer.tx.origin_buggy_0x850c206043382e2c7615710846554c154425b1c6 | Return summary generated for getData_14
[INFO] | 2023-06-04 02:23:05 PM | analyzer.tx.origin_buggy_0x850c206043382e2c7615710846554c154425b1c6 | State variable assignement do not exist
[INFO] | 2023-06-04 02:23:05 PM | analyzer.tx.origin_buggy_0x850c206043382e2c7615710846554c154425b1c6 | Processed function getData_14
[INFO] | 2023-06-04 02:23:05 PM | analyzer.tx.origin_buggy_0x850c206043382e2c7615710846554c154425b1c6 | Generating return summary for getData_15
[INFO] | 2023-06-04 02:23:05 PM | analyzer.tx.origin_buggy_0x850c206043382e2c7615710846554c154425b1c6 | Return summary generated for getData_15
[INFO] | 2023-06-04 02:23:05 PM | analyzer.tx.origin_buggy_0x850c206043382e2c7615710846554c154425b1c6 | State variable assignement do not exist
[INFO] | 2023-06-04 02:23:05 PM | analyzer.tx.origin_buggy_0x850c206043382e2c7615710846554c154425b1c6 | Processed function getData_15
[INFO] | 2023-06-04 02:23:05 PM | analyzer.tx.origin_buggy_0x850c206043382e2c7615710846554c154425b1c6 | Generating return summary for getData_16
[INFO] | 2023-06-04 02:23:05 PM | analyzer.tx.origin_buggy_0x850c206043382e2c7615710846554c154425b1c6 | Return summary generated for getData_16
[INFO] | 2023-06-04 02:23:05 PM | analyzer.tx.origin_buggy_0x850c206043382e2c7615710846554c154425b1c6 | State variable assignement do not exist
[INFO] | 2023-06-04 02:23:05 PM | analyzer.tx.origin_buggy_0x850c206043382e2c7615710846554c154425b1c6 | Processed function getData_16
[INFO] | 2023-06-04 02:23:05 PM | analyzer.tx.origin_buggy_0x850c206043382e2c7615710846554c154425b1c6 | Generating return summary for getData_17
[INFO] | 2023-06-04 02:23:05 PM | analyzer.tx.origin_buggy_0x850c206043382e2c7615710846554c154425b1c6 | Return summary generated for getData_17
[INFO] | 2023-06-04 02:23:05 PM | analyzer.tx.origin_buggy_0x850c206043382e2c7615710846554c154425b1c6 | State variable assignement do not exist
[INFO] | 2023-06-04 02:23:05 PM | analyzer.tx.origin_buggy_0x850c206043382e2c7615710846554c154425b1c6 | Processed function getData_17
[INFO] | 2023-06-04 02:23:05 PM | analyzer.tx.origin_buggy_0x850c206043382e2c7615710846554c154425b1c6 | Generating return summary for getData_18
[INFO] | 2023-06-04 02:23:05 PM | analyzer.tx.origin_buggy_0x850c206043382e2c7615710846554c154425b1c6 | Return summary generated for getData_18
[INFO] | 2023-06-04 02:23:05 PM | analyzer.tx.origin_buggy_0x850c206043382e2c7615710846554c154425b1c6 | State variable assignement do not exist
[INFO] | 2023-06-04 02:23:05 PM | analyzer.tx.origin_buggy_0x850c206043382e2c7615710846554c154425b1c6 | Processed function getData_18
[INFO] | 2023-06-04 02:23:05 PM | analyzer.tx.origin_buggy_0x850c206043382e2c7615710846554c154425b1c6 | Generating return summary for getData_19
[INFO] | 2023-06-04 02:23:05 PM | analyzer.tx.origin_buggy_0x850c206043382e2c7615710846554c154425b1c6 | Return summary generated for getData_19
[INFO] | 2023-06-04 02:23:05 PM | analyzer.tx.origin_buggy_0x850c206043382e2c7615710846554c154425b1c6 | State variable assignement do not exist
[INFO] | 2023-06-04 02:23:05 PM | analyzer.tx.origin_buggy_0x850c206043382e2c7615710846554c154425b1c6 | Processed function getData_19
[INFO] | 2023-06-04 02:23:05 PM | analyzer.tx.origin_buggy_0x850c206043382e2c7615710846554c154425b1c6 | Generating return summary for getData_20
[INFO] | 2023-06-04 02:23:05 PM | analyzer.tx.origin_buggy_0x850c206043382e2c7615710846554c154425b1c6 | Return summary generated for getData_20
[INFO] | 2023-06-04 02:23:05 PM | analyzer.tx.origin_buggy_0x850c206043382e2c7615710846554c154425b1c6 | State variable assignement do not exist
[INFO] | 2023-06-04 02:23:05 PM | analyzer.tx.origin_buggy_0x850c206043382e2c7615710846554c154425b1c6 | Processed function getData_20
[INFO] | 2023-06-04 02:23:05 PM | analyzer.tx.origin_buggy_0x850c206043382e2c7615710846554c154425b1c6 | Generating return summary for getData_21
[INFO] | 2023-06-04 02:23:05 PM | analyzer.tx.origin_buggy_0x850c206043382e2c7615710846554c154425b1c6 | Return summary generated for getData_21
[INFO] | 2023-06-04 02:23:05 PM | analyzer.tx.origin_buggy_0x850c206043382e2c7615710846554c154425b1c6 | State variable assignement do not exist
[INFO] | 2023-06-04 02:23:05 PM | analyzer.tx.origin_buggy_0x850c206043382e2c7615710846554c154425b1c6 | Processed function getData_21
[INFO] | 2023-06-04 02:23:05 PM | analyzer.tx.origin_buggy_0x850c206043382e2c7615710846554c154425b1c6 | Generating return summary for getData_22
[INFO] | 2023-06-04 02:23:05 PM | analyzer.tx.origin_buggy_0x850c206043382e2c7615710846554c154425b1c6 | Return summary generated for getData_22
[INFO] | 2023-06-04 02:23:05 PM | analyzer.tx.origin_buggy_0x850c206043382e2c7615710846554c154425b1c6 | State variable assignement do not exist
[INFO] | 2023-06-04 02:23:05 PM | analyzer.tx.origin_buggy_0x850c206043382e2c7615710846554c154425b1c6 | Processed function getData_22
[INFO] | 2023-06-04 02:23:05 PM | analyzer.tx.origin_buggy_0x850c206043382e2c7615710846554c154425b1c6 | Generating return summary for getData_23
[INFO] | 2023-06-04 02:23:05 PM | analyzer.tx.origin_buggy_0x850c206043382e2c7615710846554c154425b1c6 | Return summary generated for getData_23
[INFO] | 2023-06-04 02:23:05 PM | analyzer.tx.origin_buggy_0x850c206043382e2c7615710846554c154425b1c6 | State variable assignement do not exist
[INFO] | 2023-06-04 02:23:05 PM | analyzer.tx.origin_buggy_0x850c206043382e2c7615710846554c154425b1c6 | Processed function getData_23
[INFO] | 2023-06-04 02:23:05 PM | analyzer.tx.origin_buggy_0x850c206043382e2c7615710846554c154425b1c6 | Generating return summary for getData_24
[INFO] | 2023-06-04 02:23:05 PM | analyzer.tx.origin_buggy_0x850c206043382e2c7615710846554c154425b1c6 | Return summary generated for getData_24
[INFO] | 2023-06-04 02:23:05 PM | analyzer.tx.origin_buggy_0x850c206043382e2c7615710846554c154425b1c6 | State variable assignement do not exist
[INFO] | 2023-06-04 02:23:05 PM | analyzer.tx.origin_buggy_0x850c206043382e2c7615710846554c154425b1c6 | Processed function getData_24
[INFO] | 2023-06-04 02:23:05 PM | analyzer.tx.origin_buggy_0x850c206043382e2c7615710846554c154425b1c6 | Generating return summary for getData_25
[INFO] | 2023-06-04 02:23:05 PM | analyzer.tx.origin_buggy_0x850c206043382e2c7615710846554c154425b1c6 | Return summary generated for getData_25
[INFO] | 2023-06-04 02:23:05 PM | analyzer.tx.origin_buggy_0x850c206043382e2c7615710846554c154425b1c6 | State variable assignement do not exist
[INFO] | 2023-06-04 02:23:05 PM | analyzer.tx.origin_buggy_0x850c206043382e2c7615710846554c154425b1c6 | Processed function getData_25
[INFO] | 2023-06-04 02:23:05 PM | analyzer.tx.origin_buggy_0x850c206043382e2c7615710846554c154425b1c6 | Generating return summary for getData_26
[INFO] | 2023-06-04 02:23:05 PM | analyzer.tx.origin_buggy_0x850c206043382e2c7615710846554c154425b1c6 | Return summary generated for getData_26
[INFO] | 2023-06-04 02:23:05 PM | analyzer.tx.origin_buggy_0x850c206043382e2c7615710846554c154425b1c6 | State variable assignement do not exist
[INFO] | 2023-06-04 02:23:05 PM | analyzer.tx.origin_buggy_0x850c206043382e2c7615710846554c154425b1c6 | Processed function getData_26
[INFO] | 2023-06-04 02:23:05 PM | analyzer.tx.origin_buggy_0x850c206043382e2c7615710846554c154425b1c6 | Generating return summary for getData_27
[INFO] | 2023-06-04 02:23:05 PM | analyzer.tx.origin_buggy_0x850c206043382e2c7615710846554c154425b1c6 | Return summary generated for getData_27
[INFO] | 2023-06-04 02:23:05 PM | analyzer.tx.origin_buggy_0x850c206043382e2c7615710846554c154425b1c6 | State variable assignement do not exist
[INFO] | 2023-06-04 02:23:05 PM | analyzer.tx.origin_buggy_0x850c206043382e2c7615710846554c154425b1c6 | Processed function getData_27
[INFO] | 2023-06-04 02:23:05 PM | analyzer.tx.origin_buggy_0x850c206043382e2c7615710846554c154425b1c6 | Generating return summary for getData_28
[INFO] | 2023-06-04 02:23:05 PM | analyzer.tx.origin_buggy_0x850c206043382e2c7615710846554c154425b1c6 | Return summary generated for getData_28
[INFO] | 2023-06-04 02:23:05 PM | analyzer.tx.origin_buggy_0x850c206043382e2c7615710846554c154425b1c6 | State variable assignement do not exist
[INFO] | 2023-06-04 02:23:05 PM | analyzer.tx.origin_buggy_0x850c206043382e2c7615710846554c154425b1c6 | Processed function getData_28
[INFO] | 2023-06-04 02:23:05 PM | analyzer.tx.origin_buggy_0x850c206043382e2c7615710846554c154425b1c6 | Generating return summary for getData_29
[INFO] | 2023-06-04 02:23:05 PM | analyzer.tx.origin_buggy_0x850c206043382e2c7615710846554c154425b1c6 | Return summary generated for getData_29
[INFO] | 2023-06-04 02:23:05 PM | analyzer.tx.origin_buggy_0x850c206043382e2c7615710846554c154425b1c6 | State variable assignement do not exist
[INFO] | 2023-06-04 02:23:05 PM | analyzer.tx.origin_buggy_0x850c206043382e2c7615710846554c154425b1c6 | Processed function getData_29
[INFO] | 2023-06-04 02:23:05 PM | analyzer.tx.origin_buggy_0x850c206043382e2c7615710846554c154425b1c6 | Generating return summary for getData_30
[INFO] | 2023-06-04 02:23:05 PM | analyzer.tx.origin_buggy_0x850c206043382e2c7615710846554c154425b1c6 | Return summary generated for getData_30
[INFO] | 2023-06-04 02:23:05 PM | analyzer.tx.origin_buggy_0x850c206043382e2c7615710846554c154425b1c6 | State variable assignement do not exist
[INFO] | 2023-06-04 02:23:05 PM | analyzer.tx.origin_buggy_0x850c206043382e2c7615710846554c154425b1c6 | Processed function getData_30
[INFO] | 2023-06-04 02:23:05 PM | analyzer.tx.origin_buggy_0x850c206043382e2c7615710846554c154425b1c6 | Generating return summary for getData_31
[INFO] | 2023-06-04 02:23:05 PM | analyzer.tx.origin_buggy_0x850c206043382e2c7615710846554c154425b1c6 | Return summary generated for getData_31
[INFO] | 2023-06-04 02:23:05 PM | analyzer.tx.origin_buggy_0x850c206043382e2c7615710846554c154425b1c6 | State variable assignement do not exist
[INFO] | 2023-06-04 02:23:05 PM | analyzer.tx.origin_buggy_0x850c206043382e2c7615710846554c154425b1c6 | Processed function getData_31
[INFO] | 2023-06-04 02:23:05 PM | analyzer.tx.origin_buggy_0x850c206043382e2c7615710846554c154425b1c6 | Generating return summary for getData_32
[INFO] | 2023-06-04 02:23:05 PM | analyzer.tx.origin_buggy_0x850c206043382e2c7615710846554c154425b1c6 | Return summary generated for getData_32
[INFO] | 2023-06-04 02:23:05 PM | analyzer.tx.origin_buggy_0x850c206043382e2c7615710846554c154425b1c6 | State variable assignement do not exist
[INFO] | 2023-06-04 02:23:05 PM | analyzer.tx.origin_buggy_0x850c206043382e2c7615710846554c154425b1c6 | Processed function getData_32
[INFO] | 2023-06-04 02:23:05 PM | analyzer.tx.origin_buggy_0x850c206043382e2c7615710846554c154425b1c6 | Generating return summary for getData_33
[INFO] | 2023-06-04 02:23:05 PM | analyzer.tx.origin_buggy_0x850c206043382e2c7615710846554c154425b1c6 | Return summary generated for getData_33
[INFO] | 2023-06-04 02:23:05 PM | analyzer.tx.origin_buggy_0x850c206043382e2c7615710846554c154425b1c6 | State variable assignement do not exist
[INFO] | 2023-06-04 02:23:05 PM | analyzer.tx.origin_buggy_0x850c206043382e2c7615710846554c154425b1c6 | Processed function getData_33
[INFO] | 2023-06-04 02:23:05 PM | analyzer.tx.origin_buggy_0x850c206043382e2c7615710846554c154425b1c6 | Generating return summary for getData_34
[INFO] | 2023-06-04 02:23:05 PM | analyzer.tx.origin_buggy_0x850c206043382e2c7615710846554c154425b1c6 | Return summary generated for getData_34
[INFO] | 2023-06-04 02:23:05 PM | analyzer.tx.origin_buggy_0x850c206043382e2c7615710846554c154425b1c6 | State variable assignement do not exist
[INFO] | 2023-06-04 02:23:05 PM | analyzer.tx.origin_buggy_0x850c206043382e2c7615710846554c154425b1c6 | Processed function getData_34
[INFO] | 2023-06-04 02:23:05 PM | analyzer.tx.origin_buggy_0x850c206043382e2c7615710846554c154425b1c6 | Generating return summary for getData_35
[INFO] | 2023-06-04 02:23:05 PM | analyzer.tx.origin_buggy_0x850c206043382e2c7615710846554c154425b1c6 | Return summary generated for getData_35
[INFO] | 2023-06-04 02:23:05 PM | analyzer.tx.origin_buggy_0x850c206043382e2c7615710846554c154425b1c6 | State variable assignement do not exist
[INFO] | 2023-06-04 02:23:05 PM | analyzer.tx.origin_buggy_0x850c206043382e2c7615710846554c154425b1c6 | Processed function getData_35
[INFO] | 2023-06-04 02:23:05 PM | analyzer.tx.origin_buggy_0x850c206043382e2c7615710846554c154425b1c6 | Generating return summary for getData_36
[INFO] | 2023-06-04 02:23:05 PM | analyzer.tx.origin_buggy_0x850c206043382e2c7615710846554c154425b1c6 | Return summary generated for getData_36
[INFO] | 2023-06-04 02:23:05 PM | analyzer.tx.origin_buggy_0x850c206043382e2c7615710846554c154425b1c6 | State variable assignement do not exist
[INFO] | 2023-06-04 02:23:05 PM | analyzer.tx.origin_buggy_0x850c206043382e2c7615710846554c154425b1c6 | Processed function getData_36
[INFO] | 2023-06-04 02:23:05 PM | analyzer.tx.origin_buggy_0x850c206043382e2c7615710846554c154425b1c6 | Generating return summary for getData_37
[INFO] | 2023-06-04 02:23:05 PM | analyzer.tx.origin_buggy_0x850c206043382e2c7615710846554c154425b1c6 | Return summary generated for getData_37
[INFO] | 2023-06-04 02:23:05 PM | analyzer.tx.origin_buggy_0x850c206043382e2c7615710846554c154425b1c6 | State variable assignement do not exist
[INFO] | 2023-06-04 02:23:05 PM | analyzer.tx.origin_buggy_0x850c206043382e2c7615710846554c154425b1c6 | Processed function getData_37
[INFO] | 2023-06-04 02:23:05 PM | analyzer.tx.origin_buggy_0x850c206043382e2c7615710846554c154425b1c6 | Generating return summary for getData_38
[INFO] | 2023-06-04 02:23:05 PM | analyzer.tx.origin_buggy_0x850c206043382e2c7615710846554c154425b1c6 | Return summary generated for getData_38
[INFO] | 2023-06-04 02:23:05 PM | analyzer.tx.origin_buggy_0x850c206043382e2c7615710846554c154425b1c6 | State variable assignement do not exist
[INFO] | 2023-06-04 02:23:05 PM | analyzer.tx.origin_buggy_0x850c206043382e2c7615710846554c154425b1c6 | Processed function getData_38
[INFO] | 2023-06-04 02:23:05 PM | analyzer.tx.origin_buggy_0x850c206043382e2c7615710846554c154425b1c6 | Generating return summary for getData_39
[INFO] | 2023-06-04 02:23:05 PM | analyzer.tx.origin_buggy_0x850c206043382e2c7615710846554c154425b1c6 | Return summary generated for getData_39
[INFO] | 2023-06-04 02:23:05 PM | analyzer.tx.origin_buggy_0x850c206043382e2c7615710846554c154425b1c6 | State variable assignement do not exist
[INFO] | 2023-06-04 02:23:05 PM | analyzer.tx.origin_buggy_0x850c206043382e2c7615710846554c154425b1c6 | Processed function getData_39
[INFO] | 2023-06-04 02:23:05 PM | analyzer.tx.origin_buggy_0x850c206043382e2c7615710846554c154425b1c6 | Generating return summary for getData_40
[INFO] | 2023-06-04 02:23:05 PM | analyzer.tx.origin_buggy_0x850c206043382e2c7615710846554c154425b1c6 | Return summary generated for getData_40
[INFO] | 2023-06-04 02:23:05 PM | analyzer.tx.origin_buggy_0x850c206043382e2c7615710846554c154425b1c6 | State variable assignement do not exist
[INFO] | 2023-06-04 02:23:05 PM | analyzer.tx.origin_buggy_0x850c206043382e2c7615710846554c154425b1c6 | Processed function getData_40
[INFO] | 2023-06-04 02:23:05 PM | analyzer.tx.origin_buggy_0x850c206043382e2c7615710846554c154425b1c6 | Generating return summary for transferTo_txorigin27
[INFO] | 2023-06-04 02:23:05 PM | analyzer.tx.origin_buggy_0x850c206043382e2c7615710846554c154425b1c6 | Return summary generated for transferTo_txorigin27
[INFO] | 2023-06-04 02:23:05 PM | analyzer.tx.origin_buggy_0x850c206043382e2c7615710846554c154425b1c6 | State variable assignement do not exist
[INFO] | 2023-06-04 02:23:05 PM | analyzer.tx.origin_buggy_0x850c206043382e2c7615710846554c154425b1c6 | Processed function transferTo_txorigin27
[INFO] | 2023-06-04 02:23:05 PM | analyzer.tx.origin_buggy_0x850c206043382e2c7615710846554c154425b1c6 | Generating return summary for slitherConstructorVariables
[INFO] | 2023-06-04 02:23:05 PM | analyzer.tx.origin_buggy_0x850c206043382e2c7615710846554c154425b1c6 | Return summary generated for slitherConstructorVariables
[INFO] | 2023-06-04 02:23:05 PM | analyzer.tx.origin_buggy_0x850c206043382e2c7615710846554c154425b1c6 | Range graph generated
[INFO] | 2023-06-04 02:23:05 PM | analyzer.tx.origin_buggy_0x850c206043382e2c7615710846554c154425b1c6 | Processed function slitherConstructorVariables
[INFO] | 2023-06-04 02:23:05 PM | analyzer.tx.origin_buggy_0x850c206043382e2c7615710846554c154425b1c6 | Generating return summary for onlyOwner
[INFO] | 2023-06-04 02:23:05 PM | analyzer.tx.origin_buggy_0x850c206043382e2c7615710846554c154425b1c6 | Return summary generated for onlyOwner
[INFO] | 2023-06-04 02:23:05 PM | analyzer.tx.origin_buggy_0x850c206043382e2c7615710846554c154425b1c6 | State variable assignement do not exist
[INFO] | 2023-06-04 02:23:05 PM | analyzer.tx.origin_buggy_0x850c206043382e2c7615710846554c154425b1c6 | Processed function onlyOwner
[INFO] | 2023-06-04 02:23:05 PM | analyzer.tx.origin_buggy_0x850c206043382e2c7615710846554c154425b1c6 | Generating return summary for setData_1
[INFO] | 2023-06-04 02:23:05 PM | analyzer.tx.origin_buggy_0x850c206043382e2c7615710846554c154425b1c6 | Return summary generated for setData_1
[INFO] | 2023-06-04 02:23:05 PM | analyzer.tx.origin_buggy_0x850c206043382e2c7615710846554c154425b1c6 | Range graph generated
[INFO] | 2023-06-04 02:23:05 PM | analyzer.tx.origin_buggy_0x850c206043382e2c7615710846554c154425b1c6 | Processed function setData_1
[INFO] | 2023-06-04 02:23:05 PM | analyzer.tx.origin_buggy_0x850c206043382e2c7615710846554c154425b1c6 | Generating return summary for setData_2
[INFO] | 2023-06-04 02:23:05 PM | analyzer.tx.origin_buggy_0x850c206043382e2c7615710846554c154425b1c6 | Return summary generated for setData_2
[INFO] | 2023-06-04 02:23:05 PM | analyzer.tx.origin_buggy_0x850c206043382e2c7615710846554c154425b1c6 | Range graph generated
[INFO] | 2023-06-04 02:23:05 PM | analyzer.tx.origin_buggy_0x850c206043382e2c7615710846554c154425b1c6 | Processed function setData_2
[INFO] | 2023-06-04 02:23:05 PM | analyzer.tx.origin_buggy_0x850c206043382e2c7615710846554c154425b1c6 | Generating return summary for setData_3
[INFO] | 2023-06-04 02:23:05 PM | analyzer.tx.origin_buggy_0x850c206043382e2c7615710846554c154425b1c6 | Return summary generated for setData_3
[INFO] | 2023-06-04 02:23:05 PM | analyzer.tx.origin_buggy_0x850c206043382e2c7615710846554c154425b1c6 | Range graph generated
[INFO] | 2023-06-04 02:23:05 PM | analyzer.tx.origin_buggy_0x850c206043382e2c7615710846554c154425b1c6 | Processed function setData_3
[INFO] | 2023-06-04 02:23:05 PM | analyzer.tx.origin_buggy_0x850c206043382e2c7615710846554c154425b1c6 | Generating return summary for setData_4
[INFO] | 2023-06-04 02:23:05 PM | analyzer.tx.origin_buggy_0x850c206043382e2c7615710846554c154425b1c6 | Return summary generated for setData_4
[INFO] | 2023-06-04 02:23:05 PM | analyzer.tx.origin_buggy_0x850c206043382e2c7615710846554c154425b1c6 | Range graph generated
[INFO] | 2023-06-04 02:23:05 PM | analyzer.tx.origin_buggy_0x850c206043382e2c7615710846554c154425b1c6 | Processed function setData_4
[INFO] | 2023-06-04 02:23:05 PM | analyzer.tx.origin_buggy_0x850c206043382e2c7615710846554c154425b1c6 | Generating return summary for setData_5
[INFO] | 2023-06-04 02:23:05 PM | analyzer.tx.origin_buggy_0x850c206043382e2c7615710846554c154425b1c6 | Return summary generated for setData_5
[INFO] | 2023-06-04 02:23:05 PM | analyzer.tx.origin_buggy_0x850c206043382e2c7615710846554c154425b1c6 | Range graph generated
[INFO] | 2023-06-04 02:23:05 PM | analyzer.tx.origin_buggy_0x850c206043382e2c7615710846554c154425b1c6 | Processed function setData_5
[INFO] | 2023-06-04 02:23:05 PM | analyzer.tx.origin_buggy_0x850c206043382e2c7615710846554c154425b1c6 | Generating return summary for setData_6
[INFO] | 2023-06-04 02:23:05 PM | analyzer.tx.origin_buggy_0x850c206043382e2c7615710846554c154425b1c6 | Return summary generated for setData_6
[INFO] | 2023-06-04 02:23:05 PM | analyzer.tx.origin_buggy_0x850c206043382e2c7615710846554c154425b1c6 | Range graph generated
[INFO] | 2023-06-04 02:23:05 PM | analyzer.tx.origin_buggy_0x850c206043382e2c7615710846554c154425b1c6 | Processed function setData_6
[INFO] | 2023-06-04 02:23:05 PM | analyzer.tx.origin_buggy_0x850c206043382e2c7615710846554c154425b1c6 | Generating return summary for setData_7
[INFO] | 2023-06-04 02:23:05 PM | analyzer.tx.origin_buggy_0x850c206043382e2c7615710846554c154425b1c6 | Return summary generated for setData_7
[INFO] | 2023-06-04 02:23:05 PM | analyzer.tx.origin_buggy_0x850c206043382e2c7615710846554c154425b1c6 | Range graph generated
[INFO] | 2023-06-04 02:23:05 PM | analyzer.tx.origin_buggy_0x850c206043382e2c7615710846554c154425b1c6 | Processed function setData_7
[INFO] | 2023-06-04 02:23:05 PM | analyzer.tx.origin_buggy_0x850c206043382e2c7615710846554c154425b1c6 | Generating return summary for setData_8
[INFO] | 2023-06-04 02:23:05 PM | analyzer.tx.origin_buggy_0x850c206043382e2c7615710846554c154425b1c6 | Return summary generated for setData_8
[INFO] | 2023-06-04 02:23:05 PM | analyzer.tx.origin_buggy_0x850c206043382e2c7615710846554c154425b1c6 | Range graph generated
[INFO] | 2023-06-04 02:23:05 PM | analyzer.tx.origin_buggy_0x850c206043382e2c7615710846554c154425b1c6 | Processed function setData_8
[INFO] | 2023-06-04 02:23:05 PM | analyzer.tx.origin_buggy_0x850c206043382e2c7615710846554c154425b1c6 | Generating return summary for setData_9
[INFO] | 2023-06-04 02:23:05 PM | analyzer.tx.origin_buggy_0x850c206043382e2c7615710846554c154425b1c6 | Return summary generated for setData_9
[INFO] | 2023-06-04 02:23:05 PM | analyzer.tx.origin_buggy_0x850c206043382e2c7615710846554c154425b1c6 | Range graph generated
[INFO] | 2023-06-04 02:23:05 PM | analyzer.tx.origin_buggy_0x850c206043382e2c7615710846554c154425b1c6 | Processed function setData_9
[INFO] | 2023-06-04 02:23:05 PM | analyzer.tx.origin_buggy_0x850c206043382e2c7615710846554c154425b1c6 | Generating return summary for setData_10
[INFO] | 2023-06-04 02:23:05 PM | analyzer.tx.origin_buggy_0x850c206043382e2c7615710846554c154425b1c6 | Return summary generated for setData_10
[INFO] | 2023-06-04 02:23:05 PM | analyzer.tx.origin_buggy_0x850c206043382e2c7615710846554c154425b1c6 | Range graph generated
[INFO] | 2023-06-04 02:23:05 PM | analyzer.tx.origin_buggy_0x850c206043382e2c7615710846554c154425b1c6 | Processed function setData_10
[INFO] | 2023-06-04 02:23:05 PM | analyzer.tx.origin_buggy_0x850c206043382e2c7615710846554c154425b1c6 | Generating return summary for setData_11
[INFO] | 2023-06-04 02:23:05 PM | analyzer.tx.origin_buggy_0x850c206043382e2c7615710846554c154425b1c6 | Return summary generated for setData_11
[INFO] | 2023-06-04 02:23:05 PM | analyzer.tx.origin_buggy_0x850c206043382e2c7615710846554c154425b1c6 | Range graph generated
[INFO] | 2023-06-04 02:23:05 PM | analyzer.tx.origin_buggy_0x850c206043382e2c7615710846554c154425b1c6 | Processed function setData_11
[INFO] | 2023-06-04 02:23:05 PM | analyzer.tx.origin_buggy_0x850c206043382e2c7615710846554c154425b1c6 | Generating return summary for setData_12
[INFO] | 2023-06-04 02:23:05 PM | analyzer.tx.origin_buggy_0x850c206043382e2c7615710846554c154425b1c6 | Return summary generated for setData_12
[INFO] | 2023-06-04 02:23:05 PM | analyzer.tx.origin_buggy_0x850c206043382e2c7615710846554c154425b1c6 | Range graph generated
[INFO] | 2023-06-04 02:23:05 PM | analyzer.tx.origin_buggy_0x850c206043382e2c7615710846554c154425b1c6 | Processed function setData_12
[INFO] | 2023-06-04 02:23:05 PM | analyzer.tx.origin_buggy_0x850c206043382e2c7615710846554c154425b1c6 | Generating return summary for setData_13
[INFO] | 2023-06-04 02:23:05 PM | analyzer.tx.origin_buggy_0x850c206043382e2c7615710846554c154425b1c6 | Return summary generated for setData_13
[INFO] | 2023-06-04 02:23:05 PM | analyzer.tx.origin_buggy_0x850c206043382e2c7615710846554c154425b1c6 | Range graph generated
[INFO] | 2023-06-04 02:23:05 PM | analyzer.tx.origin_buggy_0x850c206043382e2c7615710846554c154425b1c6 | Processed function setData_13
[INFO] | 2023-06-04 02:23:05 PM | analyzer.tx.origin_buggy_0x850c206043382e2c7615710846554c154425b1c6 | Generating return summary for setData_14
[INFO] | 2023-06-04 02:23:05 PM | analyzer.tx.origin_buggy_0x850c206043382e2c7615710846554c154425b1c6 | Return summary generated for setData_14
[INFO] | 2023-06-04 02:23:05 PM | analyzer.tx.origin_buggy_0x850c206043382e2c7615710846554c154425b1c6 | Range graph generated
[INFO] | 2023-06-04 02:23:05 PM | analyzer.tx.origin_buggy_0x850c206043382e2c7615710846554c154425b1c6 | Processed function setData_14
[INFO] | 2023-06-04 02:23:05 PM | analyzer.tx.origin_buggy_0x850c206043382e2c7615710846554c154425b1c6 | Generating return summary for setData_15
[INFO] | 2023-06-04 02:23:05 PM | analyzer.tx.origin_buggy_0x850c206043382e2c7615710846554c154425b1c6 | Return summary generated for setData_15
[INFO] | 2023-06-04 02:23:05 PM | analyzer.tx.origin_buggy_0x850c206043382e2c7615710846554c154425b1c6 | Range graph generated
[INFO] | 2023-06-04 02:23:05 PM | analyzer.tx.origin_buggy_0x850c206043382e2c7615710846554c154425b1c6 | Processed function setData_15
[INFO] | 2023-06-04 02:23:05 PM | analyzer.tx.origin_buggy_0x850c206043382e2c7615710846554c154425b1c6 | Generating return summary for setData_16
[INFO] | 2023-06-04 02:23:05 PM | analyzer.tx.origin_buggy_0x850c206043382e2c7615710846554c154425b1c6 | Return summary generated for setData_16
[INFO] | 2023-06-04 02:23:05 PM | analyzer.tx.origin_buggy_0x850c206043382e2c7615710846554c154425b1c6 | Range graph generated
[INFO] | 2023-06-04 02:23:05 PM | analyzer.tx.origin_buggy_0x850c206043382e2c7615710846554c154425b1c6 | Processed function setData_16
[INFO] | 2023-06-04 02:23:05 PM | analyzer.tx.origin_buggy_0x850c206043382e2c7615710846554c154425b1c6 | Generating return summary for setData_17
[INFO] | 2023-06-04 02:23:05 PM | analyzer.tx.origin_buggy_0x850c206043382e2c7615710846554c154425b1c6 | Return summary generated for setData_17
[INFO] | 2023-06-04 02:23:05 PM | analyzer.tx.origin_buggy_0x850c206043382e2c7615710846554c154425b1c6 | Range graph generated
[INFO] | 2023-06-04 02:23:05 PM | analyzer.tx.origin_buggy_0x850c206043382e2c7615710846554c154425b1c6 | Processed function setData_17
[INFO] | 2023-06-04 02:23:05 PM | analyzer.tx.origin_buggy_0x850c206043382e2c7615710846554c154425b1c6 | Generating return summary for setData_18
[INFO] | 2023-06-04 02:23:05 PM | analyzer.tx.origin_buggy_0x850c206043382e2c7615710846554c154425b1c6 | Return summary generated for setData_18
[INFO] | 2023-06-04 02:23:05 PM | analyzer.tx.origin_buggy_0x850c206043382e2c7615710846554c154425b1c6 | Range graph generated
[INFO] | 2023-06-04 02:23:05 PM | analyzer.tx.origin_buggy_0x850c206043382e2c7615710846554c154425b1c6 | Processed function setData_18
[INFO] | 2023-06-04 02:23:05 PM | analyzer.tx.origin_buggy_0x850c206043382e2c7615710846554c154425b1c6 | Generating return summary for setData_19
[INFO] | 2023-06-04 02:23:05 PM | analyzer.tx.origin_buggy_0x850c206043382e2c7615710846554c154425b1c6 | Return summary generated for setData_19
[INFO] | 2023-06-04 02:23:05 PM | analyzer.tx.origin_buggy_0x850c206043382e2c7615710846554c154425b1c6 | Range graph generated
[INFO] | 2023-06-04 02:23:05 PM | analyzer.tx.origin_buggy_0x850c206043382e2c7615710846554c154425b1c6 | Processed function setData_19
[INFO] | 2023-06-04 02:23:05 PM | analyzer.tx.origin_buggy_0x850c206043382e2c7615710846554c154425b1c6 | Generating return summary for setData_20
[INFO] | 2023-06-04 02:23:05 PM | analyzer.tx.origin_buggy_0x850c206043382e2c7615710846554c154425b1c6 | Return summary generated for setData_20
[INFO] | 2023-06-04 02:23:05 PM | analyzer.tx.origin_buggy_0x850c206043382e2c7615710846554c154425b1c6 | Range graph generated
[INFO] | 2023-06-04 02:23:05 PM | analyzer.tx.origin_buggy_0x850c206043382e2c7615710846554c154425b1c6 | Processed function setData_20
[INFO] | 2023-06-04 02:23:05 PM | analyzer.tx.origin_buggy_0x850c206043382e2c7615710846554c154425b1c6 | Generating return summary for setData_21
[INFO] | 2023-06-04 02:23:05 PM | analyzer.tx.origin_buggy_0x850c206043382e2c7615710846554c154425b1c6 | Return summary generated for setData_21
[INFO] | 2023-06-04 02:23:05 PM | analyzer.tx.origin_buggy_0x850c206043382e2c7615710846554c154425b1c6 | Range graph generated
[INFO] | 2023-06-04 02:23:05 PM | analyzer.tx.origin_buggy_0x850c206043382e2c7615710846554c154425b1c6 | Processed function setData_21
[INFO] | 2023-06-04 02:23:05 PM | analyzer.tx.origin_buggy_0x850c206043382e2c7615710846554c154425b1c6 | Generating return summary for setData_22
[INFO] | 2023-06-04 02:23:05 PM | analyzer.tx.origin_buggy_0x850c206043382e2c7615710846554c154425b1c6 | Return summary generated for setData_22
[INFO] | 2023-06-04 02:23:05 PM | analyzer.tx.origin_buggy_0x850c206043382e2c7615710846554c154425b1c6 | Range graph generated
[INFO] | 2023-06-04 02:23:05 PM | analyzer.tx.origin_buggy_0x850c206043382e2c7615710846554c154425b1c6 | Processed function setData_22
[INFO] | 2023-06-04 02:23:05 PM | analyzer.tx.origin_buggy_0x850c206043382e2c7615710846554c154425b1c6 | Generating return summary for setData_23
[INFO] | 2023-06-04 02:23:05 PM | analyzer.tx.origin_buggy_0x850c206043382e2c7615710846554c154425b1c6 | Return summary generated for setData_23
[INFO] | 2023-06-04 02:23:05 PM | analyzer.tx.origin_buggy_0x850c206043382e2c7615710846554c154425b1c6 | Range graph generated
[INFO] | 2023-06-04 02:23:05 PM | analyzer.tx.origin_buggy_0x850c206043382e2c7615710846554c154425b1c6 | Processed function setData_23
[INFO] | 2023-06-04 02:23:05 PM | analyzer.tx.origin_buggy_0x850c206043382e2c7615710846554c154425b1c6 | Generating return summary for setData_24
[INFO] | 2023-06-04 02:23:05 PM | analyzer.tx.origin_buggy_0x850c206043382e2c7615710846554c154425b1c6 | Return summary generated for setData_24
[INFO] | 2023-06-04 02:23:05 PM | analyzer.tx.origin_buggy_0x850c206043382e2c7615710846554c154425b1c6 | Range graph generated
[INFO] | 2023-06-04 02:23:05 PM | analyzer.tx.origin_buggy_0x850c206043382e2c7615710846554c154425b1c6 | Processed function setData_24
[INFO] | 2023-06-04 02:23:05 PM | analyzer.tx.origin_buggy_0x850c206043382e2c7615710846554c154425b1c6 | Generating return summary for setData_25
[INFO] | 2023-06-04 02:23:05 PM | analyzer.tx.origin_buggy_0x850c206043382e2c7615710846554c154425b1c6 | Return summary generated for setData_25
[INFO] | 2023-06-04 02:23:05 PM | analyzer.tx.origin_buggy_0x850c206043382e2c7615710846554c154425b1c6 | Range graph generated
[INFO] | 2023-06-04 02:23:05 PM | analyzer.tx.origin_buggy_0x850c206043382e2c7615710846554c154425b1c6 | Processed function setData_25
[INFO] | 2023-06-04 02:23:05 PM | analyzer.tx.origin_buggy_0x850c206043382e2c7615710846554c154425b1c6 | Generating return summary for setData_26
[INFO] | 2023-06-04 02:23:05 PM | analyzer.tx.origin_buggy_0x850c206043382e2c7615710846554c154425b1c6 | Return summary generated for setData_26
[INFO] | 2023-06-04 02:23:05 PM | analyzer.tx.origin_buggy_0x850c206043382e2c7615710846554c154425b1c6 | Range graph generated
[INFO] | 2023-06-04 02:23:05 PM | analyzer.tx.origin_buggy_0x850c206043382e2c7615710846554c154425b1c6 | Processed function setData_26
[INFO] | 2023-06-04 02:23:05 PM | analyzer.tx.origin_buggy_0x850c206043382e2c7615710846554c154425b1c6 | Generating return summary for setData_27
[INFO] | 2023-06-04 02:23:05 PM | analyzer.tx.origin_buggy_0x850c206043382e2c7615710846554c154425b1c6 | Return summary generated for setData_27
[INFO] | 2023-06-04 02:23:05 PM | analyzer.tx.origin_buggy_0x850c206043382e2c7615710846554c154425b1c6 | Range graph generated
[INFO] | 2023-06-04 02:23:05 PM | analyzer.tx.origin_buggy_0x850c206043382e2c7615710846554c154425b1c6 | Processed function setData_27
[INFO] | 2023-06-04 02:23:05 PM | analyzer.tx.origin_buggy_0x850c206043382e2c7615710846554c154425b1c6 | Generating return summary for setData_28
[INFO] | 2023-06-04 02:23:05 PM | analyzer.tx.origin_buggy_0x850c206043382e2c7615710846554c154425b1c6 | Return summary generated for setData_28
[INFO] | 2023-06-04 02:23:05 PM | analyzer.tx.origin_buggy_0x850c206043382e2c7615710846554c154425b1c6 | Range graph generated
[INFO] | 2023-06-04 02:23:05 PM | analyzer.tx.origin_buggy_0x850c206043382e2c7615710846554c154425b1c6 | Processed function setData_28
[INFO] | 2023-06-04 02:23:05 PM | analyzer.tx.origin_buggy_0x850c206043382e2c7615710846554c154425b1c6 | Generating return summary for setData_29
[INFO] | 2023-06-04 02:23:05 PM | analyzer.tx.origin_buggy_0x850c206043382e2c7615710846554c154425b1c6 | Return summary generated for setData_29
[INFO] | 2023-06-04 02:23:05 PM | analyzer.tx.origin_buggy_0x850c206043382e2c7615710846554c154425b1c6 | Range graph generated
[INFO] | 2023-06-04 02:23:05 PM | analyzer.tx.origin_buggy_0x850c206043382e2c7615710846554c154425b1c6 | Processed function setData_29
[INFO] | 2023-06-04 02:23:05 PM | analyzer.tx.origin_buggy_0x850c206043382e2c7615710846554c154425b1c6 | Generating return summary for setData_30
[INFO] | 2023-06-04 02:23:05 PM | analyzer.tx.origin_buggy_0x850c206043382e2c7615710846554c154425b1c6 | Return summary generated for setData_30
[INFO] | 2023-06-04 02:23:05 PM | analyzer.tx.origin_buggy_0x850c206043382e2c7615710846554c154425b1c6 | Range graph generated
[INFO] | 2023-06-04 02:23:05 PM | analyzer.tx.origin_buggy_0x850c206043382e2c7615710846554c154425b1c6 | Processed function setData_30
[INFO] | 2023-06-04 02:23:05 PM | analyzer.tx.origin_buggy_0x850c206043382e2c7615710846554c154425b1c6 | Generating return summary for setData_31
[INFO] | 2023-06-04 02:23:05 PM | analyzer.tx.origin_buggy_0x850c206043382e2c7615710846554c154425b1c6 | Return summary generated for setData_31
[INFO] | 2023-06-04 02:23:05 PM | analyzer.tx.origin_buggy_0x850c206043382e2c7615710846554c154425b1c6 | Range graph generated
[INFO] | 2023-06-04 02:23:05 PM | analyzer.tx.origin_buggy_0x850c206043382e2c7615710846554c154425b1c6 | Processed function setData_31
[INFO] | 2023-06-04 02:23:05 PM | analyzer.tx.origin_buggy_0x850c206043382e2c7615710846554c154425b1c6 | Generating return summary for setData_32
[INFO] | 2023-06-04 02:23:05 PM | analyzer.tx.origin_buggy_0x850c206043382e2c7615710846554c154425b1c6 | Return summary generated for setData_32
[INFO] | 2023-06-04 02:23:05 PM | analyzer.tx.origin_buggy_0x850c206043382e2c7615710846554c154425b1c6 | Range graph generated
[INFO] | 2023-06-04 02:23:05 PM | analyzer.tx.origin_buggy_0x850c206043382e2c7615710846554c154425b1c6 | Processed function setData_32
[INFO] | 2023-06-04 02:23:05 PM | analyzer.tx.origin_buggy_0x850c206043382e2c7615710846554c154425b1c6 | Generating return summary for setData_33
[INFO] | 2023-06-04 02:23:05 PM | analyzer.tx.origin_buggy_0x850c206043382e2c7615710846554c154425b1c6 | Return summary generated for setData_33
[INFO] | 2023-06-04 02:23:05 PM | analyzer.tx.origin_buggy_0x850c206043382e2c7615710846554c154425b1c6 | Range graph generated
[INFO] | 2023-06-04 02:23:05 PM | analyzer.tx.origin_buggy_0x850c206043382e2c7615710846554c154425b1c6 | Processed function setData_33
[INFO] | 2023-06-04 02:23:05 PM | analyzer.tx.origin_buggy_0x850c206043382e2c7615710846554c154425b1c6 | Generating return summary for setData_34
[INFO] | 2023-06-04 02:23:05 PM | analyzer.tx.origin_buggy_0x850c206043382e2c7615710846554c154425b1c6 | Return summary generated for setData_34
[INFO] | 2023-06-04 02:23:05 PM | analyzer.tx.origin_buggy_0x850c206043382e2c7615710846554c154425b1c6 | Range graph generated
[INFO] | 2023-06-04 02:23:05 PM | analyzer.tx.origin_buggy_0x850c206043382e2c7615710846554c154425b1c6 | Processed function setData_34
[INFO] | 2023-06-04 02:23:05 PM | analyzer.tx.origin_buggy_0x850c206043382e2c7615710846554c154425b1c6 | Generating return summary for setData_35
[INFO] | 2023-06-04 02:23:05 PM | analyzer.tx.origin_buggy_0x850c206043382e2c7615710846554c154425b1c6 | Return summary generated for setData_35
[INFO] | 2023-06-04 02:23:05 PM | analyzer.tx.origin_buggy_0x850c206043382e2c7615710846554c154425b1c6 | Range graph generated
[INFO] | 2023-06-04 02:23:05 PM | analyzer.tx.origin_buggy_0x850c206043382e2c7615710846554c154425b1c6 | Processed function setData_35
[INFO] | 2023-06-04 02:23:05 PM | analyzer.tx.origin_buggy_0x850c206043382e2c7615710846554c154425b1c6 | Generating return summary for setData_36
[INFO] | 2023-06-04 02:23:05 PM | analyzer.tx.origin_buggy_0x850c206043382e2c7615710846554c154425b1c6 | Return summary generated for setData_36
[INFO] | 2023-06-04 02:23:05 PM | analyzer.tx.origin_buggy_0x850c206043382e2c7615710846554c154425b1c6 | Range graph generated
[INFO] | 2023-06-04 02:23:05 PM | analyzer.tx.origin_buggy_0x850c206043382e2c7615710846554c154425b1c6 | Processed function setData_36
[INFO] | 2023-06-04 02:23:05 PM | analyzer.tx.origin_buggy_0x850c206043382e2c7615710846554c154425b1c6 | Generating return summary for setData_37
[INFO] | 2023-06-04 02:23:05 PM | analyzer.tx.origin_buggy_0x850c206043382e2c7615710846554c154425b1c6 | Return summary generated for setData_37
[INFO] | 2023-06-04 02:23:05 PM | analyzer.tx.origin_buggy_0x850c206043382e2c7615710846554c154425b1c6 | Range graph generated
[INFO] | 2023-06-04 02:23:05 PM | analyzer.tx.origin_buggy_0x850c206043382e2c7615710846554c154425b1c6 | Processed function setData_37
[INFO] | 2023-06-04 02:23:05 PM | analyzer.tx.origin_buggy_0x850c206043382e2c7615710846554c154425b1c6 | Generating return summary for setData_38
[INFO] | 2023-06-04 02:23:05 PM | analyzer.tx.origin_buggy_0x850c206043382e2c7615710846554c154425b1c6 | Return summary generated for setData_38
[INFO] | 2023-06-04 02:23:05 PM | analyzer.tx.origin_buggy_0x850c206043382e2c7615710846554c154425b1c6 | Range graph generated
[INFO] | 2023-06-04 02:23:05 PM | analyzer.tx.origin_buggy_0x850c206043382e2c7615710846554c154425b1c6 | Processed function setData_38
[INFO] | 2023-06-04 02:23:05 PM | analyzer.tx.origin_buggy_0x850c206043382e2c7615710846554c154425b1c6 | Generating return summary for setData_39
[INFO] | 2023-06-04 02:23:05 PM | analyzer.tx.origin_buggy_0x850c206043382e2c7615710846554c154425b1c6 | Return summary generated for setData_39
[INFO] | 2023-06-04 02:23:05 PM | analyzer.tx.origin_buggy_0x850c206043382e2c7615710846554c154425b1c6 | Range graph generated
[INFO] | 2023-06-04 02:23:05 PM | analyzer.tx.origin_buggy_0x850c206043382e2c7615710846554c154425b1c6 | Processed function setData_39
[INFO] | 2023-06-04 02:23:05 PM | analyzer.tx.origin_buggy_0x850c206043382e2c7615710846554c154425b1c6 | Generating return summary for setData_40
[INFO] | 2023-06-04 02:23:05 PM | analyzer.tx.origin_buggy_0x850c206043382e2c7615710846554c154425b1c6 | Return summary generated for setData_40
[INFO] | 2023-06-04 02:23:05 PM | analyzer.tx.origin_buggy_0x850c206043382e2c7615710846554c154425b1c6 | Range graph generated
[INFO] | 2023-06-04 02:23:05 PM | analyzer.tx.origin_buggy_0x850c206043382e2c7615710846554c154425b1c6 | Processed function setData_40
[INFO] | 2023-06-04 02:23:05 PM | analyzer.tx.origin_buggy_0x850c206043382e2c7615710846554c154425b1c6 | Value Range Analysis took 0.083220 seconds
[INFO] | 2023-06-04 02:23:05 PM | analyzer.tx.origin_buggy_0x850c206043382e2c7615710846554c154425b1c6 | Value Range Analysis finished
[INFO] | 2023-06-04 02:23:05 PM | analyzer.tx.origin_buggy_0x850c206043382e2c7615710846554c154425b1c6 | Storage dependency graph compostion started!
[INFO] | 2023-06-04 02:23:05 PM | analyzer.tx.origin_buggy_0x850c206043382e2c7615710846554c154425b1c6 | Storage dependency graph compostion finished!
[INFO] | 2023-06-04 02:23:05 PM | analyzer.tx.origin_buggy_0x850c206043382e2c7615710846554c154425b1c6 | Dependency detection started!
[INFO] | 2023-06-04 02:23:05 PM | analyzer.tx.origin_buggy_0x850c206043382e2c7615710846554c154425b1c6 | Dependency detection finished!
[INFO] | 2023-06-04 02:23:05 PM | analyzer.tx.origin_buggy_0x850c206043382e2c7615710846554c154425b1c6 | Static Analysis took 0.787021 seconds
[INFO] | 2023-06-04 02:23:05 PM | analyzer.tx.origin_buggy_0x850c206043382e2c7615710846554c154425b1c6 | Dependency does not exist
[INFO] | 2023-06-04 02:23:05 PM | analyzer.tx.origin_buggy_0x850c206043382e2c7615710846554c154425b1c6 | Symbolic execution is not needed!
[INFO] | 2023-06-04 02:23:05 PM | analyzer.tx.origin_buggy_0x850c206043382e2c7615710846554c154425b1c6 | Analysis finished!
[INFO] | 2023-06-04 02:23:05 PM | analyzer.tx.origin_buggy_0x850c206043382e2c7615710846554c154425b1c6 | Analysis took 0.787784 seconds
[INFO] | 2023-06-04 02:23:05 PM | analyzer.tx.origin_buggy_0x850c206043382e2c7615710846554c154425b1c6 | Analysis finished at: 2023-06-04 02:23:05 PM
