[INFO] | 2023-06-04 02:15:59 PM | analyzer.Overflow-Underflow_buggy_0xeb61e3077822705c2e0165892e68184b36cf8272 | Analysis started at: 2023-06-04 02:15:59 PM
[INFO] | 2023-06-04 02:15:59 PM | analyzer.Overflow-Underflow_buggy_0xeb61e3077822705c2e0165892e68184b36cf8272 | Version constraints: ['^0.4.26']
[INFO] | 2023-06-04 02:15:59 PM | analyzer.Overflow-Underflow_buggy_0xeb61e3077822705c2e0165892e68184b36cf8272 | solc version: v0.4.26
[INFO] | 2023-06-04 02:15:59 PM | analyzer.Overflow-Underflow_buggy_0xeb61e3077822705c2e0165892e68184b36cf8272 | Callgraph generation started!
[INFO] | 2023-06-04 02:15:59 PM | analyzer.Overflow-Underflow_buggy_0xeb61e3077822705c2e0165892e68184b36cf8272 | Callgraph generation finished!
[INFO] | 2023-06-04 02:15:59 PM | analyzer.Overflow-Underflow_buggy_0xeb61e3077822705c2e0165892e68184b36cf8272 | Interprocedural CFG generation started!
[INFO] | 2023-06-04 02:15:59 PM | analyzer.Overflow-Underflow_buggy_0xeb61e3077822705c2e0165892e68184b36cf8272 | Interprocedural CFG generation finished!
[INFO] | 2023-06-04 02:15:59 PM | analyzer.Overflow-Underflow_buggy_0xeb61e3077822705c2e0165892e68184b36cf8272 | Storage dependency graph generation started!
[INFO] | 2023-06-04 02:15:59 PM | analyzer.Overflow-Underflow_buggy_0xeb61e3077822705c2e0165892e68184b36cf8272 | Storage dependency graph generation finished!
[INFO] | 2023-06-04 02:15:59 PM | analyzer.Overflow-Underflow_buggy_0xeb61e3077822705c2e0165892e68184b36cf8272 | Value Range Analysis started
[INFO] | 2023-06-04 02:15:59 PM | analyzer.Overflow-Underflow_buggy_0xeb61e3077822705c2e0165892e68184b36cf8272 | Generating return summary for receiveApproval
[INFO] | 2023-06-04 02:15:59 PM | analyzer.Overflow-Underflow_buggy_0xeb61e3077822705c2e0165892e68184b36cf8272 | Return summary generated for receiveApproval
[INFO] | 2023-06-04 02:15:59 PM | analyzer.Overflow-Underflow_buggy_0xeb61e3077822705c2e0165892e68184b36cf8272 | State variable assignement do not exist
[INFO] | 2023-06-04 02:15:59 PM | analyzer.Overflow-Underflow_buggy_0xeb61e3077822705c2e0165892e68184b36cf8272 | Processed function receiveApproval
[INFO] | 2023-06-04 02:15:59 PM | analyzer.Overflow-Underflow_buggy_0xeb61e3077822705c2e0165892e68184b36cf8272 | Generating return summary for bug_intou16
[INFO] | 2023-06-04 02:15:59 PM | analyzer.Overflow-Underflow_buggy_0xeb61e3077822705c2e0165892e68184b36cf8272 | Return summary generated for bug_intou16
[INFO] | 2023-06-04 02:15:59 PM | analyzer.Overflow-Underflow_buggy_0xeb61e3077822705c2e0165892e68184b36cf8272 | State variable assignement do not exist
[INFO] | 2023-06-04 02:15:59 PM | analyzer.Overflow-Underflow_buggy_0xeb61e3077822705c2e0165892e68184b36cf8272 | Processed function bug_intou16
[INFO] | 2023-06-04 02:15:59 PM | analyzer.Overflow-Underflow_buggy_0xeb61e3077822705c2e0165892e68184b36cf8272 | Generating return summary for TokenERC20
[INFO] | 2023-06-04 02:15:59 PM | analyzer.Overflow-Underflow_buggy_0xeb61e3077822705c2e0165892e68184b36cf8272 | Return summary generated for TokenERC20
[INFO] | 2023-06-04 02:15:59 PM | analyzer.Overflow-Underflow_buggy_0xeb61e3077822705c2e0165892e68184b36cf8272 | Range graph generated
[INFO] | 2023-06-04 02:15:59 PM | analyzer.Overflow-Underflow_buggy_0xeb61e3077822705c2e0165892e68184b36cf8272 | Processed function TokenERC20
[INFO] | 2023-06-04 02:15:59 PM | analyzer.Overflow-Underflow_buggy_0xeb61e3077822705c2e0165892e68184b36cf8272 | Generating return summary for _transfer
[INFO] | 2023-06-04 02:15:59 PM | analyzer.Overflow-Underflow_buggy_0xeb61e3077822705c2e0165892e68184b36cf8272 | Return summary generated for _transfer
[INFO] | 2023-06-04 02:15:59 PM | analyzer.Overflow-Underflow_buggy_0xeb61e3077822705c2e0165892e68184b36cf8272 | Range graph generated
[INFO] | 2023-06-04 02:15:59 PM | analyzer.Overflow-Underflow_buggy_0xeb61e3077822705c2e0165892e68184b36cf8272 | Processed function _transfer
[INFO] | 2023-06-04 02:15:59 PM | analyzer.Overflow-Underflow_buggy_0xeb61e3077822705c2e0165892e68184b36cf8272 | Generating return summary for approve
[INFO] | 2023-06-04 02:15:59 PM | analyzer.Overflow-Underflow_buggy_0xeb61e3077822705c2e0165892e68184b36cf8272 | Return summary generated for approve
[INFO] | 2023-06-04 02:15:59 PM | analyzer.Overflow-Underflow_buggy_0xeb61e3077822705c2e0165892e68184b36cf8272 | Range graph generated
[INFO] | 2023-06-04 02:15:59 PM | analyzer.Overflow-Underflow_buggy_0xeb61e3077822705c2e0165892e68184b36cf8272 | Processed function approve
[INFO] | 2023-06-04 02:15:59 PM | analyzer.Overflow-Underflow_buggy_0xeb61e3077822705c2e0165892e68184b36cf8272 | Generating return summary for burn
[INFO] | 2023-06-04 02:15:59 PM | analyzer.Overflow-Underflow_buggy_0xeb61e3077822705c2e0165892e68184b36cf8272 | Return summary generated for burn
[INFO] | 2023-06-04 02:15:59 PM | analyzer.Overflow-Underflow_buggy_0xeb61e3077822705c2e0165892e68184b36cf8272 | Range graph generated
[INFO] | 2023-06-04 02:15:59 PM | analyzer.Overflow-Underflow_buggy_0xeb61e3077822705c2e0165892e68184b36cf8272 | Processed function burn
[INFO] | 2023-06-04 02:15:59 PM | analyzer.Overflow-Underflow_buggy_0xeb61e3077822705c2e0165892e68184b36cf8272 | Generating return summary for burnFrom
[INFO] | 2023-06-04 02:15:59 PM | analyzer.Overflow-Underflow_buggy_0xeb61e3077822705c2e0165892e68184b36cf8272 | Return summary generated for burnFrom
[INFO] | 2023-06-04 02:15:59 PM | analyzer.Overflow-Underflow_buggy_0xeb61e3077822705c2e0165892e68184b36cf8272 | Range graph generated
[INFO] | 2023-06-04 02:15:59 PM | analyzer.Overflow-Underflow_buggy_0xeb61e3077822705c2e0165892e68184b36cf8272 | Processed function burnFrom
[INFO] | 2023-06-04 02:15:59 PM | analyzer.Overflow-Underflow_buggy_0xeb61e3077822705c2e0165892e68184b36cf8272 | Generating return summary for slitherConstructorVariables
[INFO] | 2023-06-04 02:15:59 PM | analyzer.Overflow-Underflow_buggy_0xeb61e3077822705c2e0165892e68184b36cf8272 | Return summary generated for slitherConstructorVariables
[INFO] | 2023-06-04 02:15:59 PM | analyzer.Overflow-Underflow_buggy_0xeb61e3077822705c2e0165892e68184b36cf8272 | Range graph generated
[INFO] | 2023-06-04 02:15:59 PM | analyzer.Overflow-Underflow_buggy_0xeb61e3077822705c2e0165892e68184b36cf8272 | Processed function slitherConstructorVariables
[INFO] | 2023-06-04 02:15:59 PM | analyzer.Overflow-Underflow_buggy_0xeb61e3077822705c2e0165892e68184b36cf8272 | Generating return summary for approveAndCall
[INFO] | 2023-06-04 02:15:59 PM | analyzer.Overflow-Underflow_buggy_0xeb61e3077822705c2e0165892e68184b36cf8272 | Return summary generated for approveAndCall
[INFO] | 2023-06-04 02:15:59 PM | analyzer.Overflow-Underflow_buggy_0xeb61e3077822705c2e0165892e68184b36cf8272 | Range graph generated
[INFO] | 2023-06-04 02:15:59 PM | analyzer.Overflow-Underflow_buggy_0xeb61e3077822705c2e0165892e68184b36cf8272 | Processed function approveAndCall
[INFO] | 2023-06-04 02:15:59 PM | analyzer.Overflow-Underflow_buggy_0xeb61e3077822705c2e0165892e68184b36cf8272 | Generating return summary for transfer
[INFO] | 2023-06-04 02:15:59 PM | analyzer.Overflow-Underflow_buggy_0xeb61e3077822705c2e0165892e68184b36cf8272 | Return summary generated for transfer
[INFO] | 2023-06-04 02:15:59 PM | analyzer.Overflow-Underflow_buggy_0xeb61e3077822705c2e0165892e68184b36cf8272 | Range graph generated
[INFO] | 2023-06-04 02:15:59 PM | analyzer.Overflow-Underflow_buggy_0xeb61e3077822705c2e0165892e68184b36cf8272 | Processed function transfer
[INFO] | 2023-06-04 02:15:59 PM | analyzer.Overflow-Underflow_buggy_0xeb61e3077822705c2e0165892e68184b36cf8272 | Generating return summary for transferFrom
[INFO] | 2023-06-04 02:15:59 PM | analyzer.Overflow-Underflow_buggy_0xeb61e3077822705c2e0165892e68184b36cf8272 | Return summary generated for transferFrom
[INFO] | 2023-06-04 02:15:59 PM | analyzer.Overflow-Underflow_buggy_0xeb61e3077822705c2e0165892e68184b36cf8272 | Range graph generated
[INFO] | 2023-06-04 02:15:59 PM | analyzer.Overflow-Underflow_buggy_0xeb61e3077822705c2e0165892e68184b36cf8272 | Processed function transferFrom
[INFO] | 2023-06-04 02:15:59 PM | analyzer.Overflow-Underflow_buggy_0xeb61e3077822705c2e0165892e68184b36cf8272 | Value Range Analysis took 0.008482 seconds
[INFO] | 2023-06-04 02:15:59 PM | analyzer.Overflow-Underflow_buggy_0xeb61e3077822705c2e0165892e68184b36cf8272 | Value Range Analysis finished
[INFO] | 2023-06-04 02:15:59 PM | analyzer.Overflow-Underflow_buggy_0xeb61e3077822705c2e0165892e68184b36cf8272 | Storage dependency graph compostion started!
[INFO] | 2023-06-04 02:15:59 PM | analyzer.Overflow-Underflow_buggy_0xeb61e3077822705c2e0165892e68184b36cf8272 | Storage dependency graph compostion finished!
[INFO] | 2023-06-04 02:15:59 PM | analyzer.Overflow-Underflow_buggy_0xeb61e3077822705c2e0165892e68184b36cf8272 | Dependency detection started!
[INFO] | 2023-06-04 02:15:59 PM | analyzer.Overflow-Underflow_buggy_0xeb61e3077822705c2e0165892e68184b36cf8272 | Dependency detection finished!
[INFO] | 2023-06-04 02:15:59 PM | analyzer.Overflow-Underflow_buggy_0xeb61e3077822705c2e0165892e68184b36cf8272 | Static Analysis took 0.593341 seconds
[INFO] | 2023-06-04 02:15:59 PM | analyzer.Overflow-Underflow_buggy_0xeb61e3077822705c2e0165892e68184b36cf8272 | Dependency does not exist
[INFO] | 2023-06-04 02:15:59 PM | analyzer.Overflow-Underflow_buggy_0xeb61e3077822705c2e0165892e68184b36cf8272 | Symbolic execution is not needed!
[INFO] | 2023-06-04 02:15:59 PM | analyzer.Overflow-Underflow_buggy_0xeb61e3077822705c2e0165892e68184b36cf8272 | Analysis finished!
[INFO] | 2023-06-04 02:15:59 PM | analyzer.Overflow-Underflow_buggy_0xeb61e3077822705c2e0165892e68184b36cf8272 | Analysis took 0.593835 seconds
[INFO] | 2023-06-04 02:15:59 PM | analyzer.Overflow-Underflow_buggy_0xeb61e3077822705c2e0165892e68184b36cf8272 | Analysis finished at: 2023-06-04 02:15:59 PM
