[INFO] | 2023-06-04 02:21:22 PM | analyzer.Overflow-Underflow_buggy_0xb084080615fe46e5f2229d83178d32d0220be0d5 | Analysis started at: 2023-06-04 02:21:22 PM
[INFO] | 2023-06-04 02:21:22 PM | analyzer.Overflow-Underflow_buggy_0xb084080615fe46e5f2229d83178d32d0220be0d5 | Version constraints: ['^0.4.26']
[INFO] | 2023-06-04 02:21:22 PM | analyzer.Overflow-Underflow_buggy_0xb084080615fe46e5f2229d83178d32d0220be0d5 | solc version: v0.4.26
[INFO] | 2023-06-04 02:21:22 PM | analyzer.Overflow-Underflow_buggy_0xb084080615fe46e5f2229d83178d32d0220be0d5 | Callgraph generation started!
[INFO] | 2023-06-04 02:21:22 PM | analyzer.Overflow-Underflow_buggy_0xb084080615fe46e5f2229d83178d32d0220be0d5 | Callgraph generation finished!
[INFO] | 2023-06-04 02:21:22 PM | analyzer.Overflow-Underflow_buggy_0xb084080615fe46e5f2229d83178d32d0220be0d5 | Interprocedural CFG generation started!
[INFO] | 2023-06-04 02:21:23 PM | analyzer.Overflow-Underflow_buggy_0xb084080615fe46e5f2229d83178d32d0220be0d5 | Interprocedural CFG generation finished!
[INFO] | 2023-06-04 02:21:23 PM | analyzer.Overflow-Underflow_buggy_0xb084080615fe46e5f2229d83178d32d0220be0d5 | Storage dependency graph generation started!
[INFO] | 2023-06-04 02:21:23 PM | analyzer.Overflow-Underflow_buggy_0xb084080615fe46e5f2229d83178d32d0220be0d5 | Storage dependency graph generation finished!
[INFO] | 2023-06-04 02:21:23 PM | analyzer.Overflow-Underflow_buggy_0xb084080615fe46e5f2229d83178d32d0220be0d5 | Value Range Analysis started
[INFO] | 2023-06-04 02:21:23 PM | analyzer.Overflow-Underflow_buggy_0xb084080615fe46e5f2229d83178d32d0220be0d5 | Generating return summary for slitherConstructorConstantVariables
[INFO] | 2023-06-04 02:21:23 PM | analyzer.Overflow-Underflow_buggy_0xb084080615fe46e5f2229d83178d32d0220be0d5 | Return summary generated for slitherConstructorConstantVariables
[INFO] | 2023-06-04 02:21:23 PM | analyzer.Overflow-Underflow_buggy_0xb084080615fe46e5f2229d83178d32d0220be0d5 | Range graph generated
[INFO] | 2023-06-04 02:21:23 PM | analyzer.Overflow-Underflow_buggy_0xb084080615fe46e5f2229d83178d32d0220be0d5 | Processed function slitherConstructorConstantVariables
[INFO] | 2023-06-04 02:21:23 PM | analyzer.Overflow-Underflow_buggy_0xb084080615fe46e5f2229d83178d32d0220be0d5 | Generating return summary for mul
[INFO] | 2023-06-04 02:21:23 PM | analyzer.Overflow-Underflow_buggy_0xb084080615fe46e5f2229d83178d32d0220be0d5 | Return summary generated for mul
[INFO] | 2023-06-04 02:21:23 PM | analyzer.Overflow-Underflow_buggy_0xb084080615fe46e5f2229d83178d32d0220be0d5 | State variable assignement do not exist
[INFO] | 2023-06-04 02:21:23 PM | analyzer.Overflow-Underflow_buggy_0xb084080615fe46e5f2229d83178d32d0220be0d5 | Processed function mul
[INFO] | 2023-06-04 02:21:23 PM | analyzer.Overflow-Underflow_buggy_0xb084080615fe46e5f2229d83178d32d0220be0d5 | Generating return summary for div
[INFO] | 2023-06-04 02:21:23 PM | analyzer.Overflow-Underflow_buggy_0xb084080615fe46e5f2229d83178d32d0220be0d5 | Return summary generated for div
[INFO] | 2023-06-04 02:21:23 PM | analyzer.Overflow-Underflow_buggy_0xb084080615fe46e5f2229d83178d32d0220be0d5 | State variable assignement do not exist
[INFO] | 2023-06-04 02:21:23 PM | analyzer.Overflow-Underflow_buggy_0xb084080615fe46e5f2229d83178d32d0220be0d5 | Processed function div
[INFO] | 2023-06-04 02:21:23 PM | analyzer.Overflow-Underflow_buggy_0xb084080615fe46e5f2229d83178d32d0220be0d5 | Generating return summary for sub
[INFO] | 2023-06-04 02:21:23 PM | analyzer.Overflow-Underflow_buggy_0xb084080615fe46e5f2229d83178d32d0220be0d5 | Return summary generated for sub
[INFO] | 2023-06-04 02:21:23 PM | analyzer.Overflow-Underflow_buggy_0xb084080615fe46e5f2229d83178d32d0220be0d5 | State variable assignement do not exist
[INFO] | 2023-06-04 02:21:23 PM | analyzer.Overflow-Underflow_buggy_0xb084080615fe46e5f2229d83178d32d0220be0d5 | Processed function sub
[INFO] | 2023-06-04 02:21:23 PM | analyzer.Overflow-Underflow_buggy_0xb084080615fe46e5f2229d83178d32d0220be0d5 | Generating return summary for add
[INFO] | 2023-06-04 02:21:23 PM | analyzer.Overflow-Underflow_buggy_0xb084080615fe46e5f2229d83178d32d0220be0d5 | Return summary generated for add
[INFO] | 2023-06-04 02:21:23 PM | analyzer.Overflow-Underflow_buggy_0xb084080615fe46e5f2229d83178d32d0220be0d5 | State variable assignement do not exist
[INFO] | 2023-06-04 02:21:23 PM | analyzer.Overflow-Underflow_buggy_0xb084080615fe46e5f2229d83178d32d0220be0d5 | Processed function add
[INFO] | 2023-06-04 02:21:23 PM | analyzer.Overflow-Underflow_buggy_0xb084080615fe46e5f2229d83178d32d0220be0d5 | Generating return summary for mod
[INFO] | 2023-06-04 02:21:23 PM | analyzer.Overflow-Underflow_buggy_0xb084080615fe46e5f2229d83178d32d0220be0d5 | Return summary generated for mod
[INFO] | 2023-06-04 02:21:23 PM | analyzer.Overflow-Underflow_buggy_0xb084080615fe46e5f2229d83178d32d0220be0d5 | State variable assignement do not exist
[INFO] | 2023-06-04 02:21:23 PM | analyzer.Overflow-Underflow_buggy_0xb084080615fe46e5f2229d83178d32d0220be0d5 | Processed function mod
[INFO] | 2023-06-04 02:21:23 PM | analyzer.Overflow-Underflow_buggy_0xb084080615fe46e5f2229d83178d32d0220be0d5 | Generating return summary for bug_intou4
[INFO] | 2023-06-04 02:21:23 PM | analyzer.Overflow-Underflow_buggy_0xb084080615fe46e5f2229d83178d32d0220be0d5 | Return summary generated for bug_intou4
[INFO] | 2023-06-04 02:21:23 PM | analyzer.Overflow-Underflow_buggy_0xb084080615fe46e5f2229d83178d32d0220be0d5 | State variable assignement do not exist
[INFO] | 2023-06-04 02:21:23 PM | analyzer.Overflow-Underflow_buggy_0xb084080615fe46e5f2229d83178d32d0220be0d5 | Processed function bug_intou4
[INFO] | 2023-06-04 02:21:23 PM | analyzer.Overflow-Underflow_buggy_0xb084080615fe46e5f2229d83178d32d0220be0d5 | Generating return summary for constructor
[INFO] | 2023-06-04 02:21:23 PM | analyzer.Overflow-Underflow_buggy_0xb084080615fe46e5f2229d83178d32d0220be0d5 | Return summary generated for constructor
[INFO] | 2023-06-04 02:21:23 PM | analyzer.Overflow-Underflow_buggy_0xb084080615fe46e5f2229d83178d32d0220be0d5 | Range graph generated
[INFO] | 2023-06-04 02:21:23 PM | analyzer.Overflow-Underflow_buggy_0xb084080615fe46e5f2229d83178d32d0220be0d5 | Processed function constructor
[INFO] | 2023-06-04 02:21:23 PM | analyzer.Overflow-Underflow_buggy_0xb084080615fe46e5f2229d83178d32d0220be0d5 | Generating return summary for transfer
[INFO] | 2023-06-04 02:21:23 PM | analyzer.Overflow-Underflow_buggy_0xb084080615fe46e5f2229d83178d32d0220be0d5 | Return summary generated for transfer
[INFO] | 2023-06-04 02:21:23 PM | analyzer.Overflow-Underflow_buggy_0xb084080615fe46e5f2229d83178d32d0220be0d5 | Range graph generated
[INFO] | 2023-06-04 02:21:23 PM | analyzer.Overflow-Underflow_buggy_0xb084080615fe46e5f2229d83178d32d0220be0d5 | Processed function transfer
[INFO] | 2023-06-04 02:21:23 PM | analyzer.Overflow-Underflow_buggy_0xb084080615fe46e5f2229d83178d32d0220be0d5 | Generating return summary for transferFrom
[INFO] | 2023-06-04 02:21:23 PM | analyzer.Overflow-Underflow_buggy_0xb084080615fe46e5f2229d83178d32d0220be0d5 | Return summary generated for transferFrom
[INFO] | 2023-06-04 02:21:23 PM | analyzer.Overflow-Underflow_buggy_0xb084080615fe46e5f2229d83178d32d0220be0d5 | Range graph generated
[INFO] | 2023-06-04 02:21:23 PM | analyzer.Overflow-Underflow_buggy_0xb084080615fe46e5f2229d83178d32d0220be0d5 | Processed function transferFrom
[INFO] | 2023-06-04 02:21:23 PM | analyzer.Overflow-Underflow_buggy_0xb084080615fe46e5f2229d83178d32d0220be0d5 | Generating return summary for balanceOf
[INFO] | 2023-06-04 02:21:23 PM | analyzer.Overflow-Underflow_buggy_0xb084080615fe46e5f2229d83178d32d0220be0d5 | Return summary generated for balanceOf
[INFO] | 2023-06-04 02:21:23 PM | analyzer.Overflow-Underflow_buggy_0xb084080615fe46e5f2229d83178d32d0220be0d5 | State variable assignement do not exist
[INFO] | 2023-06-04 02:21:23 PM | analyzer.Overflow-Underflow_buggy_0xb084080615fe46e5f2229d83178d32d0220be0d5 | Processed function balanceOf
[INFO] | 2023-06-04 02:21:23 PM | analyzer.Overflow-Underflow_buggy_0xb084080615fe46e5f2229d83178d32d0220be0d5 | Generating return summary for approve
[INFO] | 2023-06-04 02:21:23 PM | analyzer.Overflow-Underflow_buggy_0xb084080615fe46e5f2229d83178d32d0220be0d5 | Return summary generated for approve
[INFO] | 2023-06-04 02:21:23 PM | analyzer.Overflow-Underflow_buggy_0xb084080615fe46e5f2229d83178d32d0220be0d5 | Range graph generated
[INFO] | 2023-06-04 02:21:23 PM | analyzer.Overflow-Underflow_buggy_0xb084080615fe46e5f2229d83178d32d0220be0d5 | Processed function approve
[INFO] | 2023-06-04 02:21:23 PM | analyzer.Overflow-Underflow_buggy_0xb084080615fe46e5f2229d83178d32d0220be0d5 | Generating return summary for allowance
[INFO] | 2023-06-04 02:21:23 PM | analyzer.Overflow-Underflow_buggy_0xb084080615fe46e5f2229d83178d32d0220be0d5 | Return summary generated for allowance
[INFO] | 2023-06-04 02:21:23 PM | analyzer.Overflow-Underflow_buggy_0xb084080615fe46e5f2229d83178d32d0220be0d5 | State variable assignement do not exist
[INFO] | 2023-06-04 02:21:23 PM | analyzer.Overflow-Underflow_buggy_0xb084080615fe46e5f2229d83178d32d0220be0d5 | Processed function allowance
[INFO] | 2023-06-04 02:21:23 PM | analyzer.Overflow-Underflow_buggy_0xb084080615fe46e5f2229d83178d32d0220be0d5 | Generating return summary for slitherConstructorVariables
[INFO] | 2023-06-04 02:21:23 PM | analyzer.Overflow-Underflow_buggy_0xb084080615fe46e5f2229d83178d32d0220be0d5 | Return summary generated for slitherConstructorVariables
[INFO] | 2023-06-04 02:21:23 PM | analyzer.Overflow-Underflow_buggy_0xb084080615fe46e5f2229d83178d32d0220be0d5 | Range graph generated
[INFO] | 2023-06-04 02:21:23 PM | analyzer.Overflow-Underflow_buggy_0xb084080615fe46e5f2229d83178d32d0220be0d5 | Processed function slitherConstructorVariables
[INFO] | 2023-06-04 02:21:23 PM | analyzer.Overflow-Underflow_buggy_0xb084080615fe46e5f2229d83178d32d0220be0d5 | Generating return summary for onlyOwner
[INFO] | 2023-06-04 02:21:23 PM | analyzer.Overflow-Underflow_buggy_0xb084080615fe46e5f2229d83178d32d0220be0d5 | Return summary generated for onlyOwner
[INFO] | 2023-06-04 02:21:23 PM | analyzer.Overflow-Underflow_buggy_0xb084080615fe46e5f2229d83178d32d0220be0d5 | State variable assignement do not exist
[INFO] | 2023-06-04 02:21:23 PM | analyzer.Overflow-Underflow_buggy_0xb084080615fe46e5f2229d83178d32d0220be0d5 | Processed function onlyOwner
[INFO] | 2023-06-04 02:21:23 PM | analyzer.Overflow-Underflow_buggy_0xb084080615fe46e5f2229d83178d32d0220be0d5 | Generating return summary for setLock
[INFO] | 2023-06-04 02:21:23 PM | analyzer.Overflow-Underflow_buggy_0xb084080615fe46e5f2229d83178d32d0220be0d5 | Return summary generated for setLock
[INFO] | 2023-06-04 02:21:23 PM | analyzer.Overflow-Underflow_buggy_0xb084080615fe46e5f2229d83178d32d0220be0d5 | Range graph generated
[INFO] | 2023-06-04 02:21:23 PM | analyzer.Overflow-Underflow_buggy_0xb084080615fe46e5f2229d83178d32d0220be0d5 | Processed function setLock
[INFO] | 2023-06-04 02:21:23 PM | analyzer.Overflow-Underflow_buggy_0xb084080615fe46e5f2229d83178d32d0220be0d5 | Generating return summary for transferOwnership
[INFO] | 2023-06-04 02:21:23 PM | analyzer.Overflow-Underflow_buggy_0xb084080615fe46e5f2229d83178d32d0220be0d5 | Return summary generated for transferOwnership
[INFO] | 2023-06-04 02:21:23 PM | analyzer.Overflow-Underflow_buggy_0xb084080615fe46e5f2229d83178d32d0220be0d5 | Range graph generated
[INFO] | 2023-06-04 02:21:23 PM | analyzer.Overflow-Underflow_buggy_0xb084080615fe46e5f2229d83178d32d0220be0d5 | Processed function transferOwnership
[INFO] | 2023-06-04 02:21:23 PM | analyzer.Overflow-Underflow_buggy_0xb084080615fe46e5f2229d83178d32d0220be0d5 | Value Range Analysis took 0.015090 seconds
[INFO] | 2023-06-04 02:21:23 PM | analyzer.Overflow-Underflow_buggy_0xb084080615fe46e5f2229d83178d32d0220be0d5 | Value Range Analysis finished
[INFO] | 2023-06-04 02:21:23 PM | analyzer.Overflow-Underflow_buggy_0xb084080615fe46e5f2229d83178d32d0220be0d5 | Storage dependency graph compostion started!
[INFO] | 2023-06-04 02:21:23 PM | analyzer.Overflow-Underflow_buggy_0xb084080615fe46e5f2229d83178d32d0220be0d5 | Storage dependency graph compostion finished!
[INFO] | 2023-06-04 02:21:23 PM | analyzer.Overflow-Underflow_buggy_0xb084080615fe46e5f2229d83178d32d0220be0d5 | Dependency detection started!
[INFO] | 2023-06-04 02:21:23 PM | analyzer.Overflow-Underflow_buggy_0xb084080615fe46e5f2229d83178d32d0220be0d5 | Dependency detection finished!
[INFO] | 2023-06-04 02:21:23 PM | analyzer.Overflow-Underflow_buggy_0xb084080615fe46e5f2229d83178d32d0220be0d5 | Static Analysis took 0.574453 seconds
[INFO] | 2023-06-04 02:21:23 PM | analyzer.Overflow-Underflow_buggy_0xb084080615fe46e5f2229d83178d32d0220be0d5 | Dependency does not exist
[INFO] | 2023-06-04 02:21:23 PM | analyzer.Overflow-Underflow_buggy_0xb084080615fe46e5f2229d83178d32d0220be0d5 | Symbolic execution is not needed!
[INFO] | 2023-06-04 02:21:23 PM | analyzer.Overflow-Underflow_buggy_0xb084080615fe46e5f2229d83178d32d0220be0d5 | Analysis finished!
[INFO] | 2023-06-04 02:21:23 PM | analyzer.Overflow-Underflow_buggy_0xb084080615fe46e5f2229d83178d32d0220be0d5 | Analysis took 0.575029 seconds
[INFO] | 2023-06-04 02:21:23 PM | analyzer.Overflow-Underflow_buggy_0xb084080615fe46e5f2229d83178d32d0220be0d5 | Analysis finished at: 2023-06-04 02:21:23 PM
